Command line invocation:
    /Applications/Xcode.app/Contents/Developer/usr/bin/xcodebuild -project SGFPlayer3D.xcodeproj -scheme SGFPlayer3D -configuration Debug build

--- xcodebuild: WARNING: Using the first of multiple matching destinations:
{ platform:macOS, arch:arm64, id:00006001-001271800A02801E, name:My Mac }
{ platform:macOS, arch:x86_64, id:00006001-001271800A02801E, name:My Mac }
{ platform:macOS, name:Any Mac }
ComputePackagePrebuildTargetDependencyGraph

Prepare packages

CreateBuildRequest

SendProjectDescription

CreateBuildOperation

ComputeTargetDependencyGraph
note: Building targets in dependency order
note: Target dependency graph (1 target)
    Target 'SGFPlayer3D' in project 'SGFPlayer3D' (no dependencies)

GatherProvisioningInputs

CreateBuildDescription

ExecuteExternalTool /Applications/Xcode.app/Contents/Developer/Toolchains/XcodeDefault.xctoolchain/usr/bin/clang -v -E -dM -isysroot /Applications/Xcode.app/Contents/Developer/Platforms/MacOSX.platform/Developer/SDKs/MacOSX15.5.sdk -x c -c /dev/null

ExecuteExternalTool /Applications/Xcode.app/Contents/Developer/usr/bin/actool --version --output-format xml1

ExecuteExternalTool /Applications/Xcode.app/Contents/Developer/Toolchains/XcodeDefault.xctoolchain/usr/bin/swiftc --version

ExecuteExternalTool /Applications/Xcode.app/Contents/Developer/Toolchains/XcodeDefault.xctoolchain/usr/bin/ld -version_details

Build description signature: 5d7bc424027208b8d233c67579c94313
Build description path: /Users/dave/Library/Developer/Xcode/DerivedData/SGFPlayer3D-clytobqxdmoqeccwzekaxegwfyjh/Build/Intermediates.noindex/XCBuildData/5d7bc424027208b8d233c67579c94313.xcbuilddata
ClangStatCache /Applications/Xcode.app/Contents/Developer/Toolchains/XcodeDefault.xctoolchain/usr/bin/clang-stat-cache /Applications/Xcode.app/Contents/Developer/Platforms/MacOSX.platform/Developer/SDKs/MacOSX15.5.sdk /Users/dave/Library/Developer/Xcode/DerivedData/SDKStatCaches.noindex/macosx15.5-24F74-8254517eb8b97d462ccbc072ba9094c9.sdkstatcache
    cd /Users/Dave/Go/SGFPlayer\ Code/SGFPlayer3D/SGFPlayer3D.xcodeproj
    /Applications/Xcode.app/Contents/Developer/Toolchains/XcodeDefault.xctoolchain/usr/bin/clang-stat-cache /Applications/Xcode.app/Contents/Developer/Platforms/MacOSX.platform/Developer/SDKs/MacOSX15.5.sdk -o /Users/dave/Library/Developer/Xcode/DerivedData/SDKStatCaches.noindex/macosx15.5-24F74-8254517eb8b97d462ccbc072ba9094c9.sdkstatcache

WriteAuxiliaryFile /Users/dave/Library/Developer/Xcode/DerivedData/SGFPlayer3D-clytobqxdmoqeccwzekaxegwfyjh/Build/Intermediates.noindex/SGFPlayer3D.build/Debug/SGFPlayer3D.build/Objects-normal/arm64/SGFPlayer3D.SwiftConstValuesFileList (in target 'SGFPlayer3D' from project 'SGFPlayer3D')
    cd /Users/Dave/Go/SGFPlayer\ Code/SGFPlayer3D
    write-file /Users/dave/Library/Developer/Xcode/DerivedData/SGFPlayer3D-clytobqxdmoqeccwzekaxegwfyjh/Build/Intermediates.noindex/SGFPlayer3D.build/Debug/SGFPlayer3D.build/Objects-normal/arm64/SGFPlayer3D.SwiftConstValuesFileList

WriteAuxiliaryFile /Users/dave/Library/Developer/Xcode/DerivedData/SGFPlayer3D-clytobqxdmoqeccwzekaxegwfyjh/Build/Intermediates.noindex/SGFPlayer3D.build/Debug/SGFPlayer3D.build/Objects-normal/arm64/SGFPlayer3D.SwiftFileList (in target 'SGFPlayer3D' from project 'SGFPlayer3D')
    cd /Users/Dave/Go/SGFPlayer\ Code/SGFPlayer3D
    write-file /Users/dave/Library/Developer/Xcode/DerivedData/SGFPlayer3D-clytobqxdmoqeccwzekaxegwfyjh/Build/Intermediates.noindex/SGFPlayer3D.build/Debug/SGFPlayer3D.build/Objects-normal/arm64/SGFPlayer3D.SwiftFileList

ProcessProductPackaging /Users/Dave/Go/SGFPlayer\ Code/SGFPlayer3D/SGFPlayer3D/SGFPlayer3D.entitlements /Users/dave/Library/Developer/Xcode/DerivedData/SGFPlayer3D-clytobqxdmoqeccwzekaxegwfyjh/Build/Intermediates.noindex/SGFPlayer3D.build/Debug/SGFPlayer3D.build/SGFPlayer3D.app.xcent (in target 'SGFPlayer3D' from project 'SGFPlayer3D')
    cd /Users/Dave/Go/SGFPlayer\ Code/SGFPlayer3D
    
    Entitlements:
    
    {
    "com.apple.security.app-sandbox" = 0;
    "com.apple.security.assets.movies.read-only" = 1;
    "com.apple.security.assets.music.read-only" = 1;
    "com.apple.security.assets.pictures.read-only" = 1;
    "com.apple.security.files.bookmarks.app-scope" = 1;
    "com.apple.security.files.downloads.read-only" = 1;
    "com.apple.security.files.user-selected.read-only" = 1;
    "com.apple.security.get-task-allow" = 1;
    "com.apple.security.network.client" = 1;
    "com.apple.security.personal-information.addressbook" = 1;
}
    
    builtin-productPackagingUtility /Users/Dave/Go/SGFPlayer\ Code/SGFPlayer3D/SGFPlayer3D/SGFPlayer3D.entitlements -entitlements -format xml -o /Users/dave/Library/Developer/Xcode/DerivedData/SGFPlayer3D-clytobqxdmoqeccwzekaxegwfyjh/Build/Intermediates.noindex/SGFPlayer3D.build/Debug/SGFPlayer3D.build/SGFPlayer3D.app.xcent

WriteAuxiliaryFile /Users/dave/Library/Developer/Xcode/DerivedData/SGFPlayer3D-clytobqxdmoqeccwzekaxegwfyjh/Build/Intermediates.noindex/SGFPlayer3D.build/Debug/SGFPlayer3D.build/Objects-normal/arm64/SGFPlayer3D.LinkFileList (in target 'SGFPlayer3D' from project 'SGFPlayer3D')
    cd /Users/Dave/Go/SGFPlayer\ Code/SGFPlayer3D
    write-file /Users/dave/Library/Developer/Xcode/DerivedData/SGFPlayer3D-clytobqxdmoqeccwzekaxegwfyjh/Build/Intermediates.noindex/SGFPlayer3D.build/Debug/SGFPlayer3D.build/Objects-normal/arm64/SGFPlayer3D.LinkFileList

ProcessProductPackagingDER /Users/dave/Library/Developer/Xcode/DerivedData/SGFPlayer3D-clytobqxdmoqeccwzekaxegwfyjh/Build/Intermediates.noindex/SGFPlayer3D.build/Debug/SGFPlayer3D.build/SGFPlayer3D.app.xcent /Users/dave/Library/Developer/Xcode/DerivedData/SGFPlayer3D-clytobqxdmoqeccwzekaxegwfyjh/Build/Intermediates.noindex/SGFPlayer3D.build/Debug/SGFPlayer3D.build/SGFPlayer3D.app.xcent.der (in target 'SGFPlayer3D' from project 'SGFPlayer3D')
    cd /Users/Dave/Go/SGFPlayer\ Code/SGFPlayer3D
    /usr/bin/derq query -f xml -i /Users/dave/Library/Developer/Xcode/DerivedData/SGFPlayer3D-clytobqxdmoqeccwzekaxegwfyjh/Build/Intermediates.noindex/SGFPlayer3D.build/Debug/SGFPlayer3D.build/SGFPlayer3D.app.xcent -o /Users/dave/Library/Developer/Xcode/DerivedData/SGFPlayer3D-clytobqxdmoqeccwzekaxegwfyjh/Build/Intermediates.noindex/SGFPlayer3D.build/Debug/SGFPlayer3D.build/SGFPlayer3D.app.xcent.der --raw

SwiftDriver SGFPlayer3D normal arm64 com.apple.xcode.tools.swift.compiler (in target 'SGFPlayer3D' from project 'SGFPlayer3D')
    cd /Users/Dave/Go/SGFPlayer\ Code/SGFPlayer3D
    builtin-SwiftDriver -- /Applications/Xcode.app/Contents/Developer/Toolchains/XcodeDefault.xctoolchain/usr/bin/swiftc -module-name SGFPlayer3D -Onone -enforce-exclusivity\=checked @/Users/dave/Library/Developer/Xcode/DerivedData/SGFPlayer3D-clytobqxdmoqeccwzekaxegwfyjh/Build/Intermediates.noindex/SGFPlayer3D.build/Debug/SGFPlayer3D.build/Objects-normal/arm64/SGFPlayer3D.SwiftFileList -DDEBUG -enable-bare-slash-regex -enable-experimental-feature DebugDescriptionMacro -sdk /Applications/Xcode.app/Contents/Developer/Platforms/MacOSX.platform/Developer/SDKs/MacOSX15.5.sdk -target arm64-apple-macos15.5 -g -module-cache-path /Users/dave/Library/Developer/Xcode/DerivedData/ModuleCache.noindex -Xfrontend -serialize-debugging-options -enable-testing -index-store-path /Users/dave/Library/Developer/Xcode/DerivedData/SGFPlayer3D-clytobqxdmoqeccwzekaxegwfyjh/Index.noindex/DataStore -swift-version 5 -I /Users/dave/Library/Developer/Xcode/DerivedData/SGFPlayer3D-clytobqxdmoqeccwzekaxegwfyjh/Build/Products/Debug -F /Users/dave/Library/Developer/Xcode/DerivedData/SGFPlayer3D-clytobqxdmoqeccwzekaxegwfyjh/Build/Products/Debug -emit-localized-strings -emit-localized-strings-path /Users/dave/Library/Developer/Xcode/DerivedData/SGFPlayer3D-clytobqxdmoqeccwzekaxegwfyjh/Build/Intermediates.noindex/SGFPlayer3D.build/Debug/SGFPlayer3D.build/Objects-normal/arm64 -c -j10 -enable-batch-mode -incremental -Xcc -ivfsstatcache -Xcc /Users/dave/Library/Developer/Xcode/DerivedData/SDKStatCaches.noindex/macosx15.5-24F74-8254517eb8b97d462ccbc072ba9094c9.sdkstatcache -output-file-map /Users/dave/Library/Developer/Xcode/DerivedData/SGFPlayer3D-clytobqxdmoqeccwzekaxegwfyjh/Build/Intermediates.noindex/SGFPlayer3D.build/Debug/SGFPlayer3D.build/Objects-normal/arm64/SGFPlayer3D-OutputFileMap.json -use-frontend-parseable-output -save-temps -no-color-diagnostics -serialize-diagnostics -emit-dependencies -emit-module -emit-module-path /Users/dave/Library/Developer/Xcode/DerivedData/SGFPlayer3D-clytobqxdmoqeccwzekaxegwfyjh/Build/Intermediates.noindex/SGFPlayer3D.build/Debug/SGFPlayer3D.build/Objects-normal/arm64/SGFPlayer3D.swiftmodule -validate-clang-modules-once -clang-build-session-file /Users/dave/Library/Developer/Xcode/DerivedData/ModuleCache.noindex/Session.modulevalidation -Xcc -I/Users/dave/Library/Developer/Xcode/DerivedData/SGFPlayer3D-clytobqxdmoqeccwzekaxegwfyjh/Build/Intermediates.noindex/SGFPlayer3D.build/Debug/SGFPlayer3D.build/swift-overrides.hmap -emit-const-values -Xfrontend -const-gather-protocols-file -Xfrontend /Users/dave/Library/Developer/Xcode/DerivedData/SGFPlayer3D-clytobqxdmoqeccwzekaxegwfyjh/Build/Intermediates.noindex/SGFPlayer3D.build/Debug/SGFPlayer3D.build/Objects-normal/arm64/SGFPlayer3D_const_extract_protocols.json -Xcc -iquote -Xcc /Users/dave/Library/Developer/Xcode/DerivedData/SGFPlayer3D-clytobqxdmoqeccwzekaxegwfyjh/Build/Intermediates.noindex/SGFPlayer3D.build/Debug/SGFPlayer3D.build/SGFPlayer3D-generated-files.hmap -Xcc -I/Users/dave/Library/Developer/Xcode/DerivedData/SGFPlayer3D-clytobqxdmoqeccwzekaxegwfyjh/Build/Intermediates.noindex/SGFPlayer3D.build/Debug/SGFPlayer3D.build/SGFPlayer3D-own-target-headers.hmap -Xcc -I/Users/dave/Library/Developer/Xcode/DerivedData/SGFPlayer3D-clytobqxdmoqeccwzekaxegwfyjh/Build/Intermediates.noindex/SGFPlayer3D.build/Debug/SGFPlayer3D.build/SGFPlayer3D-all-target-headers.hmap -Xcc -iquote -Xcc /Users/dave/Library/Developer/Xcode/DerivedData/SGFPlayer3D-clytobqxdmoqeccwzekaxegwfyjh/Build/Intermediates.noindex/SGFPlayer3D.build/Debug/SGFPlayer3D.build/SGFPlayer3D-project-headers.hmap -Xcc -I/Users/dave/Library/Developer/Xcode/DerivedData/SGFPlayer3D-clytobqxdmoqeccwzekaxegwfyjh/Build/Products/Debug/include -Xcc -I/Users/dave/Library/Developer/Xcode/DerivedData/SGFPlayer3D-clytobqxdmoqeccwzekaxegwfyjh/Build/Intermediates.noindex/SGFPlayer3D.build/Debug/SGFPlayer3D.build/DerivedSources-normal/arm64 -Xcc -I/Users/dave/Library/Developer/Xcode/DerivedData/SGFPlayer3D-clytobqxdmoqeccwzekaxegwfyjh/Build/Intermediates.noindex/SGFPlayer3D.build/Debug/SGFPlayer3D.build/DerivedSources/arm64 -Xcc -I/Users/dave/Library/Developer/Xcode/DerivedData/SGFPlayer3D-clytobqxdmoqeccwzekaxegwfyjh/Build/Intermediates.noindex/SGFPlayer3D.build/Debug/SGFPlayer3D.build/DerivedSources -Xcc -DDEBUG\=1 -emit-objc-header -emit-objc-header-path /Users/dave/Library/Developer/Xcode/DerivedData/SGFPlayer3D-clytobqxdmoqeccwzekaxegwfyjh/Build/Intermediates.noindex/SGFPlayer3D.build/Debug/SGFPlayer3D.build/Objects-normal/arm64/SGFPlayer3D-Swift.h -working-directory /Users/Dave/Go/SGFPlayer\ Code/SGFPlayer3D -experimental-emit-module-separately -disable-cmo

ProcessInfoPlistFile /Users/dave/Library/Developer/Xcode/DerivedData/SGFPlayer3D-clytobqxdmoqeccwzekaxegwfyjh/Build/Products/Debug/SGFPlayer3D.app/Contents/Info.plist /Users/dave/Library/Developer/Xcode/DerivedData/SGFPlayer3D-clytobqxdmoqeccwzekaxegwfyjh/Build/Intermediates.noindex/SGFPlayer3D.build/Debug/SGFPlayer3D.build/empty-SGFPlayer3D.plist (in target 'SGFPlayer3D' from project 'SGFPlayer3D')
    cd /Users/Dave/Go/SGFPlayer\ Code/SGFPlayer3D
    builtin-infoPlistUtility /Users/dave/Library/Developer/Xcode/DerivedData/SGFPlayer3D-clytobqxdmoqeccwzekaxegwfyjh/Build/Intermediates.noindex/SGFPlayer3D.build/Debug/SGFPlayer3D.build/empty-SGFPlayer3D.plist -producttype com.apple.product-type.application -genpkginfo /Users/dave/Library/Developer/Xcode/DerivedData/SGFPlayer3D-clytobqxdmoqeccwzekaxegwfyjh/Build/Products/Debug/SGFPlayer3D.app/Contents/PkgInfo -expandbuildsettings -platform macosx -additionalcontentfile /Users/dave/Library/Developer/Xcode/DerivedData/SGFPlayer3D-clytobqxdmoqeccwzekaxegwfyjh/Build/Intermediates.noindex/SGFPlayer3D.build/Debug/SGFPlayer3D.build/assetcatalog_generated_info.plist -o /Users/dave/Library/Developer/Xcode/DerivedData/SGFPlayer3D-clytobqxdmoqeccwzekaxegwfyjh/Build/Products/Debug/SGFPlayer3D.app/Contents/Info.plist

SwiftCompile normal arm64 Compiling\ ContentView3D.swift /Users/Dave/Go/SGFPlayer\ Code/SGFPlayer3D/SGFPlayer3D/ContentView3D.swift (in target 'SGFPlayer3D' from project 'SGFPlayer3D')

SwiftCompile normal arm64 /Users/Dave/Go/SGFPlayer\ Code/SGFPlayer3D/SGFPlayer3D/ContentView3D.swift (in target 'SGFPlayer3D' from project 'SGFPlayer3D')
    cd /Users/Dave/Go/SGFPlayer\ Code/SGFPlayer3D
    
/Users/Dave/Go/SGFPlayer Code/SGFPlayer3D/SGFPlayer3D/ContentView3D.swift:130:32: error: cannot convert value of type 'Double' to expected argument type 'Float'
                    rotationX: rotationX,
                               ^
                               Float(   )
/Users/Dave/Go/SGFPlayer Code/SGFPlayer3D/SGFPlayer3D/ContentView3D.swift:131:32: error: cannot convert value of type 'Double' to expected argument type 'Float'
                    rotationY: rotationY,
                               ^
                               Float(   )
/Users/Dave/Go/SGFPlayer Code/SGFPlayer3D/SGFPlayer3D/ContentView3D.swift:156:28: error: cannot convert value of type 'Double' to expected argument type 'Float'
                rotationX: rotationX,
                           ^
                           Float(   )
/Users/Dave/Go/SGFPlayer Code/SGFPlayer3D/SGFPlayer3D/ContentView3D.swift:157:28: error: cannot convert value of type 'Double' to expected argument type 'Float'
                rotationY: rotationY,
                           ^
                           Float(   )
/Users/Dave/Go/SGFPlayer Code/SGFPlayer3D/SGFPlayer3D/ContentView3D.swift:172:28: error: cannot convert value of type 'Double' to expected argument type 'Float'
                rotationX: rotationX,
                           ^
                           Float(   )
/Users/Dave/Go/SGFPlayer Code/SGFPlayer3D/SGFPlayer3D/ContentView3D.swift:173:28: error: cannot convert value of type 'Double' to expected argument type 'Float'
                rotationY: rotationY,
                           ^
                           Float(   )
/Users/Dave/Go/SGFPlayer Code/SGFPlayer3D/SGFPlayer3D/ContentView3D.swift:301:25: error: the compiler is unable to type-check this expression in reasonable time; try breaking up the expression into distinct sub-expressions
    var body: some View {
                        ^
/Users/Dave/Go/SGFPlayer Code/SGFPlayer3D/SGFPlayer3D/ContentView3D.swift:1015:16: warning: immutable value 'whitePlayerID' was never used; consider replacing with '_' or removing it
           let whitePlayerID = userInfo["whitePlayerID"] as? Int {
           ~~~~^~~~~~~~~~~~~
           _
/Users/Dave/Go/SGFPlayer Code/SGFPlayer3D/SGFPlayer3D/ContentView3D.swift:1078:24: error: cannot convert value of type 'Double' to expected argument type 'Float'
            rotationX: currentRotationX,
                       ^
                       Float(          )
/Users/Dave/Go/SGFPlayer Code/SGFPlayer3D/SGFPlayer3D/ContentView3D.swift:1079:24: error: cannot convert value of type 'Double' to expected argument type 'Float'
            rotationY: currentRotationY,
                       ^
                       Float(          )
/Users/Dave/Go/SGFPlayer Code/SGFPlayer3D/SGFPlayer3D/ContentView3D.swift:1094:89: error: 'weak' may only be applied to class and class-bound protocol types, not 'ContentView3D'
        clockTimer = Timer.scheduledTimer(withTimeInterval: 1.0, repeats: true) { [weak self] _ in
                                                                                        ^
/Users/Dave/Go/SGFPlayer Code/SGFPlayer3D/SGFPlayer3D/ContentView3D.swift:1094:89: warning: variable 'self' was never mutated; consider changing to 'let' constant
        clockTimer = Timer.scheduledTimer(withTimeInterval: 1.0, repeats: true) { [weak self] _ in
                                                                                        ^

Failed frontend command:
/Applications/Xcode.app/Contents/Developer/Toolchains/XcodeDefault.xctoolchain/usr/bin/swift-frontend -frontend -c /Users/Dave/Go/SGFPlayer\ Code/SGFPlayer3D/SGFPlayer3D/Cache/CacheManager.swift /Users/Dave/Go/SGFPlayer\ Code/SGFPlayer3D/SGFPlayer3D/ViewModels/UIStateViewModel.swift /Users/Dave/Go/SGFPlayer\ Code/SGFPlayer3D/SGFPlayer3D/BoardViewport.swift /Users/Dave/Go/SGFPlayer\ Code/SGFPlayer3D/SGFPlayer3D/SGFPlayer3DApp.swift /Users/Dave/Go/SGFPlayer\ Code/SGFPlayer3D/SGFPlayer3D/Views/NativeTextFieldTest.swift /Users/Dave/Go/SGFPlayer\ Code/SGFPlayer3D/SGFPlayer3D/ContentView.swift /Users/Dave/Go/SGFPlayer\ Code/SGFPlayer3D/SGFPlayer3D/Physics/GroupDropPhysicsModel.swift /Users/Dave/Go/SGFPlayer\ Code/SGFPlayer3D/SGFPlayer3D/Views/SettingsPanelView.swift /Users/Dave/Go/SGFPlayer\ Code/SGFPlayer3D/SGFPlayer3D/Views/AppKitTextWindow.swift /Users/Dave/Go/SGFPlayer\ Code/SGFPlayer3D/SGFPlayer3D/Integration/PhysicsIntegrationDemo.swift /Users/Dave/Go/SGFPlayer\ Code/SGFPlayer3D/SGFPlayer3D/Utils/DebugConfig.swift /Users/Dave/Go/SGFPlayer\ Code/SGFPlayer3D/SGFPlayer3D/SGFPlayerEngine.swift /Users/Dave/Go/SGFPlayer\ Code/SGFPlayer3D/SGFPlayer3D/Physics/SpiralPhysicsModel.swift /Users/Dave/Go/SGFPlayer\ Code/SGFPlayer3D/SGFPlayer3D/Views/SearchWindowController.swift /Users/Dave/Go/SGFPlayer\ Code/SGFPlayer3D/SGFPlayer3D/BowlView.swift -primary-file /Users/Dave/Go/SGFPlayer\ Code/SGFPlayer3D/SGFPlayer3D/ContentView3D.swift /Users/Dave/Go/SGFPlayer\ Code/SGFPlayer3D/SGFPlayer3D/Integration/ContentViewMigrationGuide.swift /Users/Dave/Go/SGFPlayer\ Code/SGFPlayer3D/SGFPlayer3D/SoundManager.swift /Users/Dave/Go/SGFPlayer\ Code/SGFPlayer3D/SGFPlayer3D/Views/GameBoardView.swift /Users/Dave/Go/SGFPlayer\ Code/SGFPlayer3D/SGFPlayer3D/Integration/ContentViewModification.swift /Users/Dave/Go/SGFPlayer\ Code/SGFPlayer3D/SGFPlayer3D/OGSClient.swift /Users/Dave/Go/SGFPlayer\ Code/SGFPlayer3D/SGFPlayer3D/ViewModels/SGFPlayerViewModel.swift /Users/Dave/Go/SGFPlayer\ Code/SGFPlayer3D/SGFPlayer3D/Integration/PhysicsIntegration.swift /Users/Dave/Go/SGFPlayer\ Code/SGFPlayer3D/SGFPlayer3D/Physics/EnergyMinimizationModel.swift /Users/Dave/Go/SGFPlayer\ Code/SGFPlayer3D/SGFPlayer3D/Views/GameInfoBar.swift /Users/Dave/Go/SGFPlayer\ Code/SGFPlayer3D/SGFPlayer3D/Views/ControlsView.swift /Users/Dave/Go/SGFPlayer\ Code/SGFPlayer3D/SGFPlayer3D/Views/SimpleBoardView.swift /Users/Dave/Go/SGFPlayer\ Code/SGFPlayer3D/SGFPlayer3D/Integration/CompatibilityLayer.swift /Users/Dave/Go/SGFPlayer\ Code/SGFPlayer3D/SGFPlayer3D/Utils/Logger.swift /Users/Dave/Go/SGFPlayer\ Code/SGFPlayer3D/SGFPlayer3D/ViewModels/SettingsViewModel.swift /Users/Dave/Go/SGFPlayer\ Code/SGFPlayer3D/SGFPlayer3D/AppModel.swift /Users/Dave/Go/SGFPlayer\ Code/SGFPlayer3D/SGFPlayer3D/BowlPhysics.swift /Users/Dave/Go/SGFPlayer\ Code/SGFPlayer3D/SGFPlayer3D/PlayerCapturesAdapter.swift /Users/Dave/Go/SGFPlayer\ Code/SGFPlayer3D/SGFPlayer3D/Views/GameSearchView.swift /Users/Dave/Go/SGFPlayer\ Code/SGFPlayer3D/SGFPlayer3D/Views/SettingsPanelView3D.swift /Users/Dave/Go/SGFPlayer\ Code/SGFPlayer3D/SGFPlayer3D/Physics/PhysicsEngine.swift /Users/Dave/Go/SGFPlayer\ Code/SGFPlayer3D/SGFPlayer3D/Views/SimpleTextTestView.swift /Users/Dave/Go/SGFPlayer\ Code/SGFPlayer3D/SGFPlayer3D/Integration/ContentViewBridge.swift /Users/Dave/Go/SGFPlayer\ Code/SGFPlayer3D/SGFPlayer3D/SGFKit.swift /Users/Dave/Go/SGFPlayer\ Code/SGFPlayer3D/SGFPlayer3D/Models/GameStateCache.swift /Users/Dave/Go/SGFPlayer\ Code/SGFPlayer3D/SGFPlayer3D/ViewModels/StonePositionViewModel.swift /Users/Dave/Go/SGFPlayer\ Code/SGFPlayer3D/SGFPlayer3D/StoneJitter.swift /Users/dave/Library/Developer/Xcode/DerivedData/SGFPlayer3D-clytobqxdmoqeccwzekaxegwfyjh/Build/Intermediates.noindex/SGFPlayer3D.build/Debug/SGFPlayer3D.build/DerivedSources/GeneratedAssetSymbols.swift -emit-dependencies-path /Users/dave/Library/Developer/Xcode/DerivedData/SGFPlayer3D-clytobqxdmoqeccwzekaxegwfyjh/Build/Intermediates.noindex/SGFPlayer3D.build/Debug/SGFPlayer3D.build/Objects-normal/arm64/ContentView3D.d -emit-const-values-path /Users/dave/Library/Developer/Xcode/DerivedData/SGFPlayer3D-clytobqxdmoqeccwzekaxegwfyjh/Build/Intermediates.noindex/SGFPlayer3D.build/Debug/SGFPlayer3D.build/Objects-normal/arm64/ContentView3D.swiftconstvalues -emit-reference-dependencies-path /Users/dave/Library/Developer/Xcode/DerivedData/SGFPlayer3D-clytobqxdmoqeccwzekaxegwfyjh/Build/Intermediates.noindex/SGFPlayer3D.build/Debug/SGFPlayer3D.build/Objects-normal/arm64/ContentView3D.swiftdeps -serialize-diagnostics-path /Users/dave/Library/Developer/Xcode/DerivedData/SGFPlayer3D-clytobqxdmoqeccwzekaxegwfyjh/Build/Intermediates.noindex/SGFPlayer3D.build/Debug/SGFPlayer3D.build/Objects-normal/arm64/ContentView3D.dia -emit-localized-strings -emit-localized-strings-path /Users/dave/Library/Developer/Xcode/DerivedData/SGFPlayer3D-clytobqxdmoqeccwzekaxegwfyjh/Build/Intermediates.noindex/SGFPlayer3D.build/Debug/SGFPlayer3D.build/Objects-normal/arm64 -target arm64-apple-macos15.5 -Xllvm -aarch64-use-tbi -enable-objc-interop -stack-check -sdk /Applications/Xcode.app/Contents/Developer/Platforms/MacOSX.platform/Developer/SDKs/MacOSX15.5.sdk -I /Users/dave/Library/Developer/Xcode/DerivedData/SGFPlayer3D-clytobqxdmoqeccwzekaxegwfyjh/Build/Products/Debug -F /Users/dave/Library/Developer/Xcode/DerivedData/SGFPlayer3D-clytobqxdmoqeccwzekaxegwfyjh/Build/Products/Debug -no-color-diagnostics -enable-testing -g -debug-info-format\=dwarf -dwarf-version\=5 -module-cache-path /Users/dave/Library/Developer/Xcode/DerivedData/ModuleCache.noindex -swift-version 5 -enforce-exclusivity\=checked -Onone -D DEBUG -serialize-debugging-options -const-gather-protocols-file /Users/dave/Library/Developer/Xcode/DerivedData/SGFPlayer3D-clytobqxdmoqeccwzekaxegwfyjh/Build/Intermediates.noindex/SGFPlayer3D.build/Debug/SGFPlayer3D.build/Objects-normal/arm64/SGFPlayer3D_const_extract_protocols.json -enable-experimental-feature DebugDescriptionMacro -enable-bare-slash-regex -empty-abi-descriptor -validate-clang-modules-once -clang-build-session-file /Users/dave/Library/Developer/Xcode/DerivedData/ModuleCache.noindex/Session.modulevalidation -Xcc -working-directory -Xcc /Users/Dave/Go/SGFPlayer\ Code/SGFPlayer3D -resource-dir /Applications/Xcode.app/Contents/Developer/Toolchains/XcodeDefault.xctoolchain/usr/lib/swift -enable-anonymous-context-mangled-names -file-compilation-dir /Users/Dave/Go/SGFPlayer\ Code/SGFPlayer3D -Xcc -ivfsstatcache -Xcc /Users/dave/Library/Developer/Xcode/DerivedData/SDKStatCaches.noindex/macosx15.5-24F74-8254517eb8b97d462ccbc072ba9094c9.sdkstatcache -Xcc -I/Users/dave/Library/Developer/Xcode/DerivedData/SGFPlayer3D-clytobqxdmoqeccwzekaxegwfyjh/Build/Intermediates.noindex/SGFPlayer3D.build/Debug/SGFPlayer3D.build/swift-overrides.hmap -Xcc -iquote -Xcc /Users/dave/Library/Developer/Xcode/DerivedData/SGFPlayer3D-clytobqxdmoqeccwzekaxegwfyjh/Build/Intermediates.noindex/SGFPlayer3D.build/Debug/SGFPlayer3D.build/SGFPlayer3D-generated-files.hmap -Xcc -I/Users/dave/Library/Developer/Xcode/DerivedData/SGFPlayer3D-clytobqxdmoqeccwzekaxegwfyjh/Build/Intermediates.noindex/SGFPlayer3D.build/Debug/SGFPlayer3D.build/SGFPlayer3D-own-target-headers.hmap -Xcc -I/Users/dave/Library/Developer/Xcode/DerivedData/SGFPlayer3D-clytobqxdmoqeccwzekaxegwfyjh/Build/Intermediates.noindex/SGFPlayer3D.build/Debug/SGFPlayer3D.build/SGFPlayer3D-all-target-headers.hmap -Xcc -iquote -Xcc /Users/dave/Library/Developer/Xcode/DerivedData/SGFPlayer3D-clytobqxdmoqeccwzekaxegwfyjh/Build/Intermediates.noindex/SGFPlayer3D.build/Debug/SGFPlayer3D.build/SGFPlayer3D-project-headers.hmap -Xcc -I/Users/dave/Library/Developer/Xcode/DerivedData/SGFPlayer3D-clytobqxdmoqeccwzekaxegwfyjh/Build/Products/Debug/include -Xcc -I/Users/dave/Library/Developer/Xcode/DerivedData/SGFPlayer3D-clytobqxdmoqeccwzekaxegwfyjh/Build/Intermediates.noindex/SGFPlayer3D.build/Debug/SGFPlayer3D.build/DerivedSources-normal/arm64 -Xcc -I/Users/dave/Library/Developer/Xcode/DerivedData/SGFPlayer3D-clytobqxdmoqeccwzekaxegwfyjh/Build/Intermediates.noindex/SGFPlayer3D.build/Debug/SGFPlayer3D.build/DerivedSources/arm64 -Xcc -I/Users/dave/Library/Developer/Xcode/DerivedData/SGFPlayer3D-clytobqxdmoqeccwzekaxegwfyjh/Build/Intermediates.noindex/SGFPlayer3D.build/Debug/SGFPlayer3D.build/DerivedSources -Xcc -DDEBUG\=1 -module-name SGFPlayer3D -frontend-parseable-output -disable-clang-spi -target-sdk-version 15.5 -target-sdk-name macosx15.5 -external-plugin-path /Applications/Xcode.app/Contents/Developer/Platforms/MacOSX.platform/Developer/usr/lib/swift/host/plugins\#/Applications/Xcode.app/Contents/Developer/Platforms/MacOSX.platform/Developer/usr/bin/swift-plugin-server -external-plugin-path /Applications/Xcode.app/Contents/Developer/Platforms/MacOSX.platform/Developer/usr/local/lib/swift/host/plugins\#/Applications/Xcode.app/Contents/Developer/Platforms/MacOSX.platform/Developer/usr/bin/swift-plugin-server -in-process-plugin-server-path /Applications/Xcode.app/Contents/Developer/Toolchains/XcodeDefault.xctoolchain/usr/lib/swift/host/libSwiftInProcPluginServer.dylib -plugin-path /Applications/Xcode.app/Contents/Developer/Toolchains/XcodeDefault.xctoolchain/usr/lib/swift/host/plugins -plugin-path /Applications/Xcode.app/Contents/Developer/Toolchains/XcodeDefault.xctoolchain/usr/local/lib/swift/host/plugins -o /Users/dave/Library/Developer/Xcode/DerivedData/SGFPlayer3D-clytobqxdmoqeccwzekaxegwfyjh/Build/Intermediates.noindex/SGFPlayer3D.build/Debug/SGFPlayer3D.build/Objects-normal/arm64/ContentView3D.o -index-unit-output-path /SGFPlayer3D.build/Debug/SGFPlayer3D.build/Objects-normal/arm64/ContentView3D.o -index-store-path /Users/dave/Library/Developer/Xcode/DerivedData/SGFPlayer3D-clytobqxdmoqeccwzekaxegwfyjh/Index.noindex/DataStore -index-system-modules
SwiftEmitModule normal arm64 Emitting\ module\ for\ SGFPlayer3D (in target 'SGFPlayer3D' from project 'SGFPlayer3D')

EmitSwiftModule normal arm64 (in target 'SGFPlayer3D' from project 'SGFPlayer3D')
    cd /Users/Dave/Go/SGFPlayer\ Code/SGFPlayer3D
    

SwiftCompile normal arm64 Compiling\ SettingsPanelView3D.swift /Users/Dave/Go/SGFPlayer\ Code/SGFPlayer3D/SGFPlayer3D/Views/SettingsPanelView3D.swift (in target 'SGFPlayer3D' from project 'SGFPlayer3D')

SwiftCompile normal arm64 /Users/Dave/Go/SGFPlayer\ Code/SGFPlayer3D/SGFPlayer3D/Views/SettingsPanelView3D.swift (in target 'SGFPlayer3D' from project 'SGFPlayer3D')
    cd /Users/Dave/Go/SGFPlayer\ Code/SGFPlayer3D
    

SwiftDriverJobDiscovery normal arm64 Emitting module for SGFPlayer3D (in target 'SGFPlayer3D' from project 'SGFPlayer3D')

SwiftDriver\ Compilation\ Requirements SGFPlayer3D normal arm64 com.apple.xcode.tools.swift.compiler (in target 'SGFPlayer3D' from project 'SGFPlayer3D')
    cd /Users/Dave/Go/SGFPlayer\ Code/SGFPlayer3D
    builtin-Swift-Compilation-Requirements -- /Applications/Xcode.app/Contents/Developer/Toolchains/XcodeDefault.xctoolchain/usr/bin/swiftc -module-name SGFPlayer3D -Onone -enforce-exclusivity\=checked @/Users/dave/Library/Developer/Xcode/DerivedData/SGFPlayer3D-clytobqxdmoqeccwzekaxegwfyjh/Build/Intermediates.noindex/SGFPlayer3D.build/Debug/SGFPlayer3D.build/Objects-normal/arm64/SGFPlayer3D.SwiftFileList -DDEBUG -enable-bare-slash-regex -enable-experimental-feature DebugDescriptionMacro -sdk /Applications/Xcode.app/Contents/Developer/Platforms/MacOSX.platform/Developer/SDKs/MacOSX15.5.sdk -target arm64-apple-macos15.5 -g -module-cache-path /Users/dave/Library/Developer/Xcode/DerivedData/ModuleCache.noindex -Xfrontend -serialize-debugging-options -enable-testing -index-store-path /Users/dave/Library/Developer/Xcode/DerivedData/SGFPlayer3D-clytobqxdmoqeccwzekaxegwfyjh/Index.noindex/DataStore -swift-version 5 -I /Users/dave/Library/Developer/Xcode/DerivedData/SGFPlayer3D-clytobqxdmoqeccwzekaxegwfyjh/Build/Products/Debug -F /Users/dave/Library/Developer/Xcode/DerivedData/SGFPlayer3D-clytobqxdmoqeccwzekaxegwfyjh/Build/Products/Debug -emit-localized-strings -emit-localized-strings-path /Users/dave/Library/Developer/Xcode/DerivedData/SGFPlayer3D-clytobqxdmoqeccwzekaxegwfyjh/Build/Intermediates.noindex/SGFPlayer3D.build/Debug/SGFPlayer3D.build/Objects-normal/arm64 -c -j10 -enable-batch-mode -incremental -Xcc -ivfsstatcache -Xcc /Users/dave/Library/Developer/Xcode/DerivedData/SDKStatCaches.noindex/macosx15.5-24F74-8254517eb8b97d462ccbc072ba9094c9.sdkstatcache -output-file-map /Users/dave/Library/Developer/Xcode/DerivedData/SGFPlayer3D-clytobqxdmoqeccwzekaxegwfyjh/Build/Intermediates.noindex/SGFPlayer3D.build/Debug/SGFPlayer3D.build/Objects-normal/arm64/SGFPlayer3D-OutputFileMap.json -use-frontend-parseable-output -save-temps -no-color-diagnostics -serialize-diagnostics -emit-dependencies -emit-module -emit-module-path /Users/dave/Library/Developer/Xcode/DerivedData/SGFPlayer3D-clytobqxdmoqeccwzekaxegwfyjh/Build/Intermediates.noindex/SGFPlayer3D.build/Debug/SGFPlayer3D.build/Objects-normal/arm64/SGFPlayer3D.swiftmodule -validate-clang-modules-once -clang-build-session-file /Users/dave/Library/Developer/Xcode/DerivedData/ModuleCache.noindex/Session.modulevalidation -Xcc -I/Users/dave/Library/Developer/Xcode/DerivedData/SGFPlayer3D-clytobqxdmoqeccwzekaxegwfyjh/Build/Intermediates.noindex/SGFPlayer3D.build/Debug/SGFPlayer3D.build/swift-overrides.hmap -emit-const-values -Xfrontend -const-gather-protocols-file -Xfrontend /Users/dave/Library/Developer/Xcode/DerivedData/SGFPlayer3D-clytobqxdmoqeccwzekaxegwfyjh/Build/Intermediates.noindex/SGFPlayer3D.build/Debug/SGFPlayer3D.build/Objects-normal/arm64/SGFPlayer3D_const_extract_protocols.json -Xcc -iquote -Xcc /Users/dave/Library/Developer/Xcode/DerivedData/SGFPlayer3D-clytobqxdmoqeccwzekaxegwfyjh/Build/Intermediates.noindex/SGFPlayer3D.build/Debug/SGFPlayer3D.build/SGFPlayer3D-generated-files.hmap -Xcc -I/Users/dave/Library/Developer/Xcode/DerivedData/SGFPlayer3D-clytobqxdmoqeccwzekaxegwfyjh/Build/Intermediates.noindex/SGFPlayer3D.build/Debug/SGFPlayer3D.build/SGFPlayer3D-own-target-headers.hmap -Xcc -I/Users/dave/Library/Developer/Xcode/DerivedData/SGFPlayer3D-clytobqxdmoqeccwzekaxegwfyjh/Build/Intermediates.noindex/SGFPlayer3D.build/Debug/SGFPlayer3D.build/SGFPlayer3D-all-target-headers.hmap -Xcc -iquote -Xcc /Users/dave/Library/Developer/Xcode/DerivedData/SGFPlayer3D-clytobqxdmoqeccwzekaxegwfyjh/Build/Intermediates.noindex/SGFPlayer3D.build/Debug/SGFPlayer3D.build/SGFPlayer3D-project-headers.hmap -Xcc -I/Users/dave/Library/Developer/Xcode/DerivedData/SGFPlayer3D-clytobqxdmoqeccwzekaxegwfyjh/Build/Products/Debug/include -Xcc -I/Users/dave/Library/Developer/Xcode/DerivedData/SGFPlayer3D-clytobqxdmoqeccwzekaxegwfyjh/Build/Intermediates.noindex/SGFPlayer3D.build/Debug/SGFPlayer3D.build/DerivedSources-normal/arm64 -Xcc -I/Users/dave/Library/Developer/Xcode/DerivedData/SGFPlayer3D-clytobqxdmoqeccwzekaxegwfyjh/Build/Intermediates.noindex/SGFPlayer3D.build/Debug/SGFPlayer3D.build/DerivedSources/arm64 -Xcc -I/Users/dave/Library/Developer/Xcode/DerivedData/SGFPlayer3D-clytobqxdmoqeccwzekaxegwfyjh/Build/Intermediates.noindex/SGFPlayer3D.build/Debug/SGFPlayer3D.build/DerivedSources -Xcc -DDEBUG\=1 -emit-objc-header -emit-objc-header-path /Users/dave/Library/Developer/Xcode/DerivedData/SGFPlayer3D-clytobqxdmoqeccwzekaxegwfyjh/Build/Intermediates.noindex/SGFPlayer3D.build/Debug/SGFPlayer3D.build/Objects-normal/arm64/SGFPlayer3D-Swift.h -working-directory /Users/Dave/Go/SGFPlayer\ Code/SGFPlayer3D -experimental-emit-module-separately -disable-cmo

Copy /Users/dave/Library/Developer/Xcode/DerivedData/SGFPlayer3D-clytobqxdmoqeccwzekaxegwfyjh/Build/Products/Debug/SGFPlayer3D.swiftmodule/arm64-apple-macos.abi.json /Users/dave/Library/Developer/Xcode/DerivedData/SGFPlayer3D-clytobqxdmoqeccwzekaxegwfyjh/Build/Intermediates.noindex/SGFPlayer3D.build/Debug/SGFPlayer3D.build/Objects-normal/arm64/SGFPlayer3D.abi.json (in target 'SGFPlayer3D' from project 'SGFPlayer3D')
    cd /Users/Dave/Go/SGFPlayer\ Code/SGFPlayer3D
    builtin-copy -exclude .DS_Store -exclude CVS -exclude .svn -exclude .git -exclude .hg -resolve-src-symlinks -rename /Users/dave/Library/Developer/Xcode/DerivedData/SGFPlayer3D-clytobqxdmoqeccwzekaxegwfyjh/Build/Intermediates.noindex/SGFPlayer3D.build/Debug/SGFPlayer3D.build/Objects-normal/arm64/SGFPlayer3D.abi.json /Users/dave/Library/Developer/Xcode/DerivedData/SGFPlayer3D-clytobqxdmoqeccwzekaxegwfyjh/Build/Products/Debug/SGFPlayer3D.swiftmodule/arm64-apple-macos.abi.json

Copy /Users/dave/Library/Developer/Xcode/DerivedData/SGFPlayer3D-clytobqxdmoqeccwzekaxegwfyjh/Build/Products/Debug/SGFPlayer3D.swiftmodule/Project/arm64-apple-macos.swiftsourceinfo /Users/dave/Library/Developer/Xcode/DerivedData/SGFPlayer3D-clytobqxdmoqeccwzekaxegwfyjh/Build/Intermediates.noindex/SGFPlayer3D.build/Debug/SGFPlayer3D.build/Objects-normal/arm64/SGFPlayer3D.swiftsourceinfo (in target 'SGFPlayer3D' from project 'SGFPlayer3D')
    cd /Users/Dave/Go/SGFPlayer\ Code/SGFPlayer3D
    builtin-copy -exclude .DS_Store -exclude CVS -exclude .svn -exclude .git -exclude .hg -resolve-src-symlinks -rename /Users/dave/Library/Developer/Xcode/DerivedData/SGFPlayer3D-clytobqxdmoqeccwzekaxegwfyjh/Build/Intermediates.noindex/SGFPlayer3D.build/Debug/SGFPlayer3D.build/Objects-normal/arm64/SGFPlayer3D.swiftsourceinfo /Users/dave/Library/Developer/Xcode/DerivedData/SGFPlayer3D-clytobqxdmoqeccwzekaxegwfyjh/Build/Products/Debug/SGFPlayer3D.swiftmodule/Project/arm64-apple-macos.swiftsourceinfo

Copy /Users/dave/Library/Developer/Xcode/DerivedData/SGFPlayer3D-clytobqxdmoqeccwzekaxegwfyjh/Build/Products/Debug/SGFPlayer3D.swiftmodule/arm64-apple-macos.swiftdoc /Users/dave/Library/Developer/Xcode/DerivedData/SGFPlayer3D-clytobqxdmoqeccwzekaxegwfyjh/Build/Intermediates.noindex/SGFPlayer3D.build/Debug/SGFPlayer3D.build/Objects-normal/arm64/SGFPlayer3D.swiftdoc (in target 'SGFPlayer3D' from project 'SGFPlayer3D')
    cd /Users/Dave/Go/SGFPlayer\ Code/SGFPlayer3D
    builtin-copy -exclude .DS_Store -exclude CVS -exclude .svn -exclude .git -exclude .hg -resolve-src-symlinks -rename /Users/dave/Library/Developer/Xcode/DerivedData/SGFPlayer3D-clytobqxdmoqeccwzekaxegwfyjh/Build/Intermediates.noindex/SGFPlayer3D.build/Debug/SGFPlayer3D.build/Objects-normal/arm64/SGFPlayer3D.swiftdoc /Users/dave/Library/Developer/Xcode/DerivedData/SGFPlayer3D-clytobqxdmoqeccwzekaxegwfyjh/Build/Products/Debug/SGFPlayer3D.swiftmodule/arm64-apple-macos.swiftdoc

Copy /Users/dave/Library/Developer/Xcode/DerivedData/SGFPlayer3D-clytobqxdmoqeccwzekaxegwfyjh/Build/Products/Debug/SGFPlayer3D.swiftmodule/arm64-apple-macos.swiftmodule /Users/dave/Library/Developer/Xcode/DerivedData/SGFPlayer3D-clytobqxdmoqeccwzekaxegwfyjh/Build/Intermediates.noindex/SGFPlayer3D.build/Debug/SGFPlayer3D.build/Objects-normal/arm64/SGFPlayer3D.swiftmodule (in target 'SGFPlayer3D' from project 'SGFPlayer3D')
    cd /Users/Dave/Go/SGFPlayer\ Code/SGFPlayer3D
    builtin-copy -exclude .DS_Store -exclude CVS -exclude .svn -exclude .git -exclude .hg -resolve-src-symlinks -rename /Users/dave/Library/Developer/Xcode/DerivedData/SGFPlayer3D-clytobqxdmoqeccwzekaxegwfyjh/Build/Intermediates.noindex/SGFPlayer3D.build/Debug/SGFPlayer3D.build/Objects-normal/arm64/SGFPlayer3D.swiftmodule /Users/dave/Library/Developer/Xcode/DerivedData/SGFPlayer3D-clytobqxdmoqeccwzekaxegwfyjh/Build/Products/Debug/SGFPlayer3D.swiftmodule/arm64-apple-macos.swiftmodule

SwiftDriverJobDiscovery normal arm64 Compiling SettingsPanelView3D.swift (in target 'SGFPlayer3D' from project 'SGFPlayer3D')

** BUILD FAILED **


The following build commands failed:
	SwiftCompile normal arm64 /Users/Dave/Go/SGFPlayer\ Code/SGFPlayer3D/SGFPlayer3D/ContentView3D.swift (in target 'SGFPlayer3D' from project 'SGFPlayer3D')
	SwiftCompile normal arm64 Compiling\ ContentView3D.swift /Users/Dave/Go/SGFPlayer\ Code/SGFPlayer3D/SGFPlayer3D/ContentView3D.swift (in target 'SGFPlayer3D' from project 'SGFPlayer3D')
	Building project SGFPlayer3D with scheme SGFPlayer3D and configuration Debug
(3 failures)
