Command line invocation:
    /Applications/Xcode.app/Contents/Developer/usr/bin/xcodebuild -project SGFPlayer3D.xcodeproj -scheme SGFPlayer3D -configuration Debug build

--- xcodebuild: WARNING: Using the first of multiple matching destinations:
{ platform:macOS, arch:arm64, id:00006001-001271800A02801E, name:My Mac }
{ platform:macOS, arch:x86_64, id:00006001-001271800A02801E, name:My Mac }
{ platform:macOS, name:Any Mac }
ComputePackagePrebuildTargetDependencyGraph

Prepare packages

CreateBuildRequest

SendProjectDescription

CreateBuildOperation

ComputeTargetDependencyGraph
note: Building targets in dependency order
note: Target dependency graph (1 target)
    Target 'SGFPlayer3D' in project 'SGFPlayer3D' (no dependencies)

GatherProvisioningInputs

CreateBuildDescription

ExecuteExternalTool /Applications/Xcode.app/Contents/Developer/Toolchains/XcodeDefault.xctoolchain/usr/bin/clang -v -E -dM -isysroot /Applications/Xcode.app/Contents/Developer/Platforms/MacOSX.platform/Developer/SDKs/MacOSX15.5.sdk -x c -c /dev/null

ExecuteExternalTool /Applications/Xcode.app/Contents/Developer/usr/bin/actool --version --output-format xml1

ExecuteExternalTool /Applications/Xcode.app/Contents/Developer/Toolchains/XcodeDefault.xctoolchain/usr/bin/swiftc --version

ExecuteExternalTool /Applications/Xcode.app/Contents/Developer/Toolchains/XcodeDefault.xctoolchain/usr/bin/ld -version_details

Build description signature: cbb9e10bd94b1a02c67597bed577220c
Build description path: /Users/dave/Library/Developer/Xcode/DerivedData/SGFPlayer3D-clytobqxdmoqeccwzekaxegwfyjh/Build/Intermediates.noindex/XCBuildData/cbb9e10bd94b1a02c67597bed577220c.xcbuilddata
ClangStatCache /Applications/Xcode.app/Contents/Developer/Toolchains/XcodeDefault.xctoolchain/usr/bin/clang-stat-cache /Applications/Xcode.app/Contents/Developer/Platforms/MacOSX.platform/Developer/SDKs/MacOSX15.5.sdk /Users/dave/Library/Developer/Xcode/DerivedData/SDKStatCaches.noindex/macosx15.5-24F74-8254517eb8b97d462ccbc072ba9094c9.sdkstatcache
    cd /Users/Dave/Go/SGFPlayer\ Code/SGFPlayer3D/SGFPlayer3D.xcodeproj
    /Applications/Xcode.app/Contents/Developer/Toolchains/XcodeDefault.xctoolchain/usr/bin/clang-stat-cache /Applications/Xcode.app/Contents/Developer/Platforms/MacOSX.platform/Developer/SDKs/MacOSX15.5.sdk -o /Users/dave/Library/Developer/Xcode/DerivedData/SDKStatCaches.noindex/macosx15.5-24F74-8254517eb8b97d462ccbc072ba9094c9.sdkstatcache

WriteAuxiliaryFile /Users/dave/Library/Developer/Xcode/DerivedData/SGFPlayer3D-clytobqxdmoqeccwzekaxegwfyjh/Build/Intermediates.noindex/SGFPlayer3D.build/Debug/SGFPlayer3D.build/Objects-normal/arm64/SGFPlayer3D.SwiftConstValuesFileList (in target 'SGFPlayer3D' from project 'SGFPlayer3D')
    cd /Users/Dave/Go/SGFPlayer\ Code/SGFPlayer3D
    write-file /Users/dave/Library/Developer/Xcode/DerivedData/SGFPlayer3D-clytobqxdmoqeccwzekaxegwfyjh/Build/Intermediates.noindex/SGFPlayer3D.build/Debug/SGFPlayer3D.build/Objects-normal/arm64/SGFPlayer3D.SwiftConstValuesFileList

WriteAuxiliaryFile /Users/dave/Library/Developer/Xcode/DerivedData/SGFPlayer3D-clytobqxdmoqeccwzekaxegwfyjh/Build/Intermediates.noindex/SGFPlayer3D.build/Debug/SGFPlayer3D.build/Objects-normal/arm64/SGFPlayer3D.SwiftFileList (in target 'SGFPlayer3D' from project 'SGFPlayer3D')
    cd /Users/Dave/Go/SGFPlayer\ Code/SGFPlayer3D
    write-file /Users/dave/Library/Developer/Xcode/DerivedData/SGFPlayer3D-clytobqxdmoqeccwzekaxegwfyjh/Build/Intermediates.noindex/SGFPlayer3D.build/Debug/SGFPlayer3D.build/Objects-normal/arm64/SGFPlayer3D.SwiftFileList

WriteAuxiliaryFile /Users/dave/Library/Developer/Xcode/DerivedData/SGFPlayer3D-clytobqxdmoqeccwzekaxegwfyjh/Build/Intermediates.noindex/SGFPlayer3D.build/Debug/SGFPlayer3D.build/Objects-normal/arm64/SGFPlayer3D.LinkFileList (in target 'SGFPlayer3D' from project 'SGFPlayer3D')
    cd /Users/Dave/Go/SGFPlayer\ Code/SGFPlayer3D
    write-file /Users/dave/Library/Developer/Xcode/DerivedData/SGFPlayer3D-clytobqxdmoqeccwzekaxegwfyjh/Build/Intermediates.noindex/SGFPlayer3D.build/Debug/SGFPlayer3D.build/Objects-normal/arm64/SGFPlayer3D.LinkFileList

ProcessInfoPlistFile /Users/dave/Library/Developer/Xcode/DerivedData/SGFPlayer3D-clytobqxdmoqeccwzekaxegwfyjh/Build/Products/Debug/SGFPlayer3D.app/Contents/Info.plist /Users/dave/Library/Developer/Xcode/DerivedData/SGFPlayer3D-clytobqxdmoqeccwzekaxegwfyjh/Build/Intermediates.noindex/SGFPlayer3D.build/Debug/SGFPlayer3D.build/empty-SGFPlayer3D.plist (in target 'SGFPlayer3D' from project 'SGFPlayer3D')
    cd /Users/Dave/Go/SGFPlayer\ Code/SGFPlayer3D
    builtin-infoPlistUtility /Users/dave/Library/Developer/Xcode/DerivedData/SGFPlayer3D-clytobqxdmoqeccwzekaxegwfyjh/Build/Intermediates.noindex/SGFPlayer3D.build/Debug/SGFPlayer3D.build/empty-SGFPlayer3D.plist -producttype com.apple.product-type.application -genpkginfo /Users/dave/Library/Developer/Xcode/DerivedData/SGFPlayer3D-clytobqxdmoqeccwzekaxegwfyjh/Build/Products/Debug/SGFPlayer3D.app/Contents/PkgInfo -expandbuildsettings -platform macosx -additionalcontentfile /Users/dave/Library/Developer/Xcode/DerivedData/SGFPlayer3D-clytobqxdmoqeccwzekaxegwfyjh/Build/Intermediates.noindex/SGFPlayer3D.build/Debug/SGFPlayer3D.build/assetcatalog_generated_info.plist -o /Users/dave/Library/Developer/Xcode/DerivedData/SGFPlayer3D-clytobqxdmoqeccwzekaxegwfyjh/Build/Products/Debug/SGFPlayer3D.app/Contents/Info.plist

SwiftDriver SGFPlayer3D normal arm64 com.apple.xcode.tools.swift.compiler (in target 'SGFPlayer3D' from project 'SGFPlayer3D')
    cd /Users/Dave/Go/SGFPlayer\ Code/SGFPlayer3D
    builtin-SwiftDriver -- /Applications/Xcode.app/Contents/Developer/Toolchains/XcodeDefault.xctoolchain/usr/bin/swiftc -module-name SGFPlayer3D -Onone -enforce-exclusivity\=checked @/Users/dave/Library/Developer/Xcode/DerivedData/SGFPlayer3D-clytobqxdmoqeccwzekaxegwfyjh/Build/Intermediates.noindex/SGFPlayer3D.build/Debug/SGFPlayer3D.build/Objects-normal/arm64/SGFPlayer3D.SwiftFileList -DDEBUG -enable-bare-slash-regex -enable-experimental-feature DebugDescriptionMacro -sdk /Applications/Xcode.app/Contents/Developer/Platforms/MacOSX.platform/Developer/SDKs/MacOSX15.5.sdk -target arm64-apple-macos15.5 -g -module-cache-path /Users/dave/Library/Developer/Xcode/DerivedData/ModuleCache.noindex -Xfrontend -serialize-debugging-options -profile-coverage-mapping -profile-generate -enable-testing -index-store-path /Users/dave/Library/Developer/Xcode/DerivedData/SGFPlayer3D-clytobqxdmoqeccwzekaxegwfyjh/Index.noindex/DataStore -swift-version 5 -I /Users/dave/Library/Developer/Xcode/DerivedData/SGFPlayer3D-clytobqxdmoqeccwzekaxegwfyjh/Build/Products/Debug -F /Users/dave/Library/Developer/Xcode/DerivedData/SGFPlayer3D-clytobqxdmoqeccwzekaxegwfyjh/Build/Products/Debug -emit-localized-strings -emit-localized-strings-path /Users/dave/Library/Developer/Xcode/DerivedData/SGFPlayer3D-clytobqxdmoqeccwzekaxegwfyjh/Build/Intermediates.noindex/SGFPlayer3D.build/Debug/SGFPlayer3D.build/Objects-normal/arm64 -c -j10 -enable-batch-mode -incremental -Xcc -ivfsstatcache -Xcc /Users/dave/Library/Developer/Xcode/DerivedData/SDKStatCaches.noindex/macosx15.5-24F74-8254517eb8b97d462ccbc072ba9094c9.sdkstatcache -output-file-map /Users/dave/Library/Developer/Xcode/DerivedData/SGFPlayer3D-clytobqxdmoqeccwzekaxegwfyjh/Build/Intermediates.noindex/SGFPlayer3D.build/Debug/SGFPlayer3D.build/Objects-normal/arm64/SGFPlayer3D-OutputFileMap.json -use-frontend-parseable-output -save-temps -no-color-diagnostics -serialize-diagnostics -emit-dependencies -emit-module -emit-module-path /Users/dave/Library/Developer/Xcode/DerivedData/SGFPlayer3D-clytobqxdmoqeccwzekaxegwfyjh/Build/Intermediates.noindex/SGFPlayer3D.build/Debug/SGFPlayer3D.build/Objects-normal/arm64/SGFPlayer3D.swiftmodule -validate-clang-modules-once -clang-build-session-file /Users/dave/Library/Developer/Xcode/DerivedData/ModuleCache.noindex/Session.modulevalidation -Xcc -I/Users/dave/Library/Developer/Xcode/DerivedData/SGFPlayer3D-clytobqxdmoqeccwzekaxegwfyjh/Build/Intermediates.noindex/SGFPlayer3D.build/Debug/SGFPlayer3D.build/swift-overrides.hmap -emit-const-values -Xfrontend -const-gather-protocols-file -Xfrontend /Users/dave/Library/Developer/Xcode/DerivedData/SGFPlayer3D-clytobqxdmoqeccwzekaxegwfyjh/Build/Intermediates.noindex/SGFPlayer3D.build/Debug/SGFPlayer3D.build/Objects-normal/arm64/SGFPlayer3D_const_extract_protocols.json -Xcc -iquote -Xcc /Users/dave/Library/Developer/Xcode/DerivedData/SGFPlayer3D-clytobqxdmoqeccwzekaxegwfyjh/Build/Intermediates.noindex/SGFPlayer3D.build/Debug/SGFPlayer3D.build/SGFPlayer3D-generated-files.hmap -Xcc -I/Users/dave/Library/Developer/Xcode/DerivedData/SGFPlayer3D-clytobqxdmoqeccwzekaxegwfyjh/Build/Intermediates.noindex/SGFPlayer3D.build/Debug/SGFPlayer3D.build/SGFPlayer3D-own-target-headers.hmap -Xcc -I/Users/dave/Library/Developer/Xcode/DerivedData/SGFPlayer3D-clytobqxdmoqeccwzekaxegwfyjh/Build/Intermediates.noindex/SGFPlayer3D.build/Debug/SGFPlayer3D.build/SGFPlayer3D-all-target-headers.hmap -Xcc -iquote -Xcc /Users/dave/Library/Developer/Xcode/DerivedData/SGFPlayer3D-clytobqxdmoqeccwzekaxegwfyjh/Build/Intermediates.noindex/SGFPlayer3D.build/Debug/SGFPlayer3D.build/SGFPlayer3D-project-headers.hmap -Xcc -I/Users/dave/Library/Developer/Xcode/DerivedData/SGFPlayer3D-clytobqxdmoqeccwzekaxegwfyjh/Build/Products/Debug/include -Xcc -I/Users/dave/Library/Developer/Xcode/DerivedData/SGFPlayer3D-clytobqxdmoqeccwzekaxegwfyjh/Build/Intermediates.noindex/SGFPlayer3D.build/Debug/SGFPlayer3D.build/DerivedSources-normal/arm64 -Xcc -I/Users/dave/Library/Developer/Xcode/DerivedData/SGFPlayer3D-clytobqxdmoqeccwzekaxegwfyjh/Build/Intermediates.noindex/SGFPlayer3D.build/Debug/SGFPlayer3D.build/DerivedSources/arm64 -Xcc -I/Users/dave/Library/Developer/Xcode/DerivedData/SGFPlayer3D-clytobqxdmoqeccwzekaxegwfyjh/Build/Intermediates.noindex/SGFPlayer3D.build/Debug/SGFPlayer3D.build/DerivedSources -Xcc -DDEBUG\=1 -emit-objc-header -emit-objc-header-path /Users/dave/Library/Developer/Xcode/DerivedData/SGFPlayer3D-clytobqxdmoqeccwzekaxegwfyjh/Build/Intermediates.noindex/SGFPlayer3D.build/Debug/SGFPlayer3D.build/Objects-normal/arm64/SGFPlayer3D-Swift.h -working-directory /Users/Dave/Go/SGFPlayer\ Code/SGFPlayer3D -experimental-emit-module-separately -disable-cmo

SwiftEmitModule normal arm64 Emitting\ module\ for\ SGFPlayer3D (in target 'SGFPlayer3D' from project 'SGFPlayer3D')

EmitSwiftModule normal arm64 (in target 'SGFPlayer3D' from project 'SGFPlayer3D')
    cd /Users/Dave/Go/SGFPlayer\ Code/SGFPlayer3D
    

SwiftCompile normal arm64 Compiling\ GameInfoOverlay.swift /Users/Dave/Go/SGFPlayer\ Code/SGFPlayer3D/SGFPlayer3D/Views/GameInfoOverlay.swift (in target 'SGFPlayer3D' from project 'SGFPlayer3D')
Failed frontend command:
/Applications/Xcode.app/Contents/Developer/Toolchains/XcodeDefault.xctoolchain/usr/bin/swift-frontend -frontend -c /Users/Dave/Go/SGFPlayer\ Code/SGFPlayer3D/SGFPlayer3D/ViewModels/UIStateViewModel.swift /Users/Dave/Go/SGFPlayer\ Code/SGFPlayer3D/SGFPlayer3D/SceneManager3D.swift /Users/Dave/Go/SGFPlayer\ Code/SGFPlayer3D/SGFPlayer3D/ContentView3D.swift /Users/Dave/Go/SGFPlayer\ Code/SGFPlayer3D/SGFPlayer3D/BowlPhysics.swift /Users/Dave/Go/SGFPlayer\ Code/SGFPlayer3D/SGFPlayer3D/ViewModels/SGFPlayerViewModel.swift /Users/Dave/Go/SGFPlayer\ Code/SGFPlayer3D/SGFPlayer3D/Integration/ContentViewModification.swift /Users/Dave/Go/SGFPlayer\ Code/SGFPlayer3D/SGFPlayer3D/Integration/PhysicsIntegration.swift /Users/Dave/Go/SGFPlayer\ Code/SGFPlayer3D/SGFPlayer3D/Views/CameraControlHandler.swift /Users/Dave/Go/SGFPlayer\ Code/SGFPlayer3D/SGFPlayer3D/SGFKit.swift /Users/Dave/Go/SGFPlayer\ Code/SGFPlayer3D/SGFPlayer3D/Views/AppKitTextWindow.swift /Users/Dave/Go/SGFPlayer\ Code/SGFPlayer3D/SGFPlayer3D/Views/GameBoardView.swift /Users/Dave/Go/SGFPlayer\ Code/SGFPlayer3D/SGFPlayer3D/Views/ControlsView.swift /Users/Dave/Go/SGFPlayer\ Code/SGFPlayer3D/SGFPlayer3D/StoneJitter.swift /Users/Dave/Go/SGFPlayer\ Code/SGFPlayer3D/SGFPlayer3D/Views/PlaybackControls.swift /Users/Dave/Go/SGFPlayer\ Code/SGFPlayer3D/SGFPlayer3D/Physics/SpiralPhysicsModel.swift /Users/Dave/Go/SGFPlayer\ Code/SGFPlayer3D/SGFPlayer3D/BoardViewport.swift /Users/Dave/Go/SGFPlayer\ Code/SGFPlayer3D/SGFPlayer3D/Physics/EnergyMinimizationModel.swift /Users/Dave/Go/SGFPlayer\ Code/SGFPlayer3D/SGFPlayer3D/Views/GameInfoBar.swift /Users/Dave/Go/SGFPlayer\ Code/SGFPlayer3D/SGFPlayer3D/TimeControlManager.swift /Users/Dave/Go/SGFPlayer\ Code/SGFPlayer3D/SGFPlayer3D/Views/NativeTextFieldTest.swift /Users/Dave/Go/SGFPlayer\ Code/SGFPlayer3D/SGFPlayer3D/Cache/CacheManager.swift /Users/Dave/Go/SGFPlayer\ Code/SGFPlayer3D/SGFPlayer3D/ViewModels/SettingsViewModel.swift /Users/Dave/Go/SGFPlayer\ Code/SGFPlayer3D/SGFPlayer3D/Integration/ContentViewMigrationGuide.swift /Users/Dave/Go/SGFPlayer\ Code/SGFPlayer3D/SGFPlayer3D/Views/SearchWindowController.swift /Users/Dave/Go/SGFPlayer\ Code/SGFPlayer3D/SGFPlayer3D/SGFPlayer3DApp.swift /Users/Dave/Go/SGFPlayer\ Code/SGFPlayer3D/SGFPlayer3D/Integration/CompatibilityLayer.swift /Users/Dave/Go/SGFPlayer\ Code/SGFPlayer3D/SGFPlayer3D/Views/GameSearchView.swift /Users/Dave/Go/SGFPlayer\ Code/SGFPlayer3D/SGFPlayer3D/Views/SettingsPanelView.swift /Users/Dave/Go/SGFPlayer\ Code/SGFPlayer3D/SGFPlayer3D/AppModel.swift /Users/Dave/Go/SGFPlayer\ Code/SGFPlayer3D/SGFPlayer3D/ViewModels/StonePositionViewModel.swift /Users/Dave/Go/SGFPlayer\ Code/SGFPlayer3D/SGFPlayer3D/ContentView.swift /Users/Dave/Go/SGFPlayer\ Code/SGFPlayer3D/SGFPlayer3D/Integration/PhysicsIntegrationDemo.swift /Users/Dave/Go/SGFPlayer\ Code/SGFPlayer3D/SGFPlayer3D/Views/SettingsPanelContainer.swift /Users/Dave/Go/SGFPlayer\ Code/SGFPlayer3D/SGFPlayer3D/SGFPlayerEngine.swift /Users/Dave/Go/SGFPlayer\ Code/SGFPlayer3D/SGFPlayer3D/Utils/Logger.swift /Users/Dave/Go/SGFPlayer\ Code/SGFPlayer3D/SGFPlayer3D/BowlView.swift /Users/Dave/Go/SGFPlayer\ Code/SGFPlayer3D/SGFPlayer3D/Views/SettingsPanelView3D.swift /Users/Dave/Go/SGFPlayer\ Code/SGFPlayer3D/SGFPlayer3D/OGSClient.swift /Users/Dave/Go/SGFPlayer\ Code/SGFPlayer3D/SGFPlayer3D/Utils/DebugConfig.swift /Users/Dave/Go/SGFPlayer\ Code/SGFPlayer3D/SGFPlayer3D/Physics/GroupDropPhysicsModel.swift /Users/Dave/Go/SGFPlayer\ Code/SGFPlayer3D/SGFPlayer3D/ViewModels/OGSGameViewModel.swift -primary-file /Users/Dave/Go/SGFPlayer\ Code/SGFPlayer3D/SGFPlayer3D/Views/GameInfoOverlay.swift /Users/Dave/Go/SGFPlayer\ Code/SGFPlayer3D/SGFPlayer3D/Models/GameStateCache.swift /Users/Dave/Go/SGFPlayer\ Code/SGFPlayer3D/SGFPlayer3D/Views/SimpleBoardView.swift /Users/Dave/Go/SGFPlayer\ Code/SGFPlayer3D/SGFPlayer3D/PlayerCapturesAdapter.swift /Users/Dave/Go/SGFPlayer\ Code/SGFPlayer3D/SGFPlayer3D/SoundManager.swift /Users/Dave/Go/SGFPlayer\ Code/SGFPlayer3D/SGFPlayer3D/Integration/ContentViewBridge.swift /Users/Dave/Go/SGFPlayer\ Code/SGFPlayer3D/SGFPlayer3D/Physics/PhysicsEngine.swift /Users/Dave/Go/SGFPlayer\ Code/SGFPlayer3D/SGFPlayer3D/Views/SimpleTextTestView.swift /Users/dave/Library/Developer/Xcode/DerivedData/SGFPlayer3D-clytobqxdmoqeccwzekaxegwfyjh/Build/Intermediates.noindex/SGFPlayer3D.build/Debug/SGFPlayer3D.build/DerivedSources/GeneratedAssetSymbols.swift -emit-dependencies-path /Users/dave/Library/Developer/Xcode/DerivedData/SGFPlayer3D-clytobqxdmoqeccwzekaxegwfyjh/Build/Intermediates.noindex/SGFPlayer3D.build/Debug/SGFPlayer3D.build/Objects-normal/arm64/GameInfoOverlay.d -emit-const-values-path /Users/dave/Library/Developer/Xcode/DerivedData/SGFPlayer3D-clytobqxdmoqeccwzekaxegwfyjh/Build/Intermediates.noindex/SGFPlayer3D.build/Debug/SGFPlayer3D.build/Objects-normal/arm64/GameInfoOverlay.swiftconstvalues -emit-reference-dependencies-path /Users/dave/Library/Developer/Xcode/DerivedData/SGFPlayer3D-clytobqxdmoqeccwzekaxegwfyjh/Build/Intermediates.noindex/SGFPlayer3D.build/Debug/SGFPlayer3D.build/Objects-normal/arm64/GameInfoOverlay.swiftdeps -serialize-diagnostics-path /Users/dave/Library/Developer/Xcode/DerivedData/SGFPlayer3D-clytobqxdmoqeccwzekaxegwfyjh/Build/Intermediates.noindex/SGFPlayer3D.build/Debug/SGFPlayer3D.build/Objects-normal/arm64/GameInfoOverlay.dia -emit-localized-strings -emit-localized-strings-path /Users/dave/Library/Developer/Xcode/DerivedData/SGFPlayer3D-clytobqxdmoqeccwzekaxegwfyjh/Build/Intermediates.noindex/SGFPlayer3D.build/Debug/SGFPlayer3D.build/Objects-normal/arm64 -target arm64-apple-macos15.5 -Xllvm -aarch64-use-tbi -enable-objc-interop -stack-check -sdk /Applications/Xcode.app/Contents/Developer/Platforms/MacOSX.platform/Developer/SDKs/MacOSX15.5.sdk -I /Users/dave/Library/Developer/Xcode/DerivedData/SGFPlayer3D-clytobqxdmoqeccwzekaxegwfyjh/Build/Products/Debug -F /Users/dave/Library/Developer/Xcode/DerivedData/SGFPlayer3D-clytobqxdmoqeccwzekaxegwfyjh/Build/Products/Debug -no-color-diagnostics -enable-testing -g -debug-info-format\=dwarf -dwarf-version\=5 -module-cache-path /Users/dave/Library/Developer/Xcode/DerivedData/ModuleCache.noindex -profile-generate -profile-coverage-mapping -swift-version 5 -enforce-exclusivity\=checked -Onone -D DEBUG -serialize-debugging-options -const-gather-protocols-file /Users/dave/Library/Developer/Xcode/DerivedData/SGFPlayer3D-clytobqxdmoqeccwzekaxegwfyjh/Build/Intermediates.noindex/SGFPlayer3D.build/Debug/SGFPlayer3D.build/Objects-normal/arm64/SGFPlayer3D_const_extract_protocols.json -enable-experimental-feature DebugDescriptionMacro -enable-bare-slash-regex -empty-abi-descriptor -validate-clang-modules-once -clang-build-session-file /Users/dave/Library/Developer/Xcode/DerivedData/ModuleCache.noindex/Session.modulevalidation -Xcc -working-directory -Xcc /Users/Dave/Go/SGFPlayer\ Code/SGFPlayer3D -resource-dir /Applications/Xcode.app/Contents/Developer/Toolchains/XcodeDefault.xctoolchain/usr/lib/swift -enable-anonymous-context-mangled-names -file-compilation-dir /Users/Dave/Go/SGFPlayer\ Code/SGFPlayer3D -Xcc -ivfsstatcache -Xcc /Users/dave/Library/Developer/Xcode/DerivedData/SDKStatCaches.noindex/macosx15.5-24F74-8254517eb8b97d462ccbc072ba9094c9.sdkstatcache -Xcc -I/Users/dave/Library/Developer/Xcode/DerivedData/SGFPlayer3D-clytobqxdmoqeccwzekaxegwfyjh/Build/Intermediates.noindex/SGFPlayer3D.build/Debug/SGFPlayer3D.build/swift-overrides.hmap -Xcc -iquote -Xcc /Users/dave/Library/Developer/Xcode/DerivedData/SGFPlayer3D-clytobqxdmoqeccwzekaxegwfyjh/Build/Intermediates.noindex/SGFPlayer3D.build/Debug/SGFPlayer3D.build/SGFPlayer3D-generated-files.hmap -Xcc -I/Users/dave/Library/Developer/Xcode/DerivedData/SGFPlayer3D-clytobqxdmoqeccwzekaxegwfyjh/Build/Intermediates.noindex/SGFPlayer3D.build/Debug/SGFPlayer3D.build/SGFPlayer3D-own-target-headers.hmap -Xcc -I/Users/dave/Library/Developer/Xcode/DerivedData/SGFPlayer3D-clytobqxdmoqeccwzekaxegwfyjh/Build/Intermediates.noindex/SGFPlayer3D.build/Debug/SGFPlayer3D.build/SGFPlayer3D-all-target-headers.hmap -Xcc -iquote -Xcc /Users/dave/Library/Developer/Xcode/DerivedData/SGFPlayer3D-clytobqxdmoqeccwzekaxegwfyjh/Build/Intermediates.noindex/SGFPlayer3D.build/Debug/SGFPlayer3D.build/SGFPlayer3D-project-headers.hmap -Xcc -I/Users/dave/Library/Developer/Xcode/DerivedData/SGFPlayer3D-clytobqxdmoqeccwzekaxegwfyjh/Build/Products/Debug/include -Xcc -I/Users/dave/Library/Developer/Xcode/DerivedData/SGFPlayer3D-clytobqxdmoqeccwzekaxegwfyjh/Build/Intermediates.noindex/SGFPlayer3D.build/Debug/SGFPlayer3D.build/DerivedSources-normal/arm64 -Xcc -I/Users/dave/Library/Developer/Xcode/DerivedData/SGFPlayer3D-clytobqxdmoqeccwzekaxegwfyjh/Build/Intermediates.noindex/SGFPlayer3D.build/Debug/SGFPlayer3D.build/DerivedSources/arm64 -Xcc -I/Users/dave/Library/Developer/Xcode/DerivedData/SGFPlayer3D-clytobqxdmoqeccwzekaxegwfyjh/Build/Intermediates.noindex/SGFPlayer3D.build/Debug/SGFPlayer3D.build/DerivedSources -Xcc -DDEBUG\=1 -module-name SGFPlayer3D -frontend-parseable-output -disable-clang-spi -target-sdk-version 15.5 -target-sdk-name macosx15.5 -external-plugin-path /Applications/Xcode.app/Contents/Developer/Platforms/MacOSX.platform/Developer/usr/lib/swift/host/plugins\#/Applications/Xcode.app/Contents/Developer/Platforms/MacOSX.platform/Developer/usr/bin/swift-plugin-server -external-plugin-path /Applications/Xcode.app/Contents/Developer/Platforms/MacOSX.platform/Developer/usr/local/lib/swift/host/plugins\#/Applications/Xcode.app/Contents/Developer/Platforms/MacOSX.platform/Developer/usr/bin/swift-plugin-server -in-process-plugin-server-path /Applications/Xcode.app/Contents/Developer/Toolchains/XcodeDefault.xctoolchain/usr/lib/swift/host/libSwiftInProcPluginServer.dylib -plugin-path /Applications/Xcode.app/Contents/Developer/Toolchains/XcodeDefault.xctoolchain/usr/lib/swift/host/plugins -plugin-path /Applications/Xcode.app/Contents/Developer/Toolchains/XcodeDefault.xctoolchain/usr/local/lib/swift/host/plugins -o /Users/dave/Library/Developer/Xcode/DerivedData/SGFPlayer3D-clytobqxdmoqeccwzekaxegwfyjh/Build/Intermediates.noindex/SGFPlayer3D.build/Debug/SGFPlayer3D.build/Objects-normal/arm64/GameInfoOverlay.o -index-unit-output-path /SGFPlayer3D.build/Debug/SGFPlayer3D.build/Objects-normal/arm64/GameInfoOverlay.o -index-store-path /Users/dave/Library/Developer/Xcode/DerivedData/SGFPlayer3D-clytobqxdmoqeccwzekaxegwfyjh/Index.noindex/DataStore -index-system-modules

SwiftCompile normal arm64 /Users/Dave/Go/SGFPlayer\ Code/SGFPlayer3D/SGFPlayer3D/Views/GameInfoOverlay.swift (in target 'SGFPlayer3D' from project 'SGFPlayer3D')
    cd /Users/Dave/Go/SGFPlayer\ Code/SGFPlayer3D
    
/Users/Dave/Go/SGFPlayer Code/SGFPlayer3D/SGFPlayer3D/Views/GameInfoOverlay.swift:89:69: error: 'blackPeriodTime' is inaccessible due to 'private' protection level
                                    let periodTimeStr = timeControl.blackPeriodTime.map { formatTime($0) } ?? "---"
                                                                    ^~~~~~~~~~~~~~~
/Users/Dave/Go/SGFPlayer Code/SGFPlayer3D/SGFPlayer3D/TimeControlManager.swift:14:17: note: 'blackPeriodTime' declared here
    private var blackPeriodTime: TimeInterval?
                ^

** BUILD FAILED **


The following build commands failed:
	SwiftCompile normal arm64 Compiling\ GameInfoOverlay.swift /Users/Dave/Go/SGFPlayer\ Code/SGFPlayer3D/SGFPlayer3D/Views/GameInfoOverlay.swift (in target 'SGFPlayer3D' from project 'SGFPlayer3D')
	SwiftCompile normal arm64 /Users/Dave/Go/SGFPlayer\ Code/SGFPlayer3D/SGFPlayer3D/Views/GameInfoOverlay.swift (in target 'SGFPlayer3D' from project 'SGFPlayer3D')
	Building project SGFPlayer3D with scheme SGFPlayer3D and configuration Debug
(3 failures)
Command line invocation:
    /Applications/Xcode.app/Contents/Developer/usr/bin/xcodebuild -project SGFPlayer3D.xcodeproj -scheme SGFPlayer3D -configuration Debug build

--- xcodebuild: WARNING: Using the first of multiple matching destinations:
{ platform:macOS, arch:arm64, id:00006001-001271800A02801E, name:My Mac }
{ platform:macOS, arch:x86_64, id:00006001-001271800A02801E, name:My Mac }
{ platform:macOS, name:Any Mac }
ComputePackagePrebuildTargetDependencyGraph

Prepare packages

CreateBuildRequest

SendProjectDescription

CreateBuildOperation

ComputeTargetDependencyGraph
note: Building targets in dependency order
note: Target dependency graph (1 target)
    Target 'SGFPlayer3D' in project 'SGFPlayer3D' (no dependencies)

GatherProvisioningInputs

CreateBuildDescription

ExecuteExternalTool /Applications/Xcode.app/Contents/Developer/Toolchains/XcodeDefault.xctoolchain/usr/bin/clang -v -E -dM -isysroot /Applications/Xcode.app/Contents/Developer/Platforms/MacOSX.platform/Developer/SDKs/MacOSX15.5.sdk -x c -c /dev/null

ExecuteExternalTool /Applications/Xcode.app/Contents/Developer/usr/bin/actool --version --output-format xml1

ExecuteExternalTool /Applications/Xcode.app/Contents/Developer/Toolchains/XcodeDefault.xctoolchain/usr/bin/swiftc --version

ExecuteExternalTool /Applications/Xcode.app/Contents/Developer/Toolchains/XcodeDefault.xctoolchain/usr/bin/ld -version_details

Build description signature: 23929549fb620edcb4f4c95d8e838d02
Build description path: /Users/dave/Library/Developer/Xcode/DerivedData/SGFPlayer3D-clytobqxdmoqeccwzekaxegwfyjh/Build/Intermediates.noindex/XCBuildData/23929549fb620edcb4f4c95d8e838d02.xcbuilddata
ClangStatCache /Applications/Xcode.app/Contents/Developer/Toolchains/XcodeDefault.xctoolchain/usr/bin/clang-stat-cache /Applications/Xcode.app/Contents/Developer/Platforms/MacOSX.platform/Developer/SDKs/MacOSX15.5.sdk /Users/dave/Library/Developer/Xcode/DerivedData/SDKStatCaches.noindex/macosx15.5-24F74-8254517eb8b97d462ccbc072ba9094c9.sdkstatcache
    cd /Users/Dave/Go/SGFPlayer\ Code/SGFPlayer3D/SGFPlayer3D.xcodeproj
    /Applications/Xcode.app/Contents/Developer/Toolchains/XcodeDefault.xctoolchain/usr/bin/clang-stat-cache /Applications/Xcode.app/Contents/Developer/Platforms/MacOSX.platform/Developer/SDKs/MacOSX15.5.sdk -o /Users/dave/Library/Developer/Xcode/DerivedData/SDKStatCaches.noindex/macosx15.5-24F74-8254517eb8b97d462ccbc072ba9094c9.sdkstatcache

WriteAuxiliaryFile /Users/dave/Library/Developer/Xcode/DerivedData/SGFPlayer3D-clytobqxdmoqeccwzekaxegwfyjh/Build/Intermediates.noindex/SGFPlayer3D.build/Debug/SGFPlayer3D.build/Objects-normal/arm64/SGFPlayer3D.SwiftFileList (in target 'SGFPlayer3D' from project 'SGFPlayer3D')
    cd /Users/Dave/Go/SGFPlayer\ Code/SGFPlayer3D
    write-file /Users/dave/Library/Developer/Xcode/DerivedData/SGFPlayer3D-clytobqxdmoqeccwzekaxegwfyjh/Build/Intermediates.noindex/SGFPlayer3D.build/Debug/SGFPlayer3D.build/Objects-normal/arm64/SGFPlayer3D.SwiftFileList

WriteAuxiliaryFile /Users/dave/Library/Developer/Xcode/DerivedData/SGFPlayer3D-clytobqxdmoqeccwzekaxegwfyjh/Build/Intermediates.noindex/SGFPlayer3D.build/Debug/SGFPlayer3D.build/Objects-normal/arm64/SGFPlayer3D.LinkFileList (in target 'SGFPlayer3D' from project 'SGFPlayer3D')
    cd /Users/Dave/Go/SGFPlayer\ Code/SGFPlayer3D
    write-file /Users/dave/Library/Developer/Xcode/DerivedData/SGFPlayer3D-clytobqxdmoqeccwzekaxegwfyjh/Build/Intermediates.noindex/SGFPlayer3D.build/Debug/SGFPlayer3D.build/Objects-normal/arm64/SGFPlayer3D.LinkFileList

WriteAuxiliaryFile /Users/dave/Library/Developer/Xcode/DerivedData/SGFPlayer3D-clytobqxdmoqeccwzekaxegwfyjh/Build/Intermediates.noindex/SGFPlayer3D.build/Debug/SGFPlayer3D.build/Objects-normal/arm64/SGFPlayer3D.SwiftConstValuesFileList (in target 'SGFPlayer3D' from project 'SGFPlayer3D')
    cd /Users/Dave/Go/SGFPlayer\ Code/SGFPlayer3D
    write-file /Users/dave/Library/Developer/Xcode/DerivedData/SGFPlayer3D-clytobqxdmoqeccwzekaxegwfyjh/Build/Intermediates.noindex/SGFPlayer3D.build/Debug/SGFPlayer3D.build/Objects-normal/arm64/SGFPlayer3D.SwiftConstValuesFileList

ProcessInfoPlistFile /Users/dave/Library/Developer/Xcode/DerivedData/SGFPlayer3D-clytobqxdmoqeccwzekaxegwfyjh/Build/Products/Debug/SGFPlayer3D.app/Contents/Info.plist /Users/dave/Library/Developer/Xcode/DerivedData/SGFPlayer3D-clytobqxdmoqeccwzekaxegwfyjh/Build/Intermediates.noindex/SGFPlayer3D.build/Debug/SGFPlayer3D.build/empty-SGFPlayer3D.plist (in target 'SGFPlayer3D' from project 'SGFPlayer3D')
    cd /Users/Dave/Go/SGFPlayer\ Code/SGFPlayer3D
    builtin-infoPlistUtility /Users/dave/Library/Developer/Xcode/DerivedData/SGFPlayer3D-clytobqxdmoqeccwzekaxegwfyjh/Build/Intermediates.noindex/SGFPlayer3D.build/Debug/SGFPlayer3D.build/empty-SGFPlayer3D.plist -producttype com.apple.product-type.application -genpkginfo /Users/dave/Library/Developer/Xcode/DerivedData/SGFPlayer3D-clytobqxdmoqeccwzekaxegwfyjh/Build/Products/Debug/SGFPlayer3D.app/Contents/PkgInfo -expandbuildsettings -platform macosx -additionalcontentfile /Users/dave/Library/Developer/Xcode/DerivedData/SGFPlayer3D-clytobqxdmoqeccwzekaxegwfyjh/Build/Intermediates.noindex/SGFPlayer3D.build/Debug/SGFPlayer3D.build/assetcatalog_generated_info.plist -o /Users/dave/Library/Developer/Xcode/DerivedData/SGFPlayer3D-clytobqxdmoqeccwzekaxegwfyjh/Build/Products/Debug/SGFPlayer3D.app/Contents/Info.plist

SwiftDriver SGFPlayer3D normal arm64 com.apple.xcode.tools.swift.compiler (in target 'SGFPlayer3D' from project 'SGFPlayer3D')
    cd /Users/Dave/Go/SGFPlayer\ Code/SGFPlayer3D
    builtin-SwiftDriver -- /Applications/Xcode.app/Contents/Developer/Toolchains/XcodeDefault.xctoolchain/usr/bin/swiftc -module-name SGFPlayer3D -Onone -enforce-exclusivity\=checked @/Users/dave/Library/Developer/Xcode/DerivedData/SGFPlayer3D-clytobqxdmoqeccwzekaxegwfyjh/Build/Intermediates.noindex/SGFPlayer3D.build/Debug/SGFPlayer3D.build/Objects-normal/arm64/SGFPlayer3D.SwiftFileList -DDEBUG -enable-bare-slash-regex -enable-experimental-feature DebugDescriptionMacro -sdk /Applications/Xcode.app/Contents/Developer/Platforms/MacOSX.platform/Developer/SDKs/MacOSX15.5.sdk -target arm64-apple-macos15.5 -g -module-cache-path /Users/dave/Library/Developer/Xcode/DerivedData/ModuleCache.noindex -Xfrontend -serialize-debugging-options -profile-coverage-mapping -profile-generate -enable-testing -index-store-path /Users/dave/Library/Developer/Xcode/DerivedData/SGFPlayer3D-clytobqxdmoqeccwzekaxegwfyjh/Index.noindex/DataStore -swift-version 5 -I /Users/dave/Library/Developer/Xcode/DerivedData/SGFPlayer3D-clytobqxdmoqeccwzekaxegwfyjh/Build/Products/Debug -F /Users/dave/Library/Developer/Xcode/DerivedData/SGFPlayer3D-clytobqxdmoqeccwzekaxegwfyjh/Build/Products/Debug -emit-localized-strings -emit-localized-strings-path /Users/dave/Library/Developer/Xcode/DerivedData/SGFPlayer3D-clytobqxdmoqeccwzekaxegwfyjh/Build/Intermediates.noindex/SGFPlayer3D.build/Debug/SGFPlayer3D.build/Objects-normal/arm64 -c -j10 -enable-batch-mode -incremental -Xcc -ivfsstatcache -Xcc /Users/dave/Library/Developer/Xcode/DerivedData/SDKStatCaches.noindex/macosx15.5-24F74-8254517eb8b97d462ccbc072ba9094c9.sdkstatcache -output-file-map /Users/dave/Library/Developer/Xcode/DerivedData/SGFPlayer3D-clytobqxdmoqeccwzekaxegwfyjh/Build/Intermediates.noindex/SGFPlayer3D.build/Debug/SGFPlayer3D.build/Objects-normal/arm64/SGFPlayer3D-OutputFileMap.json -use-frontend-parseable-output -save-temps -no-color-diagnostics -serialize-diagnostics -emit-dependencies -emit-module -emit-module-path /Users/dave/Library/Developer/Xcode/DerivedData/SGFPlayer3D-clytobqxdmoqeccwzekaxegwfyjh/Build/Intermediates.noindex/SGFPlayer3D.build/Debug/SGFPlayer3D.build/Objects-normal/arm64/SGFPlayer3D.swiftmodule -validate-clang-modules-once -clang-build-session-file /Users/dave/Library/Developer/Xcode/DerivedData/ModuleCache.noindex/Session.modulevalidation -Xcc -I/Users/dave/Library/Developer/Xcode/DerivedData/SGFPlayer3D-clytobqxdmoqeccwzekaxegwfyjh/Build/Intermediates.noindex/SGFPlayer3D.build/Debug/SGFPlayer3D.build/swift-overrides.hmap -emit-const-values -Xfrontend -const-gather-protocols-file -Xfrontend /Users/dave/Library/Developer/Xcode/DerivedData/SGFPlayer3D-clytobqxdmoqeccwzekaxegwfyjh/Build/Intermediates.noindex/SGFPlayer3D.build/Debug/SGFPlayer3D.build/Objects-normal/arm64/SGFPlayer3D_const_extract_protocols.json -Xcc -iquote -Xcc /Users/dave/Library/Developer/Xcode/DerivedData/SGFPlayer3D-clytobqxdmoqeccwzekaxegwfyjh/Build/Intermediates.noindex/SGFPlayer3D.build/Debug/SGFPlayer3D.build/SGFPlayer3D-generated-files.hmap -Xcc -I/Users/dave/Library/Developer/Xcode/DerivedData/SGFPlayer3D-clytobqxdmoqeccwzekaxegwfyjh/Build/Intermediates.noindex/SGFPlayer3D.build/Debug/SGFPlayer3D.build/SGFPlayer3D-own-target-headers.hmap -Xcc -I/Users/dave/Library/Developer/Xcode/DerivedData/SGFPlayer3D-clytobqxdmoqeccwzekaxegwfyjh/Build/Intermediates.noindex/SGFPlayer3D.build/Debug/SGFPlayer3D.build/SGFPlayer3D-all-target-headers.hmap -Xcc -iquote -Xcc /Users/dave/Library/Developer/Xcode/DerivedData/SGFPlayer3D-clytobqxdmoqeccwzekaxegwfyjh/Build/Intermediates.noindex/SGFPlayer3D.build/Debug/SGFPlayer3D.build/SGFPlayer3D-project-headers.hmap -Xcc -I/Users/dave/Library/Developer/Xcode/DerivedData/SGFPlayer3D-clytobqxdmoqeccwzekaxegwfyjh/Build/Products/Debug/include -Xcc -I/Users/dave/Library/Developer/Xcode/DerivedData/SGFPlayer3D-clytobqxdmoqeccwzekaxegwfyjh/Build/Intermediates.noindex/SGFPlayer3D.build/Debug/SGFPlayer3D.build/DerivedSources-normal/arm64 -Xcc -I/Users/dave/Library/Developer/Xcode/DerivedData/SGFPlayer3D-clytobqxdmoqeccwzekaxegwfyjh/Build/Intermediates.noindex/SGFPlayer3D.build/Debug/SGFPlayer3D.build/DerivedSources/arm64 -Xcc -I/Users/dave/Library/Developer/Xcode/DerivedData/SGFPlayer3D-clytobqxdmoqeccwzekaxegwfyjh/Build/Intermediates.noindex/SGFPlayer3D.build/Debug/SGFPlayer3D.build/DerivedSources -Xcc -DDEBUG\=1 -emit-objc-header -emit-objc-header-path /Users/dave/Library/Developer/Xcode/DerivedData/SGFPlayer3D-clytobqxdmoqeccwzekaxegwfyjh/Build/Intermediates.noindex/SGFPlayer3D.build/Debug/SGFPlayer3D.build/Objects-normal/arm64/SGFPlayer3D-Swift.h -working-directory /Users/Dave/Go/SGFPlayer\ Code/SGFPlayer3D -experimental-emit-module-separately -disable-cmo

SwiftCompile normal arm64 Compiling\ GameInfoOverlay.swift /Users/Dave/Go/SGFPlayer\ Code/SGFPlayer3D/SGFPlayer3D/Views/GameInfoOverlay.swift (in target 'SGFPlayer3D' from project 'SGFPlayer3D')

SwiftCompile normal arm64 /Users/Dave/Go/SGFPlayer\ Code/SGFPlayer3D/SGFPlayer3D/Views/GameInfoOverlay.swift (in target 'SGFPlayer3D' from project 'SGFPlayer3D')
    cd /Users/Dave/Go/SGFPlayer\ Code/SGFPlayer3D
    

SwiftCompile normal arm64 Compiling\ TimeControlManager.swift /Users/Dave/Go/SGFPlayer\ Code/SGFPlayer3D/SGFPlayer3D/TimeControlManager.swift (in target 'SGFPlayer3D' from project 'SGFPlayer3D')

SwiftCompile normal arm64 /Users/Dave/Go/SGFPlayer\ Code/SGFPlayer3D/SGFPlayer3D/TimeControlManager.swift (in target 'SGFPlayer3D' from project 'SGFPlayer3D')
    cd /Users/Dave/Go/SGFPlayer\ Code/SGFPlayer3D
    

SwiftEmitModule normal arm64 Emitting\ module\ for\ SGFPlayer3D (in target 'SGFPlayer3D' from project 'SGFPlayer3D')
EmitSwiftModule normal arm64 (in target 'SGFPlayer3D' from project 'SGFPlayer3D')
    cd /Users/Dave/Go/SGFPlayer\ Code/SGFPlayer3D
    

SwiftDriverJobDiscovery normal arm64 Compiling TimeControlManager.swift (in target 'SGFPlayer3D' from project 'SGFPlayer3D')

SwiftCompile normal arm64 Compiling\ SGFPlayer3DApp.swift /Users/Dave/Go/SGFPlayer\ Code/SGFPlayer3D/SGFPlayer3D/SGFPlayer3DApp.swift (in target 'SGFPlayer3D' from project 'SGFPlayer3D')

SwiftCompile normal arm64 /Users/Dave/Go/SGFPlayer\ Code/SGFPlayer3D/SGFPlayer3D/SGFPlayer3DApp.swift (in target 'SGFPlayer3D' from project 'SGFPlayer3D')
    cd /Users/Dave/Go/SGFPlayer\ Code/SGFPlayer3D
    

SwiftCompile normal arm64 Compiling\ SettingsPanelView3D.swift /Users/Dave/Go/SGFPlayer\ Code/SGFPlayer3D/SGFPlayer3D/Views/SettingsPanelView3D.swift (in target 'SGFPlayer3D' from project 'SGFPlayer3D')
SwiftCompile normal arm64 /Users/Dave/Go/SGFPlayer\ Code/SGFPlayer3D/SGFPlayer3D/Views/SettingsPanelView3D.swift (in target 'SGFPlayer3D' from project 'SGFPlayer3D')
    cd /Users/Dave/Go/SGFPlayer\ Code/SGFPlayer3D
    

SwiftCompile normal arm64 Compiling\ AppModel.swift /Users/Dave/Go/SGFPlayer\ Code/SGFPlayer3D/SGFPlayer3D/AppModel.swift (in target 'SGFPlayer3D' from project 'SGFPlayer3D')

SwiftCompile normal arm64 /Users/Dave/Go/SGFPlayer\ Code/SGFPlayer3D/SGFPlayer3D/AppModel.swift (in target 'SGFPlayer3D' from project 'SGFPlayer3D')
    cd /Users/Dave/Go/SGFPlayer\ Code/SGFPlayer3D
    

SwiftCompile normal arm64 Compiling\ GameSearchView.swift /Users/Dave/Go/SGFPlayer\ Code/SGFPlayer3D/SGFPlayer3D/Views/GameSearchView.swift (in target 'SGFPlayer3D' from project 'SGFPlayer3D')

SwiftCompile normal arm64 /Users/Dave/Go/SGFPlayer\ Code/SGFPlayer3D/SGFPlayer3D/Views/GameSearchView.swift (in target 'SGFPlayer3D' from project 'SGFPlayer3D')
    cd /Users/Dave/Go/SGFPlayer\ Code/SGFPlayer3D
    

SwiftCompile normal arm64 Compiling\ ContentView.swift /Users/Dave/Go/SGFPlayer\ Code/SGFPlayer3D/SGFPlayer3D/ContentView.swift (in target 'SGFPlayer3D' from project 'SGFPlayer3D')

SwiftCompile normal arm64 /Users/Dave/Go/SGFPlayer\ Code/SGFPlayer3D/SGFPlayer3D/ContentView.swift (in target 'SGFPlayer3D' from project 'SGFPlayer3D')
    cd /Users/Dave/Go/SGFPlayer\ Code/SGFPlayer3D
    
/Users/Dave/Go/SGFPlayer Code/SGFPlayer3D/SGFPlayer3D/ContentView.swift:829:27: warning: call to main actor-isolated instance method 'hideButtons()' in a synchronous nonisolated context; this is an error in the Swift 6 language mode
                uiStateVM.hideButtons()
                          ^
/Users/Dave/Go/SGFPlayer Code/SGFPlayer3D/SGFPlayer3D/ViewModels/UIStateViewModel.swift:112:10: note: calls to instance method 'hideButtons()' from outside of its actor context are implicitly asynchronous
    func hideButtons() {
         ^

SwiftCompile normal arm64 Compiling\ OGSGameViewModel.swift /Users/Dave/Go/SGFPlayer\ Code/SGFPlayer3D/SGFPlayer3D/ViewModels/OGSGameViewModel.swift (in target 'SGFPlayer3D' from project 'SGFPlayer3D')

SwiftCompile normal arm64 /Users/Dave/Go/SGFPlayer\ Code/SGFPlayer3D/SGFPlayer3D/ViewModels/OGSGameViewModel.swift (in target 'SGFPlayer3D' from project 'SGFPlayer3D')
    cd /Users/Dave/Go/SGFPlayer\ Code/SGFPlayer3D
    

SwiftCompile normal arm64 Compiling\ ContentView3D.swift /Users/Dave/Go/SGFPlayer\ Code/SGFPlayer3D/SGFPlayer3D/ContentView3D.swift (in target 'SGFPlayer3D' from project 'SGFPlayer3D')
SwiftCompile normal arm64 /Users/Dave/Go/SGFPlayer\ Code/SGFPlayer3D/SGFPlayer3D/ContentView3D.swift (in target 'SGFPlayer3D' from project 'SGFPlayer3D')
    cd /Users/Dave/Go/SGFPlayer\ Code/SGFPlayer3D
    

SwiftCompile normal arm64 Compiling\ SettingsPanelView.swift /Users/Dave/Go/SGFPlayer\ Code/SGFPlayer3D/SGFPlayer3D/Views/SettingsPanelView.swift (in target 'SGFPlayer3D' from project 'SGFPlayer3D')

SwiftCompile normal arm64 /Users/Dave/Go/SGFPlayer\ Code/SGFPlayer3D/SGFPlayer3D/Views/SettingsPanelView.swift (in target 'SGFPlayer3D' from project 'SGFPlayer3D')
    cd /Users/Dave/Go/SGFPlayer\ Code/SGFPlayer3D
    

SwiftCompile normal arm64 Compiling\ SettingsPanelContainer.swift /Users/Dave/Go/SGFPlayer\ Code/SGFPlayer3D/SGFPlayer3D/Views/SettingsPanelContainer.swift (in target 'SGFPlayer3D' from project 'SGFPlayer3D')

SwiftCompile normal arm64 /Users/Dave/Go/SGFPlayer\ Code/SGFPlayer3D/SGFPlayer3D/Views/SettingsPanelContainer.swift (in target 'SGFPlayer3D' from project 'SGFPlayer3D')
    cd /Users/Dave/Go/SGFPlayer\ Code/SGFPlayer3D
    

SwiftDriverJobDiscovery normal arm64 Compiling GameInfoOverlay.swift (in target 'SGFPlayer3D' from project 'SGFPlayer3D')

SwiftDriverJobDiscovery normal arm64 Compiling SGFPlayer3DApp.swift (in target 'SGFPlayer3D' from project 'SGFPlayer3D')

SwiftDriverJobDiscovery normal arm64 Compiling SettingsPanelContainer.swift (in target 'SGFPlayer3D' from project 'SGFPlayer3D')

SwiftDriverJobDiscovery normal arm64 Compiling OGSGameViewModel.swift (in target 'SGFPlayer3D' from project 'SGFPlayer3D')

SwiftDriverJobDiscovery normal arm64 Emitting module for SGFPlayer3D (in target 'SGFPlayer3D' from project 'SGFPlayer3D')

SwiftDriver\ Compilation\ Requirements SGFPlayer3D normal arm64 com.apple.xcode.tools.swift.compiler (in target 'SGFPlayer3D' from project 'SGFPlayer3D')
    cd /Users/Dave/Go/SGFPlayer\ Code/SGFPlayer3D
    builtin-Swift-Compilation-Requirements -- /Applications/Xcode.app/Contents/Developer/Toolchains/XcodeDefault.xctoolchain/usr/bin/swiftc -module-name SGFPlayer3D -Onone -enforce-exclusivity\=checked @/Users/dave/Library/Developer/Xcode/DerivedData/SGFPlayer3D-clytobqxdmoqeccwzekaxegwfyjh/Build/Intermediates.noindex/SGFPlayer3D.build/Debug/SGFPlayer3D.build/Objects-normal/arm64/SGFPlayer3D.SwiftFileList -DDEBUG -enable-bare-slash-regex -enable-experimental-feature DebugDescriptionMacro -sdk /Applications/Xcode.app/Contents/Developer/Platforms/MacOSX.platform/Developer/SDKs/MacOSX15.5.sdk -target arm64-apple-macos15.5 -g -module-cache-path /Users/dave/Library/Developer/Xcode/DerivedData/ModuleCache.noindex -Xfrontend -serialize-debugging-options -profile-coverage-mapping -profile-generate -enable-testing -index-store-path /Users/dave/Library/Developer/Xcode/DerivedData/SGFPlayer3D-clytobqxdmoqeccwzekaxegwfyjh/Index.noindex/DataStore -swift-version 5 -I /Users/dave/Library/Developer/Xcode/DerivedData/SGFPlayer3D-clytobqxdmoqeccwzekaxegwfyjh/Build/Products/Debug -F /Users/dave/Library/Developer/Xcode/DerivedData/SGFPlayer3D-clytobqxdmoqeccwzekaxegwfyjh/Build/Products/Debug -emit-localized-strings -emit-localized-strings-path /Users/dave/Library/Developer/Xcode/DerivedData/SGFPlayer3D-clytobqxdmoqeccwzekaxegwfyjh/Build/Intermediates.noindex/SGFPlayer3D.build/Debug/SGFPlayer3D.build/Objects-normal/arm64 -c -j10 -enable-batch-mode -incremental -Xcc -ivfsstatcache -Xcc /Users/dave/Library/Developer/Xcode/DerivedData/SDKStatCaches.noindex/macosx15.5-24F74-8254517eb8b97d462ccbc072ba9094c9.sdkstatcache -output-file-map /Users/dave/Library/Developer/Xcode/DerivedData/SGFPlayer3D-clytobqxdmoqeccwzekaxegwfyjh/Build/Intermediates.noindex/SGFPlayer3D.build/Debug/SGFPlayer3D.build/Objects-normal/arm64/SGFPlayer3D-OutputFileMap.json -use-frontend-parseable-output -save-temps -no-color-diagnostics -serialize-diagnostics -emit-dependencies -emit-module -emit-module-path /Users/dave/Library/Developer/Xcode/DerivedData/SGFPlayer3D-clytobqxdmoqeccwzekaxegwfyjh/Build/Intermediates.noindex/SGFPlayer3D.build/Debug/SGFPlayer3D.build/Objects-normal/arm64/SGFPlayer3D.swiftmodule -validate-clang-modules-once -clang-build-session-file /Users/dave/Library/Developer/Xcode/DerivedData/ModuleCache.noindex/Session.modulevalidation -Xcc -I/Users/dave/Library/Developer/Xcode/DerivedData/SGFPlayer3D-clytobqxdmoqeccwzekaxegwfyjh/Build/Intermediates.noindex/SGFPlayer3D.build/Debug/SGFPlayer3D.build/swift-overrides.hmap -emit-const-values -Xfrontend -const-gather-protocols-file -Xfrontend /Users/dave/Library/Developer/Xcode/DerivedData/SGFPlayer3D-clytobqxdmoqeccwzekaxegwfyjh/Build/Intermediates.noindex/SGFPlayer3D.build/Debug/SGFPlayer3D.build/Objects-normal/arm64/SGFPlayer3D_const_extract_protocols.json -Xcc -iquote -Xcc /Users/dave/Library/Developer/Xcode/DerivedData/SGFPlayer3D-clytobqxdmoqeccwzekaxegwfyjh/Build/Intermediates.noindex/SGFPlayer3D.build/Debug/SGFPlayer3D.build/SGFPlayer3D-generated-files.hmap -Xcc -I/Users/dave/Library/Developer/Xcode/DerivedData/SGFPlayer3D-clytobqxdmoqeccwzekaxegwfyjh/Build/Intermediates.noindex/SGFPlayer3D.build/Debug/SGFPlayer3D.build/SGFPlayer3D-own-target-headers.hmap -Xcc -I/Users/dave/Library/Developer/Xcode/DerivedData/SGFPlayer3D-clytobqxdmoqeccwzekaxegwfyjh/Build/Intermediates.noindex/SGFPlayer3D.build/Debug/SGFPlayer3D.build/SGFPlayer3D-all-target-headers.hmap -Xcc -iquote -Xcc /Users/dave/Library/Developer/Xcode/DerivedData/SGFPlayer3D-clytobqxdmoqeccwzekaxegwfyjh/Build/Intermediates.noindex/SGFPlayer3D.build/Debug/SGFPlayer3D.build/SGFPlayer3D-project-headers.hmap -Xcc -I/Users/dave/Library/Developer/Xcode/DerivedData/SGFPlayer3D-clytobqxdmoqeccwzekaxegwfyjh/Build/Products/Debug/include -Xcc -I/Users/dave/Library/Developer/Xcode/DerivedData/SGFPlayer3D-clytobqxdmoqeccwzekaxegwfyjh/Build/Intermediates.noindex/SGFPlayer3D.build/Debug/SGFPlayer3D.build/DerivedSources-normal/arm64 -Xcc -I/Users/dave/Library/Developer/Xcode/DerivedData/SGFPlayer3D-clytobqxdmoqeccwzekaxegwfyjh/Build/Intermediates.noindex/SGFPlayer3D.build/Debug/SGFPlayer3D.build/DerivedSources/arm64 -Xcc -I/Users/dave/Library/Developer/Xcode/DerivedData/SGFPlayer3D-clytobqxdmoqeccwzekaxegwfyjh/Build/Intermediates.noindex/SGFPlayer3D.build/Debug/SGFPlayer3D.build/DerivedSources -Xcc -DDEBUG\=1 -emit-objc-header -emit-objc-header-path /Users/dave/Library/Developer/Xcode/DerivedData/SGFPlayer3D-clytobqxdmoqeccwzekaxegwfyjh/Build/Intermediates.noindex/SGFPlayer3D.build/Debug/SGFPlayer3D.build/Objects-normal/arm64/SGFPlayer3D-Swift.h -working-directory /Users/Dave/Go/SGFPlayer\ Code/SGFPlayer3D -experimental-emit-module-separately -disable-cmo

Copy /Users/dave/Library/Developer/Xcode/DerivedData/SGFPlayer3D-clytobqxdmoqeccwzekaxegwfyjh/Build/Products/Debug/SGFPlayer3D.swiftmodule/arm64-apple-macos.swiftmodule /Users/dave/Library/Developer/Xcode/DerivedData/SGFPlayer3D-clytobqxdmoqeccwzekaxegwfyjh/Build/Intermediates.noindex/SGFPlayer3D.build/Debug/SGFPlayer3D.build/Objects-normal/arm64/SGFPlayer3D.swiftmodule (in target 'SGFPlayer3D' from project 'SGFPlayer3D')
    cd /Users/Dave/Go/SGFPlayer\ Code/SGFPlayer3D
    builtin-copy -exclude .DS_Store -exclude CVS -exclude .svn -exclude .git -exclude .hg -resolve-src-symlinks -rename /Users/dave/Library/Developer/Xcode/DerivedData/SGFPlayer3D-clytobqxdmoqeccwzekaxegwfyjh/Build/Intermediates.noindex/SGFPlayer3D.build/Debug/SGFPlayer3D.build/Objects-normal/arm64/SGFPlayer3D.swiftmodule /Users/dave/Library/Developer/Xcode/DerivedData/SGFPlayer3D-clytobqxdmoqeccwzekaxegwfyjh/Build/Products/Debug/SGFPlayer3D.swiftmodule/arm64-apple-macos.swiftmodule

Copy /Users/dave/Library/Developer/Xcode/DerivedData/SGFPlayer3D-clytobqxdmoqeccwzekaxegwfyjh/Build/Products/Debug/SGFPlayer3D.swiftmodule/arm64-apple-macos.swiftdoc /Users/dave/Library/Developer/Xcode/DerivedData/SGFPlayer3D-clytobqxdmoqeccwzekaxegwfyjh/Build/Intermediates.noindex/SGFPlayer3D.build/Debug/SGFPlayer3D.build/Objects-normal/arm64/SGFPlayer3D.swiftdoc (in target 'SGFPlayer3D' from project 'SGFPlayer3D')
    cd /Users/Dave/Go/SGFPlayer\ Code/SGFPlayer3D
    builtin-copy -exclude .DS_Store -exclude CVS -exclude .svn -exclude .git -exclude .hg -resolve-src-symlinks -rename /Users/dave/Library/Developer/Xcode/DerivedData/SGFPlayer3D-clytobqxdmoqeccwzekaxegwfyjh/Build/Intermediates.noindex/SGFPlayer3D.build/Debug/SGFPlayer3D.build/Objects-normal/arm64/SGFPlayer3D.swiftdoc /Users/dave/Library/Developer/Xcode/DerivedData/SGFPlayer3D-clytobqxdmoqeccwzekaxegwfyjh/Build/Products/Debug/SGFPlayer3D.swiftmodule/arm64-apple-macos.swiftdoc

Copy /Users/dave/Library/Developer/Xcode/DerivedData/SGFPlayer3D-clytobqxdmoqeccwzekaxegwfyjh/Build/Products/Debug/SGFPlayer3D.swiftmodule/Project/arm64-apple-macos.swiftsourceinfo /Users/dave/Library/Developer/Xcode/DerivedData/SGFPlayer3D-clytobqxdmoqeccwzekaxegwfyjh/Build/Intermediates.noindex/SGFPlayer3D.build/Debug/SGFPlayer3D.build/Objects-normal/arm64/SGFPlayer3D.swiftsourceinfo (in target 'SGFPlayer3D' from project 'SGFPlayer3D')
    cd /Users/Dave/Go/SGFPlayer\ Code/SGFPlayer3D
    builtin-copy -exclude .DS_Store -exclude CVS -exclude .svn -exclude .git -exclude .hg -resolve-src-symlinks -rename /Users/dave/Library/Developer/Xcode/DerivedData/SGFPlayer3D-clytobqxdmoqeccwzekaxegwfyjh/Build/Intermediates.noindex/SGFPlayer3D.build/Debug/SGFPlayer3D.build/Objects-normal/arm64/SGFPlayer3D.swiftsourceinfo /Users/dave/Library/Developer/Xcode/DerivedData/SGFPlayer3D-clytobqxdmoqeccwzekaxegwfyjh/Build/Products/Debug/SGFPlayer3D.swiftmodule/Project/arm64-apple-macos.swiftsourceinfo

Copy /Users/dave/Library/Developer/Xcode/DerivedData/SGFPlayer3D-clytobqxdmoqeccwzekaxegwfyjh/Build/Products/Debug/SGFPlayer3D.swiftmodule/arm64-apple-macos.abi.json /Users/dave/Library/Developer/Xcode/DerivedData/SGFPlayer3D-clytobqxdmoqeccwzekaxegwfyjh/Build/Intermediates.noindex/SGFPlayer3D.build/Debug/SGFPlayer3D.build/Objects-normal/arm64/SGFPlayer3D.abi.json (in target 'SGFPlayer3D' from project 'SGFPlayer3D')
    cd /Users/Dave/Go/SGFPlayer\ Code/SGFPlayer3D
    builtin-copy -exclude .DS_Store -exclude CVS -exclude .svn -exclude .git -exclude .hg -resolve-src-symlinks -rename /Users/dave/Library/Developer/Xcode/DerivedData/SGFPlayer3D-clytobqxdmoqeccwzekaxegwfyjh/Build/Intermediates.noindex/SGFPlayer3D.build/Debug/SGFPlayer3D.build/Objects-normal/arm64/SGFPlayer3D.abi.json /Users/dave/Library/Developer/Xcode/DerivedData/SGFPlayer3D-clytobqxdmoqeccwzekaxegwfyjh/Build/Products/Debug/SGFPlayer3D.swiftmodule/arm64-apple-macos.abi.json

SwiftDriverJobDiscovery normal arm64 Compiling AppModel.swift (in target 'SGFPlayer3D' from project 'SGFPlayer3D')

SwiftDriverJobDiscovery normal arm64 Compiling GameSearchView.swift (in target 'SGFPlayer3D' from project 'SGFPlayer3D')

SwiftDriverJobDiscovery normal arm64 Compiling ContentView.swift (in target 'SGFPlayer3D' from project 'SGFPlayer3D')

SwiftDriverJobDiscovery normal arm64 Compiling SettingsPanelView3D.swift (in target 'SGFPlayer3D' from project 'SGFPlayer3D')

SwiftDriverJobDiscovery normal arm64 Compiling SettingsPanelView.swift (in target 'SGFPlayer3D' from project 'SGFPlayer3D')

SwiftDriverJobDiscovery normal arm64 Compiling ContentView3D.swift (in target 'SGFPlayer3D' from project 'SGFPlayer3D')

SwiftDriver\ Compilation SGFPlayer3D normal arm64 com.apple.xcode.tools.swift.compiler (in target 'SGFPlayer3D' from project 'SGFPlayer3D')
    cd /Users/Dave/Go/SGFPlayer\ Code/SGFPlayer3D
    builtin-Swift-Compilation -- /Applications/Xcode.app/Contents/Developer/Toolchains/XcodeDefault.xctoolchain/usr/bin/swiftc -module-name SGFPlayer3D -Onone -enforce-exclusivity\=checked @/Users/dave/Library/Developer/Xcode/DerivedData/SGFPlayer3D-clytobqxdmoqeccwzekaxegwfyjh/Build/Intermediates.noindex/SGFPlayer3D.build/Debug/SGFPlayer3D.build/Objects-normal/arm64/SGFPlayer3D.SwiftFileList -DDEBUG -enable-bare-slash-regex -enable-experimental-feature DebugDescriptionMacro -sdk /Applications/Xcode.app/Contents/Developer/Platforms/MacOSX.platform/Developer/SDKs/MacOSX15.5.sdk -target arm64-apple-macos15.5 -g -module-cache-path /Users/dave/Library/Developer/Xcode/DerivedData/ModuleCache.noindex -Xfrontend -serialize-debugging-options -profile-coverage-mapping -profile-generate -enable-testing -index-store-path /Users/dave/Library/Developer/Xcode/DerivedData/SGFPlayer3D-clytobqxdmoqeccwzekaxegwfyjh/Index.noindex/DataStore -swift-version 5 -I /Users/dave/Library/Developer/Xcode/DerivedData/SGFPlayer3D-clytobqxdmoqeccwzekaxegwfyjh/Build/Products/Debug -F /Users/dave/Library/Developer/Xcode/DerivedData/SGFPlayer3D-clytobqxdmoqeccwzekaxegwfyjh/Build/Products/Debug -emit-localized-strings -emit-localized-strings-path /Users/dave/Library/Developer/Xcode/DerivedData/SGFPlayer3D-clytobqxdmoqeccwzekaxegwfyjh/Build/Intermediates.noindex/SGFPlayer3D.build/Debug/SGFPlayer3D.build/Objects-normal/arm64 -c -j10 -enable-batch-mode -incremental -Xcc -ivfsstatcache -Xcc /Users/dave/Library/Developer/Xcode/DerivedData/SDKStatCaches.noindex/macosx15.5-24F74-8254517eb8b97d462ccbc072ba9094c9.sdkstatcache -output-file-map /Users/dave/Library/Developer/Xcode/DerivedData/SGFPlayer3D-clytobqxdmoqeccwzekaxegwfyjh/Build/Intermediates.noindex/SGFPlayer3D.build/Debug/SGFPlayer3D.build/Objects-normal/arm64/SGFPlayer3D-OutputFileMap.json -use-frontend-parseable-output -save-temps -no-color-diagnostics -serialize-diagnostics -emit-dependencies -emit-module -emit-module-path /Users/dave/Library/Developer/Xcode/DerivedData/SGFPlayer3D-clytobqxdmoqeccwzekaxegwfyjh/Build/Intermediates.noindex/SGFPlayer3D.build/Debug/SGFPlayer3D.build/Objects-normal/arm64/SGFPlayer3D.swiftmodule -validate-clang-modules-once -clang-build-session-file /Users/dave/Library/Developer/Xcode/DerivedData/ModuleCache.noindex/Session.modulevalidation -Xcc -I/Users/dave/Library/Developer/Xcode/DerivedData/SGFPlayer3D-clytobqxdmoqeccwzekaxegwfyjh/Build/Intermediates.noindex/SGFPlayer3D.build/Debug/SGFPlayer3D.build/swift-overrides.hmap -emit-const-values -Xfrontend -const-gather-protocols-file -Xfrontend /Users/dave/Library/Developer/Xcode/DerivedData/SGFPlayer3D-clytobqxdmoqeccwzekaxegwfyjh/Build/Intermediates.noindex/SGFPlayer3D.build/Debug/SGFPlayer3D.build/Objects-normal/arm64/SGFPlayer3D_const_extract_protocols.json -Xcc -iquote -Xcc /Users/dave/Library/Developer/Xcode/DerivedData/SGFPlayer3D-clytobqxdmoqeccwzekaxegwfyjh/Build/Intermediates.noindex/SGFPlayer3D.build/Debug/SGFPlayer3D.build/SGFPlayer3D-generated-files.hmap -Xcc -I/Users/dave/Library/Developer/Xcode/DerivedData/SGFPlayer3D-clytobqxdmoqeccwzekaxegwfyjh/Build/Intermediates.noindex/SGFPlayer3D.build/Debug/SGFPlayer3D.build/SGFPlayer3D-own-target-headers.hmap -Xcc -I/Users/dave/Library/Developer/Xcode/DerivedData/SGFPlayer3D-clytobqxdmoqeccwzekaxegwfyjh/Build/Intermediates.noindex/SGFPlayer3D.build/Debug/SGFPlayer3D.build/SGFPlayer3D-all-target-headers.hmap -Xcc -iquote -Xcc /Users/dave/Library/Developer/Xcode/DerivedData/SGFPlayer3D-clytobqxdmoqeccwzekaxegwfyjh/Build/Intermediates.noindex/SGFPlayer3D.build/Debug/SGFPlayer3D.build/SGFPlayer3D-project-headers.hmap -Xcc -I/Users/dave/Library/Developer/Xcode/DerivedData/SGFPlayer3D-clytobqxdmoqeccwzekaxegwfyjh/Build/Products/Debug/include -Xcc -I/Users/dave/Library/Developer/Xcode/DerivedData/SGFPlayer3D-clytobqxdmoqeccwzekaxegwfyjh/Build/Intermediates.noindex/SGFPlayer3D.build/Debug/SGFPlayer3D.build/DerivedSources-normal/arm64 -Xcc -I/Users/dave/Library/Developer/Xcode/DerivedData/SGFPlayer3D-clytobqxdmoqeccwzekaxegwfyjh/Build/Intermediates.noindex/SGFPlayer3D.build/Debug/SGFPlayer3D.build/DerivedSources/arm64 -Xcc -I/Users/dave/Library/Developer/Xcode/DerivedData/SGFPlayer3D-clytobqxdmoqeccwzekaxegwfyjh/Build/Intermediates.noindex/SGFPlayer3D.build/Debug/SGFPlayer3D.build/DerivedSources -Xcc -DDEBUG\=1 -emit-objc-header -emit-objc-header-path /Users/dave/Library/Developer/Xcode/DerivedData/SGFPlayer3D-clytobqxdmoqeccwzekaxegwfyjh/Build/Intermediates.noindex/SGFPlayer3D.build/Debug/SGFPlayer3D.build/Objects-normal/arm64/SGFPlayer3D-Swift.h -working-directory /Users/Dave/Go/SGFPlayer\ Code/SGFPlayer3D -experimental-emit-module-separately -disable-cmo

Ld /Users/dave/Library/Developer/Xcode/DerivedData/SGFPlayer3D-clytobqxdmoqeccwzekaxegwfyjh/Build/Products/Debug/SGFPlayer3D.app/Contents/MacOS/SGFPlayer3D.debug.dylib normal (in target 'SGFPlayer3D' from project 'SGFPlayer3D')
    cd /Users/Dave/Go/SGFPlayer\ Code/SGFPlayer3D
    /Applications/Xcode.app/Contents/Developer/Toolchains/XcodeDefault.xctoolchain/usr/bin/clang -Xlinker -reproducible -target arm64-apple-macos15.5 -dynamiclib -isysroot /Applications/Xcode.app/Contents/Developer/Platforms/MacOSX.platform/Developer/SDKs/MacOSX15.5.sdk -O0 -L/Users/dave/Library/Developer/Xcode/DerivedData/SGFPlayer3D-clytobqxdmoqeccwzekaxegwfyjh/Build/Intermediates.noindex/EagerLinkingTBDs/Debug -L/Users/dave/Library/Developer/Xcode/DerivedData/SGFPlayer3D-clytobqxdmoqeccwzekaxegwfyjh/Build/Products/Debug -F/Users/dave/Library/Developer/Xcode/DerivedData/SGFPlayer3D-clytobqxdmoqeccwzekaxegwfyjh/Build/Intermediates.noindex/EagerLinkingTBDs/Debug -F/Users/dave/Library/Developer/Xcode/DerivedData/SGFPlayer3D-clytobqxdmoqeccwzekaxegwfyjh/Build/Products/Debug -filelist /Users/dave/Library/Developer/Xcode/DerivedData/SGFPlayer3D-clytobqxdmoqeccwzekaxegwfyjh/Build/Intermediates.noindex/SGFPlayer3D.build/Debug/SGFPlayer3D.build/Objects-normal/arm64/SGFPlayer3D.LinkFileList -install_name @rpath/SGFPlayer3D.debug.dylib -Xlinker -rpath -Xlinker @executable_path/../Frameworks -Xlinker -object_path_lto -Xlinker /Users/dave/Library/Developer/Xcode/DerivedData/SGFPlayer3D-clytobqxdmoqeccwzekaxegwfyjh/Build/Intermediates.noindex/SGFPlayer3D.build/Debug/SGFPlayer3D.build/Objects-normal/arm64/SGFPlayer3D_lto.o -rdynamic -Xlinker -no_deduplicate -Xlinker -debug_variant -Xlinker -dependency_info -Xlinker /Users/dave/Library/Developer/Xcode/DerivedData/SGFPlayer3D-clytobqxdmoqeccwzekaxegwfyjh/Build/Intermediates.noindex/SGFPlayer3D.build/Debug/SGFPlayer3D.build/Objects-normal/arm64/SGFPlayer3D_dependency_info.dat -fobjc-link-runtime -fprofile-instr-generate -L/Applications/Xcode.app/Contents/Developer/Toolchains/XcodeDefault.xctoolchain/usr/lib/swift/macosx -L/usr/lib/swift -Xlinker -add_ast_path -Xlinker /Users/dave/Library/Developer/Xcode/DerivedData/SGFPlayer3D-clytobqxdmoqeccwzekaxegwfyjh/Build/Intermediates.noindex/SGFPlayer3D.build/Debug/SGFPlayer3D.build/Objects-normal/arm64/SGFPlayer3D.swiftmodule -Xlinker -alias -Xlinker _main -Xlinker ___debug_main_executable_dylib_entry_point -Xlinker -no_adhoc_codesign -o /Users/dave/Library/Developer/Xcode/DerivedData/SGFPlayer3D-clytobqxdmoqeccwzekaxegwfyjh/Build/Products/Debug/SGFPlayer3D.app/Contents/MacOS/SGFPlayer3D.debug.dylib

ConstructStubExecutorLinkFileList /Users/dave/Library/Developer/Xcode/DerivedData/SGFPlayer3D-clytobqxdmoqeccwzekaxegwfyjh/Build/Intermediates.noindex/SGFPlayer3D.build/Debug/SGFPlayer3D.build/SGFPlayer3D-ExecutorLinkFileList-normal-arm64.txt (in target 'SGFPlayer3D' from project 'SGFPlayer3D')
    cd /Users/Dave/Go/SGFPlayer\ Code/SGFPlayer3D
    construct-stub-executor-link-file-list /Users/dave/Library/Developer/Xcode/DerivedData/SGFPlayer3D-clytobqxdmoqeccwzekaxegwfyjh/Build/Products/Debug/SGFPlayer3D.app/Contents/MacOS/SGFPlayer3D.debug.dylib /Applications/Xcode.app/Contents/Developer/Platforms/MacOSX.platform/Developer/usr/lib/libPreviewsJITStubExecutor_no_swift_entry_point.a /Applications/Xcode.app/Contents/Developer/Platforms/MacOSX.platform/Developer/usr/lib/libPreviewsJITStubExecutor.a --output /Users/dave/Library/Developer/Xcode/DerivedData/SGFPlayer3D-clytobqxdmoqeccwzekaxegwfyjh/Build/Intermediates.noindex/SGFPlayer3D.build/Debug/SGFPlayer3D.build/SGFPlayer3D-ExecutorLinkFileList-normal-arm64.txt
note: Using stub executor library with Swift entry point. (in target 'SGFPlayer3D' from project 'SGFPlayer3D')

Ld /Users/dave/Library/Developer/Xcode/DerivedData/SGFPlayer3D-clytobqxdmoqeccwzekaxegwfyjh/Build/Products/Debug/SGFPlayer3D.app/Contents/MacOS/SGFPlayer3D normal (in target 'SGFPlayer3D' from project 'SGFPlayer3D')
    cd /Users/Dave/Go/SGFPlayer\ Code/SGFPlayer3D
    /Applications/Xcode.app/Contents/Developer/Toolchains/XcodeDefault.xctoolchain/usr/bin/clang -Xlinker -reproducible -target arm64-apple-macos15.5 -isysroot /Applications/Xcode.app/Contents/Developer/Platforms/MacOSX.platform/Developer/SDKs/MacOSX15.5.sdk -O0 -L/Users/dave/Library/Developer/Xcode/DerivedData/SGFPlayer3D-clytobqxdmoqeccwzekaxegwfyjh/Build/Products/Debug -F/Users/dave/Library/Developer/Xcode/DerivedData/SGFPlayer3D-clytobqxdmoqeccwzekaxegwfyjh/Build/Products/Debug -Xlinker -rpath -Xlinker @executable_path -Xlinker -rpath -Xlinker @executable_path/../Frameworks -rdynamic -Xlinker -no_deduplicate -Xlinker -debug_variant -e ___debug_blank_executor_main -Xlinker -sectcreate -Xlinker __TEXT -Xlinker __debug_dylib -Xlinker /Users/dave/Library/Developer/Xcode/DerivedData/SGFPlayer3D-clytobqxdmoqeccwzekaxegwfyjh/Build/Intermediates.noindex/SGFPlayer3D.build/Debug/SGFPlayer3D.build/SGFPlayer3D-DebugDylibPath-normal-arm64.txt -Xlinker -sectcreate -Xlinker __TEXT -Xlinker __debug_instlnm -Xlinker /Users/dave/Library/Developer/Xcode/DerivedData/SGFPlayer3D-clytobqxdmoqeccwzekaxegwfyjh/Build/Intermediates.noindex/SGFPlayer3D.build/Debug/SGFPlayer3D.build/SGFPlayer3D-DebugDylibInstallName-normal-arm64.txt -Xlinker -filelist -Xlinker /Users/dave/Library/Developer/Xcode/DerivedData/SGFPlayer3D-clytobqxdmoqeccwzekaxegwfyjh/Build/Intermediates.noindex/SGFPlayer3D.build/Debug/SGFPlayer3D.build/SGFPlayer3D-ExecutorLinkFileList-normal-arm64.txt /Users/dave/Library/Developer/Xcode/DerivedData/SGFPlayer3D-clytobqxdmoqeccwzekaxegwfyjh/Build/Products/Debug/SGFPlayer3D.app/Contents/MacOS/SGFPlayer3D.debug.dylib -Xlinker -no_adhoc_codesign -o /Users/dave/Library/Developer/Xcode/DerivedData/SGFPlayer3D-clytobqxdmoqeccwzekaxegwfyjh/Build/Products/Debug/SGFPlayer3D.app/Contents/MacOS/SGFPlayer3D

CopySwiftLibs /Users/dave/Library/Developer/Xcode/DerivedData/SGFPlayer3D-clytobqxdmoqeccwzekaxegwfyjh/Build/Products/Debug/SGFPlayer3D.app (in target 'SGFPlayer3D' from project 'SGFPlayer3D')
    cd /Users/Dave/Go/SGFPlayer\ Code/SGFPlayer3D
    builtin-swiftStdLibTool --copy --verbose --sign 99A98FCF9ECA930B5CE0B0CE7A4034559AE8FF28 --scan-executable /Users/dave/Library/Developer/Xcode/DerivedData/SGFPlayer3D-clytobqxdmoqeccwzekaxegwfyjh/Build/Products/Debug/SGFPlayer3D.app/Contents/MacOS/SGFPlayer3D.debug.dylib --scan-folder /Users/dave/Library/Developer/Xcode/DerivedData/SGFPlayer3D-clytobqxdmoqeccwzekaxegwfyjh/Build/Products/Debug/SGFPlayer3D.app/Contents/Frameworks --scan-folder /Users/dave/Library/Developer/Xcode/DerivedData/SGFPlayer3D-clytobqxdmoqeccwzekaxegwfyjh/Build/Products/Debug/SGFPlayer3D.app/Contents/PlugIns --scan-folder /Users/dave/Library/Developer/Xcode/DerivedData/SGFPlayer3D-clytobqxdmoqeccwzekaxegwfyjh/Build/Products/Debug/SGFPlayer3D.app/Contents/Library/SystemExtensions --scan-folder /Users/dave/Library/Developer/Xcode/DerivedData/SGFPlayer3D-clytobqxdmoqeccwzekaxegwfyjh/Build/Products/Debug/SGFPlayer3D.app/Contents/Extensions --platform macosx --toolchain /Applications/Xcode.app/Contents/Developer/Toolchains/XcodeDefault.xctoolchain --destination /Users/dave/Library/Developer/Xcode/DerivedData/SGFPlayer3D-clytobqxdmoqeccwzekaxegwfyjh/Build/Products/Debug/SGFPlayer3D.app/Contents/Frameworks --strip-bitcode --strip-bitcode-tool /Applications/Xcode.app/Contents/Developer/Toolchains/XcodeDefault.xctoolchain/usr/bin/bitcode_strip --emit-dependency-info /Users/dave/Library/Developer/Xcode/DerivedData/SGFPlayer3D-clytobqxdmoqeccwzekaxegwfyjh/Build/Intermediates.noindex/SGFPlayer3D.build/Debug/SGFPlayer3D.build/SwiftStdLibToolInputDependencies.dep --filter-for-swift-os

ExtractAppIntentsMetadata (in target 'SGFPlayer3D' from project 'SGFPlayer3D')
    cd /Users/Dave/Go/SGFPlayer\ Code/SGFPlayer3D
    /Applications/Xcode.app/Contents/Developer/Toolchains/XcodeDefault.xctoolchain/usr/bin/appintentsmetadataprocessor --toolchain-dir /Applications/Xcode.app/Contents/Developer/Toolchains/XcodeDefault.xctoolchain --module-name SGFPlayer3D --sdk-root /Applications/Xcode.app/Contents/Developer/Platforms/MacOSX.platform/Developer/SDKs/MacOSX15.5.sdk --xcode-version 16F6 --platform-family macOS --deployment-target 15.5 --bundle-identifier com.davemarvit.SGFPlayer3D --output /Users/dave/Library/Developer/Xcode/DerivedData/SGFPlayer3D-clytobqxdmoqeccwzekaxegwfyjh/Build/Products/Debug/SGFPlayer3D.app/Contents/Resources --target-triple arm64-apple-macos15.5 --binary-file /Users/dave/Library/Developer/Xcode/DerivedData/SGFPlayer3D-clytobqxdmoqeccwzekaxegwfyjh/Build/Products/Debug/SGFPlayer3D.app/Contents/MacOS/SGFPlayer3D --dependency-file /Users/dave/Library/Developer/Xcode/DerivedData/SGFPlayer3D-clytobqxdmoqeccwzekaxegwfyjh/Build/Intermediates.noindex/SGFPlayer3D.build/Debug/SGFPlayer3D.build/Objects-normal/arm64/SGFPlayer3D_dependency_info.dat --stringsdata-file /Users/dave/Library/Developer/Xcode/DerivedData/SGFPlayer3D-clytobqxdmoqeccwzekaxegwfyjh/Build/Intermediates.noindex/SGFPlayer3D.build/Debug/SGFPlayer3D.build/Objects-normal/arm64/ExtractedAppShortcutsMetadata.stringsdata --source-file-list /Users/dave/Library/Developer/Xcode/DerivedData/SGFPlayer3D-clytobqxdmoqeccwzekaxegwfyjh/Build/Intermediates.noindex/SGFPlayer3D.build/Debug/SGFPlayer3D.build/Objects-normal/arm64/SGFPlayer3D.SwiftFileList --metadata-file-list /Users/dave/Library/Developer/Xcode/DerivedData/SGFPlayer3D-clytobqxdmoqeccwzekaxegwfyjh/Build/Intermediates.noindex/SGFPlayer3D.build/Debug/SGFPlayer3D.build/SGFPlayer3D.DependencyMetadataFileList --static-metadata-file-list /Users/dave/Library/Developer/Xcode/DerivedData/SGFPlayer3D-clytobqxdmoqeccwzekaxegwfyjh/Build/Intermediates.noindex/SGFPlayer3D.build/Debug/SGFPlayer3D.build/SGFPlayer3D.DependencyStaticMetadataFileList --swift-const-vals-list /Users/dave/Library/Developer/Xcode/DerivedData/SGFPlayer3D-clytobqxdmoqeccwzekaxegwfyjh/Build/Intermediates.noindex/SGFPlayer3D.build/Debug/SGFPlayer3D.build/Objects-normal/arm64/SGFPlayer3D.SwiftConstValuesFileList --compile-time-extraction --deployment-aware-processing --validate-assistant-intents --no-app-shortcuts-localization
2025-10-17 21:34:04.392 appintentsmetadataprocessor[33264:4036735] Starting appintentsmetadataprocessor export
2025-10-17 21:34:04.394 appintentsmetadataprocessor[33264:4036735] warning: Metadata extraction skipped. No AppIntents.framework dependency found.

CodeSign /Users/dave/Library/Developer/Xcode/DerivedData/SGFPlayer3D-clytobqxdmoqeccwzekaxegwfyjh/Build/Products/Debug/SGFPlayer3D.app/Contents/MacOS/SGFPlayer3D.debug.dylib (in target 'SGFPlayer3D' from project 'SGFPlayer3D')
    cd /Users/Dave/Go/SGFPlayer\ Code/SGFPlayer3D
    
    Signing Identity:     "Apple Development: dave@marvit.org (KL48K8A37R)"
    
    /usr/bin/codesign --force --sign 99A98FCF9ECA930B5CE0B0CE7A4034559AE8FF28 -o runtime --timestamp\=none --generate-entitlement-der /Users/dave/Library/Developer/Xcode/DerivedData/SGFPlayer3D-clytobqxdmoqeccwzekaxegwfyjh/Build/Products/Debug/SGFPlayer3D.app/Contents/MacOS/SGFPlayer3D.debug.dylib

CodeSign /Users/dave/Library/Developer/Xcode/DerivedData/SGFPlayer3D-clytobqxdmoqeccwzekaxegwfyjh/Build/Products/Debug/SGFPlayer3D.app/Contents/MacOS/__preview.dylib (in target 'SGFPlayer3D' from project 'SGFPlayer3D')
    cd /Users/Dave/Go/SGFPlayer\ Code/SGFPlayer3D
    
    Signing Identity:     "Apple Development: dave@marvit.org (KL48K8A37R)"
    
    /usr/bin/codesign --force --sign 99A98FCF9ECA930B5CE0B0CE7A4034559AE8FF28 -o runtime --timestamp\=none --generate-entitlement-der /Users/dave/Library/Developer/Xcode/DerivedData/SGFPlayer3D-clytobqxdmoqeccwzekaxegwfyjh/Build/Products/Debug/SGFPlayer3D.app/Contents/MacOS/__preview.dylib
/Users/dave/Library/Developer/Xcode/DerivedData/SGFPlayer3D-clytobqxdmoqeccwzekaxegwfyjh/Build/Products/Debug/SGFPlayer3D.app/Contents/MacOS/__preview.dylib: replacing existing signature

CodeSign /Users/dave/Library/Developer/Xcode/DerivedData/SGFPlayer3D-clytobqxdmoqeccwzekaxegwfyjh/Build/Products/Debug/SGFPlayer3D.app (in target 'SGFPlayer3D' from project 'SGFPlayer3D')
    cd /Users/Dave/Go/SGFPlayer\ Code/SGFPlayer3D
    
    Signing Identity:     "Apple Development: dave@marvit.org (KL48K8A37R)"
    
    /usr/bin/codesign --force --sign 99A98FCF9ECA930B5CE0B0CE7A4034559AE8FF28 -o runtime --entitlements /Users/dave/Library/Developer/Xcode/DerivedData/SGFPlayer3D-clytobqxdmoqeccwzekaxegwfyjh/Build/Intermediates.noindex/SGFPlayer3D.build/Debug/SGFPlayer3D.build/SGFPlayer3D.app.xcent --timestamp\=none --generate-entitlement-der /Users/dave/Library/Developer/Xcode/DerivedData/SGFPlayer3D-clytobqxdmoqeccwzekaxegwfyjh/Build/Products/Debug/SGFPlayer3D.app

Validate /Users/dave/Library/Developer/Xcode/DerivedData/SGFPlayer3D-clytobqxdmoqeccwzekaxegwfyjh/Build/Products/Debug/SGFPlayer3D.app (in target 'SGFPlayer3D' from project 'SGFPlayer3D')
    cd /Users/Dave/Go/SGFPlayer\ Code/SGFPlayer3D
    builtin-validationUtility /Users/dave/Library/Developer/Xcode/DerivedData/SGFPlayer3D-clytobqxdmoqeccwzekaxegwfyjh/Build/Products/Debug/SGFPlayer3D.app -no-validate-extension -infoplist-subpath Contents/Info.plist

RegisterWithLaunchServices /Users/dave/Library/Developer/Xcode/DerivedData/SGFPlayer3D-clytobqxdmoqeccwzekaxegwfyjh/Build/Products/Debug/SGFPlayer3D.app (in target 'SGFPlayer3D' from project 'SGFPlayer3D')
    cd /Users/Dave/Go/SGFPlayer\ Code/SGFPlayer3D
    /System/Library/Frameworks/CoreServices.framework/Versions/Current/Frameworks/LaunchServices.framework/Versions/Current/Support/lsregister -f -R -trusted /Users/dave/Library/Developer/Xcode/DerivedData/SGFPlayer3D-clytobqxdmoqeccwzekaxegwfyjh/Build/Products/Debug/SGFPlayer3D.app

** BUILD SUCCEEDED **

