Command line invocation:
    /Applications/Xcode.app/Contents/Developer/usr/bin/xcodebuild -project SGFPlayer3D.xcodeproj -scheme SGFPlayer3D -configuration Debug clean build

--- xcodebuild: WARNING: Using the first of multiple matching destinations:
{ platform:macOS, arch:arm64, id:00006001-001271800A02801E, name:My Mac }
{ platform:macOS, arch:x86_64, id:00006001-001271800A02801E, name:My Mac }
{ platform:macOS, name:Any Mac }
ComputePackagePrebuildTargetDependencyGraph

CreateBuildRequest

SendProjectDescription

CreateBuildOperation

** CLEAN SUCCEEDED **

--- xcodebuild: WARNING: Using the first of multiple matching destinations:
{ platform:macOS, arch:arm64, id:00006001-001271800A02801E, name:My Mac }
{ platform:macOS, arch:x86_64, id:00006001-001271800A02801E, name:My Mac }
{ platform:macOS, name:Any Mac }
ComputePackagePrebuildTargetDependencyGraph

Prepare packages

CreateBuildRequest

SendProjectDescription

CreateBuildOperation

ComputeTargetDependencyGraph
note: Building targets in dependency order
note: Target dependency graph (1 target)
    Target 'SGFPlayer3D' in project 'SGFPlayer3D' (no dependencies)

GatherProvisioningInputs

CreateBuildDescription

ExecuteExternalTool /Applications/Xcode.app/Contents/Developer/Toolchains/XcodeDefault.xctoolchain/usr/bin/clang -v -E -dM -isysroot /Applications/Xcode.app/Contents/Developer/Platforms/MacOSX.platform/Developer/SDKs/MacOSX15.5.sdk -x c -c /dev/null

ExecuteExternalTool /Applications/Xcode.app/Contents/Developer/usr/bin/actool --version --output-format xml1

ExecuteExternalTool /Applications/Xcode.app/Contents/Developer/Toolchains/XcodeDefault.xctoolchain/usr/bin/swiftc --version

ExecuteExternalTool /Applications/Xcode.app/Contents/Developer/Toolchains/XcodeDefault.xctoolchain/usr/bin/ld -version_details

Build description signature: 61ef87863479639d914c7ae613703ad3
Build description path: /Users/dave/Library/Developer/Xcode/DerivedData/SGFPlayer3D-clytobqxdmoqeccwzekaxegwfyjh/Build/Intermediates.noindex/XCBuildData/61ef87863479639d914c7ae613703ad3.xcbuilddata
ClangStatCache /Applications/Xcode.app/Contents/Developer/Toolchains/XcodeDefault.xctoolchain/usr/bin/clang-stat-cache /Applications/Xcode.app/Contents/Developer/Platforms/MacOSX.platform/Developer/SDKs/MacOSX15.5.sdk /Users/dave/Library/Developer/Xcode/DerivedData/SDKStatCaches.noindex/macosx15.5-24F74-8254517eb8b97d462ccbc072ba9094c9.sdkstatcache
    cd /Users/Dave/Go/SGFPlayer\ Code/SGFPlayer3D/SGFPlayer3D.xcodeproj
    /Applications/Xcode.app/Contents/Developer/Toolchains/XcodeDefault.xctoolchain/usr/bin/clang-stat-cache /Applications/Xcode.app/Contents/Developer/Platforms/MacOSX.platform/Developer/SDKs/MacOSX15.5.sdk -o /Users/dave/Library/Developer/Xcode/DerivedData/SDKStatCaches.noindex/macosx15.5-24F74-8254517eb8b97d462ccbc072ba9094c9.sdkstatcache

CreateBuildDirectory /Users/dave/Library/Developer/Xcode/DerivedData/SGFPlayer3D-clytobqxdmoqeccwzekaxegwfyjh/Build/Products
    cd /Users/Dave/Go/SGFPlayer\ Code/SGFPlayer3D/SGFPlayer3D.xcodeproj
    builtin-create-build-directory /Users/dave/Library/Developer/Xcode/DerivedData/SGFPlayer3D-clytobqxdmoqeccwzekaxegwfyjh/Build/Products

CreateBuildDirectory /Users/dave/Library/Developer/Xcode/DerivedData/SGFPlayer3D-clytobqxdmoqeccwzekaxegwfyjh/Build/Intermediates.noindex
    cd /Users/Dave/Go/SGFPlayer\ Code/SGFPlayer3D/SGFPlayer3D.xcodeproj
    builtin-create-build-directory /Users/dave/Library/Developer/Xcode/DerivedData/SGFPlayer3D-clytobqxdmoqeccwzekaxegwfyjh/Build/Intermediates.noindex

CreateBuildDirectory /Users/dave/Library/Developer/Xcode/DerivedData/SGFPlayer3D-clytobqxdmoqeccwzekaxegwfyjh/Build/Intermediates.noindex/EagerLinkingTBDs/Debug
    cd /Users/Dave/Go/SGFPlayer\ Code/SGFPlayer3D/SGFPlayer3D.xcodeproj
    builtin-create-build-directory /Users/dave/Library/Developer/Xcode/DerivedData/SGFPlayer3D-clytobqxdmoqeccwzekaxegwfyjh/Build/Intermediates.noindex/EagerLinkingTBDs/Debug

WriteAuxiliaryFile /Users/dave/Library/Developer/Xcode/DerivedData/SGFPlayer3D-clytobqxdmoqeccwzekaxegwfyjh/Build/Intermediates.noindex/SGFPlayer3D.build/Debug/SGFPlayer3D-2c5cce1c3ee3ba2a454c88cc0aaa9cce-VFS/all-product-headers.yaml
    cd /Users/Dave/Go/SGFPlayer\ Code/SGFPlayer3D/SGFPlayer3D.xcodeproj
    write-file /Users/dave/Library/Developer/Xcode/DerivedData/SGFPlayer3D-clytobqxdmoqeccwzekaxegwfyjh/Build/Intermediates.noindex/SGFPlayer3D.build/Debug/SGFPlayer3D-2c5cce1c3ee3ba2a454c88cc0aaa9cce-VFS/all-product-headers.yaml

CreateBuildDirectory /Users/dave/Library/Developer/Xcode/DerivedData/SGFPlayer3D-clytobqxdmoqeccwzekaxegwfyjh/Build/Products/Debug
    cd /Users/Dave/Go/SGFPlayer\ Code/SGFPlayer3D/SGFPlayer3D.xcodeproj
    builtin-create-build-directory /Users/dave/Library/Developer/Xcode/DerivedData/SGFPlayer3D-clytobqxdmoqeccwzekaxegwfyjh/Build/Products/Debug

WriteAuxiliaryFile /Users/dave/Library/Developer/Xcode/DerivedData/SGFPlayer3D-clytobqxdmoqeccwzekaxegwfyjh/Build/Intermediates.noindex/SGFPlayer3D.build/Debug/SGFPlayer3D.build/SGFPlayer3D-own-target-headers.hmap (in target 'SGFPlayer3D' from project 'SGFPlayer3D')
    cd /Users/Dave/Go/SGFPlayer\ Code/SGFPlayer3D
    write-file /Users/dave/Library/Developer/Xcode/DerivedData/SGFPlayer3D-clytobqxdmoqeccwzekaxegwfyjh/Build/Intermediates.noindex/SGFPlayer3D.build/Debug/SGFPlayer3D.build/SGFPlayer3D-own-target-headers.hmap

WriteAuxiliaryFile /Users/dave/Library/Developer/Xcode/DerivedData/SGFPlayer3D-clytobqxdmoqeccwzekaxegwfyjh/Build/Intermediates.noindex/SGFPlayer3D.build/Debug/SGFPlayer3D.build/SGFPlayer3D-generated-files.hmap (in target 'SGFPlayer3D' from project 'SGFPlayer3D')
    cd /Users/Dave/Go/SGFPlayer\ Code/SGFPlayer3D
    write-file /Users/dave/Library/Developer/Xcode/DerivedData/SGFPlayer3D-clytobqxdmoqeccwzekaxegwfyjh/Build/Intermediates.noindex/SGFPlayer3D.build/Debug/SGFPlayer3D.build/SGFPlayer3D-generated-files.hmap

WriteAuxiliaryFile /Users/dave/Library/Developer/Xcode/DerivedData/SGFPlayer3D-clytobqxdmoqeccwzekaxegwfyjh/Build/Intermediates.noindex/SGFPlayer3D.build/Debug/SGFPlayer3D.build/SGFPlayer3D-DebugDylibPath-normal-arm64.txt (in target 'SGFPlayer3D' from project 'SGFPlayer3D')
    cd /Users/Dave/Go/SGFPlayer\ Code/SGFPlayer3D
    write-file /Users/dave/Library/Developer/Xcode/DerivedData/SGFPlayer3D-clytobqxdmoqeccwzekaxegwfyjh/Build/Intermediates.noindex/SGFPlayer3D.build/Debug/SGFPlayer3D.build/SGFPlayer3D-DebugDylibPath-normal-arm64.txt

WriteAuxiliaryFile /Users/dave/Library/Developer/Xcode/DerivedData/SGFPlayer3D-clytobqxdmoqeccwzekaxegwfyjh/Build/Intermediates.noindex/SGFPlayer3D.build/Debug/SGFPlayer3D.build/SGFPlayer3D-all-non-framework-target-headers.hmap (in target 'SGFPlayer3D' from project 'SGFPlayer3D')
    cd /Users/Dave/Go/SGFPlayer\ Code/SGFPlayer3D
    write-file /Users/dave/Library/Developer/Xcode/DerivedData/SGFPlayer3D-clytobqxdmoqeccwzekaxegwfyjh/Build/Intermediates.noindex/SGFPlayer3D.build/Debug/SGFPlayer3D.build/SGFPlayer3D-all-non-framework-target-headers.hmap

WriteAuxiliaryFile /Users/dave/Library/Developer/Xcode/DerivedData/SGFPlayer3D-clytobqxdmoqeccwzekaxegwfyjh/Build/Intermediates.noindex/SGFPlayer3D.build/Debug/SGFPlayer3D.build/SGFPlayer3D-project-headers.hmap (in target 'SGFPlayer3D' from project 'SGFPlayer3D')
    cd /Users/Dave/Go/SGFPlayer\ Code/SGFPlayer3D
    write-file /Users/dave/Library/Developer/Xcode/DerivedData/SGFPlayer3D-clytobqxdmoqeccwzekaxegwfyjh/Build/Intermediates.noindex/SGFPlayer3D.build/Debug/SGFPlayer3D.build/SGFPlayer3D-project-headers.hmap

WriteAuxiliaryFile /Users/dave/Library/Developer/Xcode/DerivedData/SGFPlayer3D-clytobqxdmoqeccwzekaxegwfyjh/Build/Intermediates.noindex/SGFPlayer3D.build/Debug/SGFPlayer3D.build/empty-SGFPlayer3D.plist (in target 'SGFPlayer3D' from project 'SGFPlayer3D')
    cd /Users/Dave/Go/SGFPlayer\ Code/SGFPlayer3D
    write-file /Users/dave/Library/Developer/Xcode/DerivedData/SGFPlayer3D-clytobqxdmoqeccwzekaxegwfyjh/Build/Intermediates.noindex/SGFPlayer3D.build/Debug/SGFPlayer3D.build/empty-SGFPlayer3D.plist

WriteAuxiliaryFile /Users/dave/Library/Developer/Xcode/DerivedData/SGFPlayer3D-clytobqxdmoqeccwzekaxegwfyjh/Build/Intermediates.noindex/SGFPlayer3D.build/Debug/SGFPlayer3D.build/SGFPlayer3D.hmap (in target 'SGFPlayer3D' from project 'SGFPlayer3D')
    cd /Users/Dave/Go/SGFPlayer\ Code/SGFPlayer3D
    write-file /Users/dave/Library/Developer/Xcode/DerivedData/SGFPlayer3D-clytobqxdmoqeccwzekaxegwfyjh/Build/Intermediates.noindex/SGFPlayer3D.build/Debug/SGFPlayer3D.build/SGFPlayer3D.hmap

WriteAuxiliaryFile /Users/dave/Library/Developer/Xcode/DerivedData/SGFPlayer3D-clytobqxdmoqeccwzekaxegwfyjh/Build/Intermediates.noindex/SGFPlayer3D.build/Debug/SGFPlayer3D.build/SGFPlayer3D-all-target-headers.hmap (in target 'SGFPlayer3D' from project 'SGFPlayer3D')
    cd /Users/Dave/Go/SGFPlayer\ Code/SGFPlayer3D
    write-file /Users/dave/Library/Developer/Xcode/DerivedData/SGFPlayer3D-clytobqxdmoqeccwzekaxegwfyjh/Build/Intermediates.noindex/SGFPlayer3D.build/Debug/SGFPlayer3D.build/SGFPlayer3D-all-target-headers.hmap

WriteAuxiliaryFile /Users/dave/Library/Developer/Xcode/DerivedData/SGFPlayer3D-clytobqxdmoqeccwzekaxegwfyjh/Build/Intermediates.noindex/SGFPlayer3D.build/Debug/SGFPlayer3D.build/SGFPlayer3D-DebugDylibInstallName-normal-arm64.txt (in target 'SGFPlayer3D' from project 'SGFPlayer3D')
    cd /Users/Dave/Go/SGFPlayer\ Code/SGFPlayer3D
    write-file /Users/dave/Library/Developer/Xcode/DerivedData/SGFPlayer3D-clytobqxdmoqeccwzekaxegwfyjh/Build/Intermediates.noindex/SGFPlayer3D.build/Debug/SGFPlayer3D.build/SGFPlayer3D-DebugDylibInstallName-normal-arm64.txt

WriteAuxiliaryFile /Users/dave/Library/Developer/Xcode/DerivedData/SGFPlayer3D-clytobqxdmoqeccwzekaxegwfyjh/Build/Intermediates.noindex/SGFPlayer3D.build/Debug/SGFPlayer3D.build/SGFPlayer3D.DependencyStaticMetadataFileList (in target 'SGFPlayer3D' from project 'SGFPlayer3D')
    cd /Users/Dave/Go/SGFPlayer\ Code/SGFPlayer3D
    write-file /Users/dave/Library/Developer/Xcode/DerivedData/SGFPlayer3D-clytobqxdmoqeccwzekaxegwfyjh/Build/Intermediates.noindex/SGFPlayer3D.build/Debug/SGFPlayer3D.build/SGFPlayer3D.DependencyStaticMetadataFileList

WriteAuxiliaryFile /Users/dave/Library/Developer/Xcode/DerivedData/SGFPlayer3D-clytobqxdmoqeccwzekaxegwfyjh/Build/Intermediates.noindex/SGFPlayer3D.build/Debug/SGFPlayer3D.build/SGFPlayer3D.DependencyMetadataFileList (in target 'SGFPlayer3D' from project 'SGFPlayer3D')
    cd /Users/Dave/Go/SGFPlayer\ Code/SGFPlayer3D
    write-file /Users/dave/Library/Developer/Xcode/DerivedData/SGFPlayer3D-clytobqxdmoqeccwzekaxegwfyjh/Build/Intermediates.noindex/SGFPlayer3D.build/Debug/SGFPlayer3D.build/SGFPlayer3D.DependencyMetadataFileList

WriteAuxiliaryFile /Users/dave/Library/Developer/Xcode/DerivedData/SGFPlayer3D-clytobqxdmoqeccwzekaxegwfyjh/Build/Intermediates.noindex/SGFPlayer3D.build/Debug/SGFPlayer3D.build/Objects-normal/arm64/SGFPlayer3D.SwiftConstValuesFileList (in target 'SGFPlayer3D' from project 'SGFPlayer3D')
    cd /Users/Dave/Go/SGFPlayer\ Code/SGFPlayer3D
    write-file /Users/dave/Library/Developer/Xcode/DerivedData/SGFPlayer3D-clytobqxdmoqeccwzekaxegwfyjh/Build/Intermediates.noindex/SGFPlayer3D.build/Debug/SGFPlayer3D.build/Objects-normal/arm64/SGFPlayer3D.SwiftConstValuesFileList

WriteAuxiliaryFile /Users/dave/Library/Developer/Xcode/DerivedData/SGFPlayer3D-clytobqxdmoqeccwzekaxegwfyjh/Build/Intermediates.noindex/SGFPlayer3D.build/Debug/SGFPlayer3D.build/Objects-normal/arm64/SGFPlayer3D_const_extract_protocols.json (in target 'SGFPlayer3D' from project 'SGFPlayer3D')
    cd /Users/Dave/Go/SGFPlayer\ Code/SGFPlayer3D
    write-file /Users/dave/Library/Developer/Xcode/DerivedData/SGFPlayer3D-clytobqxdmoqeccwzekaxegwfyjh/Build/Intermediates.noindex/SGFPlayer3D.build/Debug/SGFPlayer3D.build/Objects-normal/arm64/SGFPlayer3D_const_extract_protocols.json

WriteAuxiliaryFile /Users/dave/Library/Developer/Xcode/DerivedData/SGFPlayer3D-clytobqxdmoqeccwzekaxegwfyjh/Build/Intermediates.noindex/SGFPlayer3D.build/Debug/SGFPlayer3D.build/Objects-normal/arm64/SGFPlayer3D.SwiftFileList (in target 'SGFPlayer3D' from project 'SGFPlayer3D')
    cd /Users/Dave/Go/SGFPlayer\ Code/SGFPlayer3D
    write-file /Users/dave/Library/Developer/Xcode/DerivedData/SGFPlayer3D-clytobqxdmoqeccwzekaxegwfyjh/Build/Intermediates.noindex/SGFPlayer3D.build/Debug/SGFPlayer3D.build/Objects-normal/arm64/SGFPlayer3D.SwiftFileList

WriteAuxiliaryFile /Users/dave/Library/Developer/Xcode/DerivedData/SGFPlayer3D-clytobqxdmoqeccwzekaxegwfyjh/Build/Intermediates.noindex/SGFPlayer3D.build/Debug/SGFPlayer3D.build/Objects-normal/arm64/SGFPlayer3D.LinkFileList (in target 'SGFPlayer3D' from project 'SGFPlayer3D')
    cd /Users/Dave/Go/SGFPlayer\ Code/SGFPlayer3D
    write-file /Users/dave/Library/Developer/Xcode/DerivedData/SGFPlayer3D-clytobqxdmoqeccwzekaxegwfyjh/Build/Intermediates.noindex/SGFPlayer3D.build/Debug/SGFPlayer3D.build/Objects-normal/arm64/SGFPlayer3D.LinkFileList

WriteAuxiliaryFile /Users/dave/Library/Developer/Xcode/DerivedData/SGFPlayer3D-clytobqxdmoqeccwzekaxegwfyjh/Build/Intermediates.noindex/SGFPlayer3D.build/Debug/SGFPlayer3D.build/Objects-normal/arm64/SGFPlayer3D-OutputFileMap.json (in target 'SGFPlayer3D' from project 'SGFPlayer3D')
    cd /Users/Dave/Go/SGFPlayer\ Code/SGFPlayer3D
    write-file /Users/dave/Library/Developer/Xcode/DerivedData/SGFPlayer3D-clytobqxdmoqeccwzekaxegwfyjh/Build/Intermediates.noindex/SGFPlayer3D.build/Debug/SGFPlayer3D.build/Objects-normal/arm64/SGFPlayer3D-OutputFileMap.json

WriteAuxiliaryFile /Users/dave/Library/Developer/Xcode/DerivedData/SGFPlayer3D-clytobqxdmoqeccwzekaxegwfyjh/Build/Intermediates.noindex/SGFPlayer3D.build/Debug/SGFPlayer3D.build/DerivedSources/Entitlements.plist (in target 'SGFPlayer3D' from project 'SGFPlayer3D')
    cd /Users/Dave/Go/SGFPlayer\ Code/SGFPlayer3D
    write-file /Users/dave/Library/Developer/Xcode/DerivedData/SGFPlayer3D-clytobqxdmoqeccwzekaxegwfyjh/Build/Intermediates.noindex/SGFPlayer3D.build/Debug/SGFPlayer3D.build/DerivedSources/Entitlements.plist

MkDir /Users/dave/Library/Developer/Xcode/DerivedData/SGFPlayer3D-clytobqxdmoqeccwzekaxegwfyjh/Build/Products/Debug/SGFPlayer3D.app/Contents/Resources (in target 'SGFPlayer3D' from project 'SGFPlayer3D')
    cd /Users/Dave/Go/SGFPlayer\ Code/SGFPlayer3D
    /bin/mkdir -p /Users/dave/Library/Developer/Xcode/DerivedData/SGFPlayer3D-clytobqxdmoqeccwzekaxegwfyjh/Build/Products/Debug/SGFPlayer3D.app/Contents/Resources

MkDir /Users/dave/Library/Developer/Xcode/DerivedData/SGFPlayer3D-clytobqxdmoqeccwzekaxegwfyjh/Build/Products/Debug/SGFPlayer3D.app/Contents (in target 'SGFPlayer3D' from project 'SGFPlayer3D')
    cd /Users/Dave/Go/SGFPlayer\ Code/SGFPlayer3D
    /bin/mkdir -p /Users/dave/Library/Developer/Xcode/DerivedData/SGFPlayer3D-clytobqxdmoqeccwzekaxegwfyjh/Build/Products/Debug/SGFPlayer3D.app/Contents

MkDir /Users/dave/Library/Developer/Xcode/DerivedData/SGFPlayer3D-clytobqxdmoqeccwzekaxegwfyjh/Build/Products/Debug/SGFPlayer3D.app/Contents/MacOS (in target 'SGFPlayer3D' from project 'SGFPlayer3D')
    cd /Users/Dave/Go/SGFPlayer\ Code/SGFPlayer3D
    /bin/mkdir -p /Users/dave/Library/Developer/Xcode/DerivedData/SGFPlayer3D-clytobqxdmoqeccwzekaxegwfyjh/Build/Products/Debug/SGFPlayer3D.app/Contents/MacOS

MkDir /Users/dave/Library/Developer/Xcode/DerivedData/SGFPlayer3D-clytobqxdmoqeccwzekaxegwfyjh/Build/Products/Debug/SGFPlayer3D.app (in target 'SGFPlayer3D' from project 'SGFPlayer3D')
    cd /Users/Dave/Go/SGFPlayer\ Code/SGFPlayer3D
    /bin/mkdir -p /Users/dave/Library/Developer/Xcode/DerivedData/SGFPlayer3D-clytobqxdmoqeccwzekaxegwfyjh/Build/Products/Debug/SGFPlayer3D.app

ProcessProductPackaging /Users/Dave/Go/SGFPlayer\ Code/SGFPlayer3D/SGFPlayer3D/SGFPlayer3D.entitlements /Users/dave/Library/Developer/Xcode/DerivedData/SGFPlayer3D-clytobqxdmoqeccwzekaxegwfyjh/Build/Intermediates.noindex/SGFPlayer3D.build/Debug/SGFPlayer3D.build/SGFPlayer3D.app.xcent (in target 'SGFPlayer3D' from project 'SGFPlayer3D')
    cd /Users/Dave/Go/SGFPlayer\ Code/SGFPlayer3D
    
    Entitlements:
    
    {
    "com.apple.security.app-sandbox" = 0;
    "com.apple.security.assets.movies.read-only" = 1;
    "com.apple.security.assets.music.read-only" = 1;
    "com.apple.security.assets.pictures.read-only" = 1;
    "com.apple.security.files.bookmarks.app-scope" = 1;
    "com.apple.security.files.downloads.read-only" = 1;
    "com.apple.security.files.user-selected.read-only" = 1;
    "com.apple.security.get-task-allow" = 1;
    "com.apple.security.network.client" = 1;
    "com.apple.security.personal-information.addressbook" = 1;
}
    
    builtin-productPackagingUtility /Users/Dave/Go/SGFPlayer\ Code/SGFPlayer3D/SGFPlayer3D/SGFPlayer3D.entitlements -entitlements -format xml -o /Users/dave/Library/Developer/Xcode/DerivedData/SGFPlayer3D-clytobqxdmoqeccwzekaxegwfyjh/Build/Intermediates.noindex/SGFPlayer3D.build/Debug/SGFPlayer3D.build/SGFPlayer3D.app.xcent

ProcessProductPackagingDER /Users/dave/Library/Developer/Xcode/DerivedData/SGFPlayer3D-clytobqxdmoqeccwzekaxegwfyjh/Build/Intermediates.noindex/SGFPlayer3D.build/Debug/SGFPlayer3D.build/SGFPlayer3D.app.xcent /Users/dave/Library/Developer/Xcode/DerivedData/SGFPlayer3D-clytobqxdmoqeccwzekaxegwfyjh/Build/Intermediates.noindex/SGFPlayer3D.build/Debug/SGFPlayer3D.build/SGFPlayer3D.app.xcent.der (in target 'SGFPlayer3D' from project 'SGFPlayer3D')
    cd /Users/Dave/Go/SGFPlayer\ Code/SGFPlayer3D
    /usr/bin/derq query -f xml -i /Users/dave/Library/Developer/Xcode/DerivedData/SGFPlayer3D-clytobqxdmoqeccwzekaxegwfyjh/Build/Intermediates.noindex/SGFPlayer3D.build/Debug/SGFPlayer3D.build/SGFPlayer3D.app.xcent -o /Users/dave/Library/Developer/Xcode/DerivedData/SGFPlayer3D-clytobqxdmoqeccwzekaxegwfyjh/Build/Intermediates.noindex/SGFPlayer3D.build/Debug/SGFPlayer3D.build/SGFPlayer3D.app.xcent.der --raw

Process SceneKit document /Users/Dave/Go/SGFPlayer\ Code/SGFPlayer3D/SGFPlayer3D/stone_textured.dae (in target 'SGFPlayer3D' from project 'SGFPlayer3D')
    cd /Users/Dave/Go/SGFPlayer\ Code/SGFPlayer3D
    /Applications/Xcode.app/Contents/Developer/usr/bin/scntool --compress /Users/Dave/Go/SGFPlayer\ Code/SGFPlayer3D/SGFPlayer3D/stone_textured.dae -o /Users/dave/Library/Developer/Xcode/DerivedData/SGFPlayer3D-clytobqxdmoqeccwzekaxegwfyjh/Build/Products/Debug/SGFPlayer3D.app/Contents/Resources/stone_textured.dae --target-platform\=macosx --target-version\=15.5 --target-build-dir\=/Users/dave/Library/Developer/Xcode/DerivedData/SGFPlayer3D-clytobqxdmoqeccwzekaxegwfyjh/Build/Products/Debug --resources-folder-path\=SGFPlayer3D.app/Contents/Resources

Process SceneKit document /Users/Dave/Go/SGFPlayer\ Code/SGFPlayer3D/SGFPlayer3D/stone.dae (in target 'SGFPlayer3D' from project 'SGFPlayer3D')
    cd /Users/Dave/Go/SGFPlayer\ Code/SGFPlayer3D
    /Applications/Xcode.app/Contents/Developer/usr/bin/scntool --compress /Users/Dave/Go/SGFPlayer\ Code/SGFPlayer3D/SGFPlayer3D/stone.dae -o /Users/dave/Library/Developer/Xcode/DerivedData/SGFPlayer3D-clytobqxdmoqeccwzekaxegwfyjh/Build/Products/Debug/SGFPlayer3D.app/Contents/Resources/stone.dae --target-platform\=macosx --target-version\=15.5 --target-build-dir\=/Users/dave/Library/Developer/Xcode/DerivedData/SGFPlayer3D-clytobqxdmoqeccwzekaxegwfyjh/Build/Products/Debug --resources-folder-path\=SGFPlayer3D.app/Contents/Resources

Ld /Users/dave/Library/Developer/Xcode/DerivedData/SGFPlayer3D-clytobqxdmoqeccwzekaxegwfyjh/Build/Products/Debug/SGFPlayer3D.app/Contents/MacOS/__preview.dylib normal (in target 'SGFPlayer3D' from project 'SGFPlayer3D')
    cd /Users/Dave/Go/SGFPlayer\ Code/SGFPlayer3D
    /Applications/Xcode.app/Contents/Developer/Toolchains/XcodeDefault.xctoolchain/usr/bin/clang -Xlinker -reproducible -target arm64-apple-macos15.5 -dynamiclib -isysroot /Applications/Xcode.app/Contents/Developer/Platforms/MacOSX.platform/Developer/SDKs/MacOSX15.5.sdk -O0 -L/Users/dave/Library/Developer/Xcode/DerivedData/SGFPlayer3D-clytobqxdmoqeccwzekaxegwfyjh/Build/Products/Debug -F/Users/dave/Library/Developer/Xcode/DerivedData/SGFPlayer3D-clytobqxdmoqeccwzekaxegwfyjh/Build/Products/Debug -install_name @rpath/SGFPlayer3D.debug.dylib -rdynamic -Xlinker -no_deduplicate -Xlinker -dependency_info -Xlinker /Users/dave/Library/Developer/Xcode/DerivedData/SGFPlayer3D-clytobqxdmoqeccwzekaxegwfyjh/Build/Intermediates.noindex/SGFPlayer3D.build/Debug/SGFPlayer3D.build/Objects-normal/arm64/SGFPlayer3D_dependency_info.dat -Xlinker -no_adhoc_codesign -o /Users/dave/Library/Developer/Xcode/DerivedData/SGFPlayer3D-clytobqxdmoqeccwzekaxegwfyjh/Build/Products/Debug/SGFPlayer3D.app/Contents/MacOS/__preview.dylib

CpResource /Users/dave/Library/Developer/Xcode/DerivedData/SGFPlayer3D-clytobqxdmoqeccwzekaxegwfyjh/Build/Products/Debug/SGFPlayer3D.app/Contents/Resources/stone_uv_mapped.obj /Users/Dave/Go/SGFPlayer\ Code/SGFPlayer3D/SGFPlayer3D/stone_uv_mapped.obj (in target 'SGFPlayer3D' from project 'SGFPlayer3D')
    cd /Users/Dave/Go/SGFPlayer\ Code/SGFPlayer3D
    builtin-copy -exclude .DS_Store -exclude CVS -exclude .svn -exclude .git -exclude .hg -resolve-src-symlinks /Users/Dave/Go/SGFPlayer\ Code/SGFPlayer3D/SGFPlayer3D/stone_uv_mapped.obj /Users/dave/Library/Developer/Xcode/DerivedData/SGFPlayer3D-clytobqxdmoqeccwzekaxegwfyjh/Build/Products/Debug/SGFPlayer3D.app/Contents/Resources

MkDir /Users/dave/Library/Developer/Xcode/DerivedData/SGFPlayer3D-clytobqxdmoqeccwzekaxegwfyjh/Build/Intermediates.noindex/SGFPlayer3D.build/Debug/SGFPlayer3D.build/assetcatalog_output/unthinned (in target 'SGFPlayer3D' from project 'SGFPlayer3D')
    cd /Users/Dave/Go/SGFPlayer\ Code/SGFPlayer3D
    /bin/mkdir -p /Users/dave/Library/Developer/Xcode/DerivedData/SGFPlayer3D-clytobqxdmoqeccwzekaxegwfyjh/Build/Intermediates.noindex/SGFPlayer3D.build/Debug/SGFPlayer3D.build/assetcatalog_output/unthinned

MkDir /Users/dave/Library/Developer/Xcode/DerivedData/SGFPlayer3D-clytobqxdmoqeccwzekaxegwfyjh/Build/Intermediates.noindex/SGFPlayer3D.build/Debug/SGFPlayer3D.build/assetcatalog_output/thinned (in target 'SGFPlayer3D' from project 'SGFPlayer3D')
    cd /Users/Dave/Go/SGFPlayer\ Code/SGFPlayer3D
    /bin/mkdir -p /Users/dave/Library/Developer/Xcode/DerivedData/SGFPlayer3D-clytobqxdmoqeccwzekaxegwfyjh/Build/Intermediates.noindex/SGFPlayer3D.build/Debug/SGFPlayer3D.build/assetcatalog_output/thinned

CpResource /Users/dave/Library/Developer/Xcode/DerivedData/SGFPlayer3D-clytobqxdmoqeccwzekaxegwfyjh/Build/Products/Debug/SGFPlayer3D.app/Contents/Resources/stone_standard_repaired.obj /Users/Dave/Go/SGFPlayer\ Code/SGFPlayer3D/SGFPlayer3D/stone_standard_repaired.obj (in target 'SGFPlayer3D' from project 'SGFPlayer3D')
    cd /Users/Dave/Go/SGFPlayer\ Code/SGFPlayer3D
    builtin-copy -exclude .DS_Store -exclude CVS -exclude .svn -exclude .git -exclude .hg -resolve-src-symlinks /Users/Dave/Go/SGFPlayer\ Code/SGFPlayer3D/SGFPlayer3D/stone_standard_repaired.obj /Users/dave/Library/Developer/Xcode/DerivedData/SGFPlayer3D-clytobqxdmoqeccwzekaxegwfyjh/Build/Products/Debug/SGFPlayer3D.app/Contents/Resources

GenerateAssetSymbols /Users/Dave/Go/SGFPlayer\ Code/SGFPlayer3D/SGFPlayer3D/Assets.xcassets (in target 'SGFPlayer3D' from project 'SGFPlayer3D')
    cd /Users/Dave/Go/SGFPlayer\ Code/SGFPlayer3D
    /Applications/Xcode.app/Contents/Developer/usr/bin/actool /Users/Dave/Go/SGFPlayer\ Code/SGFPlayer3D/SGFPlayer3D/Assets.xcassets --compile /Users/dave/Library/Developer/Xcode/DerivedData/SGFPlayer3D-clytobqxdmoqeccwzekaxegwfyjh/Build/Products/Debug/SGFPlayer3D.app/Contents/Resources --output-format human-readable-text --notices --warnings --export-dependency-info /Users/dave/Library/Developer/Xcode/DerivedData/SGFPlayer3D-clytobqxdmoqeccwzekaxegwfyjh/Build/Intermediates.noindex/SGFPlayer3D.build/Debug/SGFPlayer3D.build/assetcatalog_dependencies --output-partial-info-plist /Users/dave/Library/Developer/Xcode/DerivedData/SGFPlayer3D-clytobqxdmoqeccwzekaxegwfyjh/Build/Intermediates.noindex/SGFPlayer3D.build/Debug/SGFPlayer3D.build/assetcatalog_generated_info.plist --app-icon AppIcon --accent-color AccentColor --enable-on-demand-resources NO --development-region en --target-device mac --minimum-deployment-target 15.5 --platform macosx --bundle-identifier com.davemarvit.SGFPlayer3D --generate-swift-asset-symbols /Users/dave/Library/Developer/Xcode/DerivedData/SGFPlayer3D-clytobqxdmoqeccwzekaxegwfyjh/Build/Intermediates.noindex/SGFPlayer3D.build/Debug/SGFPlayer3D.build/DerivedSources/GeneratedAssetSymbols.swift --generate-objc-asset-symbols /Users/dave/Library/Developer/Xcode/DerivedData/SGFPlayer3D-clytobqxdmoqeccwzekaxegwfyjh/Build/Intermediates.noindex/SGFPlayer3D.build/Debug/SGFPlayer3D.build/DerivedSources/GeneratedAssetSymbols.h --generate-asset-symbol-index /Users/dave/Library/Developer/Xcode/DerivedData/SGFPlayer3D-clytobqxdmoqeccwzekaxegwfyjh/Build/Intermediates.noindex/SGFPlayer3D.build/Debug/SGFPlayer3D.build/DerivedSources/GeneratedAssetSymbols-Index.plist
/* com.apple.actool.document.warnings */
/Users/Dave/Go/SGFPlayer Code/SGFPlayer3D/SGFPlayer3D/Assets.xcassets:./clamNH_01.imageset/(null)[2d][clamNH_01_alpha.png]: warning: The image set "clamNH_01" has 2 unassigned children.
/Users/Dave/Go/SGFPlayer Code/SGFPlayer3D/SGFPlayer3D/Assets.xcassets:./AppIcon.appiconset/(null)[2d][icon_1024x1024.png]: warning: The app icon set "AppIcon" has an unassigned child.
/* com.apple.actool.compilation-results */
/Users/dave/Library/Developer/Xcode/DerivedData/SGFPlayer3D-clytobqxdmoqeccwzekaxegwfyjh/Build/Intermediates.noindex/SGFPlayer3D.build/Debug/SGFPlayer3D.build/DerivedSources/GeneratedAssetSymbols-Index.plist
/Users/dave/Library/Developer/Xcode/DerivedData/SGFPlayer3D-clytobqxdmoqeccwzekaxegwfyjh/Build/Intermediates.noindex/SGFPlayer3D.build/Debug/SGFPlayer3D.build/DerivedSources/GeneratedAssetSymbols.h
/Users/dave/Library/Developer/Xcode/DerivedData/SGFPlayer3D-clytobqxdmoqeccwzekaxegwfyjh/Build/Intermediates.noindex/SGFPlayer3D.build/Debug/SGFPlayer3D.build/DerivedSources/GeneratedAssetSymbols.swift


CpResource /Users/dave/Library/Developer/Xcode/DerivedData/SGFPlayer3D-clytobqxdmoqeccwzekaxegwfyjh/Build/Products/Debug/SGFPlayer3D.app/Contents/Resources/stone_standard_fixed.obj /Users/Dave/Go/SGFPlayer\ Code/SGFPlayer3D/SGFPlayer3D/stone_standard_fixed.obj (in target 'SGFPlayer3D' from project 'SGFPlayer3D')
    cd /Users/Dave/Go/SGFPlayer\ Code/SGFPlayer3D
    builtin-copy -exclude .DS_Store -exclude CVS -exclude .svn -exclude .git -exclude .hg -resolve-src-symlinks /Users/Dave/Go/SGFPlayer\ Code/SGFPlayer3D/SGFPlayer3D/stone_standard_fixed.obj /Users/dave/Library/Developer/Xcode/DerivedData/SGFPlayer3D-clytobqxdmoqeccwzekaxegwfyjh/Build/Products/Debug/SGFPlayer3D.app/Contents/Resources

CpResource /Users/dave/Library/Developer/Xcode/DerivedData/SGFPlayer3D-clytobqxdmoqeccwzekaxegwfyjh/Build/Products/Debug/SGFPlayer3D.app/Contents/Resources/stone_standard.obj /Users/Dave/Go/SGFPlayer\ Code/SGFPlayer3D/SGFPlayer3D/stone_standard.obj (in target 'SGFPlayer3D' from project 'SGFPlayer3D')
    cd /Users/Dave/Go/SGFPlayer\ Code/SGFPlayer3D
    builtin-copy -exclude .DS_Store -exclude CVS -exclude .svn -exclude .git -exclude .hg -resolve-src-symlinks /Users/Dave/Go/SGFPlayer\ Code/SGFPlayer3D/SGFPlayer3D/stone_standard.obj /Users/dave/Library/Developer/Xcode/DerivedData/SGFPlayer3D-clytobqxdmoqeccwzekaxegwfyjh/Build/Products/Debug/SGFPlayer3D.app/Contents/Resources

CpResource /Users/dave/Library/Developer/Xcode/DerivedData/SGFPlayer3D-clytobqxdmoqeccwzekaxegwfyjh/Build/Products/Debug/SGFPlayer3D.app/Contents/Resources/stone_generated.obj /Users/Dave/Go/SGFPlayer\ Code/SGFPlayer3D/SGFPlayer3D/stone_generated.obj (in target 'SGFPlayer3D' from project 'SGFPlayer3D')
    cd /Users/Dave/Go/SGFPlayer\ Code/SGFPlayer3D
    builtin-copy -exclude .DS_Store -exclude CVS -exclude .svn -exclude .git -exclude .hg -resolve-src-symlinks /Users/Dave/Go/SGFPlayer\ Code/SGFPlayer3D/SGFPlayer3D/stone_generated.obj /Users/dave/Library/Developer/Xcode/DerivedData/SGFPlayer3D-clytobqxdmoqeccwzekaxegwfyjh/Build/Products/Debug/SGFPlayer3D.app/Contents/Resources

CpResource /Users/dave/Library/Developer/Xcode/DerivedData/SGFPlayer3D-clytobqxdmoqeccwzekaxegwfyjh/Build/Products/Debug/SGFPlayer3D.app/Contents/Resources/stone_blender.obj /Users/Dave/Go/SGFPlayer\ Code/SGFPlayer3D/SGFPlayer3D/stone_blender.obj (in target 'SGFPlayer3D' from project 'SGFPlayer3D')
    cd /Users/Dave/Go/SGFPlayer\ Code/SGFPlayer3D
    builtin-copy -exclude .DS_Store -exclude CVS -exclude .svn -exclude .git -exclude .hg -resolve-src-symlinks /Users/Dave/Go/SGFPlayer\ Code/SGFPlayer3D/SGFPlayer3D/stone_blender.obj /Users/dave/Library/Developer/Xcode/DerivedData/SGFPlayer3D-clytobqxdmoqeccwzekaxegwfyjh/Build/Products/Debug/SGFPlayer3D.app/Contents/Resources

CpResource /Users/dave/Library/Developer/Xcode/DerivedData/SGFPlayer3D-clytobqxdmoqeccwzekaxegwfyjh/Build/Products/Debug/SGFPlayer3D.app/Contents/Resources/stone_alt.obj /Users/Dave/Go/SGFPlayer\ Code/SGFPlayer3D/SGFPlayer3D/stone_alt.obj (in target 'SGFPlayer3D' from project 'SGFPlayer3D')
    cd /Users/Dave/Go/SGFPlayer\ Code/SGFPlayer3D
    builtin-copy -exclude .DS_Store -exclude CVS -exclude .svn -exclude .git -exclude .hg -resolve-src-symlinks /Users/Dave/Go/SGFPlayer\ Code/SGFPlayer3D/SGFPlayer3D/stone_alt.obj /Users/dave/Library/Developer/Xcode/DerivedData/SGFPlayer3D-clytobqxdmoqeccwzekaxegwfyjh/Build/Products/Debug/SGFPlayer3D.app/Contents/Resources

CpResource /Users/dave/Library/Developer/Xcode/DerivedData/SGFPlayer3D-clytobqxdmoqeccwzekaxegwfyjh/Build/Products/Debug/SGFPlayer3D.app/Contents/Resources/stone.obj /Users/Dave/Go/SGFPlayer\ Code/SGFPlayer3D/SGFPlayer3D/stone.obj (in target 'SGFPlayer3D' from project 'SGFPlayer3D')
    cd /Users/Dave/Go/SGFPlayer\ Code/SGFPlayer3D
    builtin-copy -exclude .DS_Store -exclude CVS -exclude .svn -exclude .git -exclude .hg -resolve-src-symlinks /Users/Dave/Go/SGFPlayer\ Code/SGFPlayer3D/SGFPlayer3D/stone.obj /Users/dave/Library/Developer/Xcode/DerivedData/SGFPlayer3D-clytobqxdmoqeccwzekaxegwfyjh/Build/Products/Debug/SGFPlayer3D.app/Contents/Resources

CpResource /Users/dave/Library/Developer/Xcode/DerivedData/SGFPlayer3D-clytobqxdmoqeccwzekaxegwfyjh/Build/Products/Debug/SGFPlayer3D.app/Contents/Resources/environment.exr /Users/Dave/Go/SGFPlayer\ Code/SGFPlayer3D/SGFPlayer3D/environment.exr (in target 'SGFPlayer3D' from project 'SGFPlayer3D')
    cd /Users/Dave/Go/SGFPlayer\ Code/SGFPlayer3D
    builtin-copy -exclude .DS_Store -exclude CVS -exclude .svn -exclude .git -exclude .hg -resolve-src-symlinks /Users/Dave/Go/SGFPlayer\ Code/SGFPlayer3D/SGFPlayer3D/environment.exr /Users/dave/Library/Developer/Xcode/DerivedData/SGFPlayer3D-clytobqxdmoqeccwzekaxegwfyjh/Build/Products/Debug/SGFPlayer3D.app/Contents/Resources

CpResource /Users/dave/Library/Developer/Xcode/DerivedData/SGFPlayer3D-clytobqxdmoqeccwzekaxegwfyjh/Build/Products/Debug/SGFPlayer3D.app/Contents/Resources/Stone_click_1.mp3 /Users/Dave/Go/SGFPlayer\ Code/SGFPlayer3D/SGFPlayer3D/Stone_click_1.mp3 (in target 'SGFPlayer3D' from project 'SGFPlayer3D')
    cd /Users/Dave/Go/SGFPlayer\ Code/SGFPlayer3D
    builtin-copy -exclude .DS_Store -exclude CVS -exclude .svn -exclude .git -exclude .hg -resolve-src-symlinks /Users/Dave/Go/SGFPlayer\ Code/SGFPlayer3D/SGFPlayer3D/Stone_click_1.mp3 /Users/dave/Library/Developer/Xcode/DerivedData/SGFPlayer3D-clytobqxdmoqeccwzekaxegwfyjh/Build/Products/Debug/SGFPlayer3D.app/Contents/Resources

CpResource /Users/dave/Library/Developer/Xcode/DerivedData/SGFPlayer3D-clytobqxdmoqeccwzekaxegwfyjh/Build/Products/Debug/SGFPlayer3D.app/Contents/Resources/PhysicsViewModel.swift.backup /Users/Dave/Go/SGFPlayer\ Code/SGFPlayer3D/SGFPlayer3D/ViewModels/PhysicsViewModel.swift.backup (in target 'SGFPlayer3D' from project 'SGFPlayer3D')
    cd /Users/Dave/Go/SGFPlayer\ Code/SGFPlayer3D
    builtin-copy -exclude .DS_Store -exclude CVS -exclude .svn -exclude .git -exclude .hg -resolve-src-symlinks /Users/Dave/Go/SGFPlayer\ Code/SGFPlayer3D/SGFPlayer3D/ViewModels/PhysicsViewModel.swift.backup /Users/dave/Library/Developer/Xcode/DerivedData/SGFPlayer3D-clytobqxdmoqeccwzekaxegwfyjh/Build/Products/Debug/SGFPlayer3D.app/Contents/Resources

CpResource /Users/dave/Library/Developer/Xcode/DerivedData/SGFPlayer3D-clytobqxdmoqeccwzekaxegwfyjh/Build/Products/Debug/SGFPlayer3D.app/Contents/Resources/INTEGRATION_SUMMARY.md /Users/Dave/Go/SGFPlayer\ Code/SGFPlayer3D/SGFPlayer3D/Integration/INTEGRATION_SUMMARY.md (in target 'SGFPlayer3D' from project 'SGFPlayer3D')
    cd /Users/Dave/Go/SGFPlayer\ Code/SGFPlayer3D
    builtin-copy -exclude .DS_Store -exclude CVS -exclude .svn -exclude .git -exclude .hg -resolve-src-symlinks /Users/Dave/Go/SGFPlayer\ Code/SGFPlayer3D/SGFPlayer3D/Integration/INTEGRATION_SUMMARY.md /Users/dave/Library/Developer/Xcode/DerivedData/SGFPlayer3D-clytobqxdmoqeccwzekaxegwfyjh/Build/Products/Debug/SGFPlayer3D.app/Contents/Resources

CpResource /Users/dave/Library/Developer/Xcode/DerivedData/SGFPlayer3D-clytobqxdmoqeccwzekaxegwfyjh/Build/Products/Debug/SGFPlayer3D.app/Contents/Resources/ContentView.swift.backup /Users/Dave/Go/SGFPlayer\ Code/SGFPlayer3D/SGFPlayer3D/ContentView.swift.backup (in target 'SGFPlayer3D' from project 'SGFPlayer3D')
    cd /Users/Dave/Go/SGFPlayer\ Code/SGFPlayer3D
    builtin-copy -exclude .DS_Store -exclude CVS -exclude .svn -exclude .git -exclude .hg -resolve-src-symlinks /Users/Dave/Go/SGFPlayer\ Code/SGFPlayer3D/SGFPlayer3D/ContentView.swift.backup /Users/dave/Library/Developer/Xcode/DerivedData/SGFPlayer3D-clytobqxdmoqeccwzekaxegwfyjh/Build/Products/Debug/SGFPlayer3D.app/Contents/Resources

CpResource /Users/dave/Library/Developer/Xcode/DerivedData/SGFPlayer3D-clytobqxdmoqeccwzekaxegwfyjh/Build/Products/Debug/SGFPlayer3D.app/Contents/Resources/Capture_single.mp3 /Users/Dave/Go/SGFPlayer\ Code/SGFPlayer3D/SGFPlayer3D/Capture_single.mp3 (in target 'SGFPlayer3D' from project 'SGFPlayer3D')
    cd /Users/Dave/Go/SGFPlayer\ Code/SGFPlayer3D
    builtin-copy -exclude .DS_Store -exclude CVS -exclude .svn -exclude .git -exclude .hg -resolve-src-symlinks /Users/Dave/Go/SGFPlayer\ Code/SGFPlayer3D/SGFPlayer3D/Capture_single.mp3 /Users/dave/Library/Developer/Xcode/DerivedData/SGFPlayer3D-clytobqxdmoqeccwzekaxegwfyjh/Build/Products/Debug/SGFPlayer3D.app/Contents/Resources

CpResource /Users/dave/Library/Developer/Xcode/DerivedData/SGFPlayer3D-clytobqxdmoqeccwzekaxegwfyjh/Build/Products/Debug/SGFPlayer3D.app/Contents/Resources/Capture_multiple.mp3 /Users/Dave/Go/SGFPlayer\ Code/SGFPlayer3D/SGFPlayer3D/Capture_multiple.mp3 (in target 'SGFPlayer3D' from project 'SGFPlayer3D')
    cd /Users/Dave/Go/SGFPlayer\ Code/SGFPlayer3D
    builtin-copy -exclude .DS_Store -exclude CVS -exclude .svn -exclude .git -exclude .hg -resolve-src-symlinks /Users/Dave/Go/SGFPlayer\ Code/SGFPlayer3D/SGFPlayer3D/Capture_multiple.mp3 /Users/dave/Library/Developer/Xcode/DerivedData/SGFPlayer3D-clytobqxdmoqeccwzekaxegwfyjh/Build/Products/Debug/SGFPlayer3D.app/Contents/Resources

CopyPlistFile /Users/dave/Library/Developer/Xcode/DerivedData/SGFPlayer3D-clytobqxdmoqeccwzekaxegwfyjh/Build/Products/Debug/SGFPlayer3D.app/Contents/Resources/Info.plist /Users/Dave/Go/SGFPlayer\ Code/SGFPlayer3D/SGFPlayer3D/Info.plist (in target 'SGFPlayer3D' from project 'SGFPlayer3D')
    cd /Users/Dave/Go/SGFPlayer\ Code/SGFPlayer3D
    builtin-copyPlist --outdir /Users/dave/Library/Developer/Xcode/DerivedData/SGFPlayer3D-clytobqxdmoqeccwzekaxegwfyjh/Build/Products/Debug/SGFPlayer3D.app/Contents/Resources -- /Users/Dave/Go/SGFPlayer\ Code/SGFPlayer3D/SGFPlayer3D/Info.plist

CopyPNGFile /Users/dave/Library/Developer/Xcode/DerivedData/SGFPlayer3D-clytobqxdmoqeccwzekaxegwfyjh/Build/Products/Debug/SGFPlayer3D.app/Contents/Resources/space_background.png /Users/Dave/Go/SGFPlayer\ Code/SGFPlayer3D/SGFPlayer3D/space_background.png (in target 'SGFPlayer3D' from project 'SGFPlayer3D')
    cd /Users/Dave/Go/SGFPlayer\ Code/SGFPlayer3D
    /Applications/Xcode.app/Contents/Developer/usr/bin/copypng /Users/Dave/Go/SGFPlayer\ Code/SGFPlayer3D/SGFPlayer3D/space_background.png /Users/dave/Library/Developer/Xcode/DerivedData/SGFPlayer3D-clytobqxdmoqeccwzekaxegwfyjh/Build/Products/Debug/SGFPlayer3D.app/Contents/Resources/space_background.png

CopyPNGFile /Users/dave/Library/Developer/Xcode/DerivedData/SGFPlayer3D-clytobqxdmoqeccwzekaxegwfyjh/Build/Products/Debug/SGFPlayer3D.app/Contents/Resources/backup_original.png /Users/Dave/Go/SGFPlayer\ Code/SGFPlayer3D/SGFPlayer3D/backup_original.png (in target 'SGFPlayer3D' from project 'SGFPlayer3D')
    cd /Users/Dave/Go/SGFPlayer\ Code/SGFPlayer3D
    /Applications/Xcode.app/Contents/Developer/usr/bin/copypng /Users/Dave/Go/SGFPlayer\ Code/SGFPlayer3D/SGFPlayer3D/backup_original.png /Users/dave/Library/Developer/Xcode/DerivedData/SGFPlayer3D-clytobqxdmoqeccwzekaxegwfyjh/Build/Products/Debug/SGFPlayer3D.app/Contents/Resources/backup_original.png

CompileAssetCatalogVariant thinned /Users/dave/Library/Developer/Xcode/DerivedData/SGFPlayer3D-clytobqxdmoqeccwzekaxegwfyjh/Build/Products/Debug/SGFPlayer3D.app/Contents/Resources /Users/Dave/Go/SGFPlayer\ Code/SGFPlayer3D/SGFPlayer3D/Assets.xcassets (in target 'SGFPlayer3D' from project 'SGFPlayer3D')
    cd /Users/Dave/Go/SGFPlayer\ Code/SGFPlayer3D
    /Applications/Xcode.app/Contents/Developer/usr/bin/actool /Users/Dave/Go/SGFPlayer\ Code/SGFPlayer3D/SGFPlayer3D/Assets.xcassets --compile /Users/dave/Library/Developer/Xcode/DerivedData/SGFPlayer3D-clytobqxdmoqeccwzekaxegwfyjh/Build/Intermediates.noindex/SGFPlayer3D.build/Debug/SGFPlayer3D.build/assetcatalog_output/thinned --output-format human-readable-text --notices --warnings --export-dependency-info /Users/dave/Library/Developer/Xcode/DerivedData/SGFPlayer3D-clytobqxdmoqeccwzekaxegwfyjh/Build/Intermediates.noindex/SGFPlayer3D.build/Debug/SGFPlayer3D.build/assetcatalog_dependencies_thinned --output-partial-info-plist /Users/dave/Library/Developer/Xcode/DerivedData/SGFPlayer3D-clytobqxdmoqeccwzekaxegwfyjh/Build/Intermediates.noindex/SGFPlayer3D.build/Debug/SGFPlayer3D.build/assetcatalog_generated_info.plist_thinned --app-icon AppIcon --accent-color AccentColor --enable-on-demand-resources NO --development-region en --target-device mac --minimum-deployment-target 15.5 --platform macosx

SwiftDriver SGFPlayer3D normal arm64 com.apple.xcode.tools.swift.compiler (in target 'SGFPlayer3D' from project 'SGFPlayer3D')
    cd /Users/Dave/Go/SGFPlayer\ Code/SGFPlayer3D
    builtin-SwiftDriver -- /Applications/Xcode.app/Contents/Developer/Toolchains/XcodeDefault.xctoolchain/usr/bin/swiftc -module-name SGFPlayer3D -Onone -enforce-exclusivity\=checked @/Users/dave/Library/Developer/Xcode/DerivedData/SGFPlayer3D-clytobqxdmoqeccwzekaxegwfyjh/Build/Intermediates.noindex/SGFPlayer3D.build/Debug/SGFPlayer3D.build/Objects-normal/arm64/SGFPlayer3D.SwiftFileList -DDEBUG -enable-bare-slash-regex -enable-experimental-feature DebugDescriptionMacro -sdk /Applications/Xcode.app/Contents/Developer/Platforms/MacOSX.platform/Developer/SDKs/MacOSX15.5.sdk -target arm64-apple-macos15.5 -g -module-cache-path /Users/dave/Library/Developer/Xcode/DerivedData/ModuleCache.noindex -Xfrontend -serialize-debugging-options -enable-testing -index-store-path /Users/dave/Library/Developer/Xcode/DerivedData/SGFPlayer3D-clytobqxdmoqeccwzekaxegwfyjh/Index.noindex/DataStore -swift-version 5 -I /Users/dave/Library/Developer/Xcode/DerivedData/SGFPlayer3D-clytobqxdmoqeccwzekaxegwfyjh/Build/Products/Debug -F /Users/dave/Library/Developer/Xcode/DerivedData/SGFPlayer3D-clytobqxdmoqeccwzekaxegwfyjh/Build/Products/Debug -emit-localized-strings -emit-localized-strings-path /Users/dave/Library/Developer/Xcode/DerivedData/SGFPlayer3D-clytobqxdmoqeccwzekaxegwfyjh/Build/Intermediates.noindex/SGFPlayer3D.build/Debug/SGFPlayer3D.build/Objects-normal/arm64 -c -j10 -enable-batch-mode -incremental -Xcc -ivfsstatcache -Xcc /Users/dave/Library/Developer/Xcode/DerivedData/SDKStatCaches.noindex/macosx15.5-24F74-8254517eb8b97d462ccbc072ba9094c9.sdkstatcache -output-file-map /Users/dave/Library/Developer/Xcode/DerivedData/SGFPlayer3D-clytobqxdmoqeccwzekaxegwfyjh/Build/Intermediates.noindex/SGFPlayer3D.build/Debug/SGFPlayer3D.build/Objects-normal/arm64/SGFPlayer3D-OutputFileMap.json -use-frontend-parseable-output -save-temps -no-color-diagnostics -serialize-diagnostics -emit-dependencies -emit-module -emit-module-path /Users/dave/Library/Developer/Xcode/DerivedData/SGFPlayer3D-clytobqxdmoqeccwzekaxegwfyjh/Build/Intermediates.noindex/SGFPlayer3D.build/Debug/SGFPlayer3D.build/Objects-normal/arm64/SGFPlayer3D.swiftmodule -validate-clang-modules-once -clang-build-session-file /Users/dave/Library/Developer/Xcode/DerivedData/ModuleCache.noindex/Session.modulevalidation -Xcc -I/Users/dave/Library/Developer/Xcode/DerivedData/SGFPlayer3D-clytobqxdmoqeccwzekaxegwfyjh/Build/Intermediates.noindex/SGFPlayer3D.build/Debug/SGFPlayer3D.build/swift-overrides.hmap -emit-const-values -Xfrontend -const-gather-protocols-file -Xfrontend /Users/dave/Library/Developer/Xcode/DerivedData/SGFPlayer3D-clytobqxdmoqeccwzekaxegwfyjh/Build/Intermediates.noindex/SGFPlayer3D.build/Debug/SGFPlayer3D.build/Objects-normal/arm64/SGFPlayer3D_const_extract_protocols.json -Xcc -iquote -Xcc /Users/dave/Library/Developer/Xcode/DerivedData/SGFPlayer3D-clytobqxdmoqeccwzekaxegwfyjh/Build/Intermediates.noindex/SGFPlayer3D.build/Debug/SGFPlayer3D.build/SGFPlayer3D-generated-files.hmap -Xcc -I/Users/dave/Library/Developer/Xcode/DerivedData/SGFPlayer3D-clytobqxdmoqeccwzekaxegwfyjh/Build/Intermediates.noindex/SGFPlayer3D.build/Debug/SGFPlayer3D.build/SGFPlayer3D-own-target-headers.hmap -Xcc -I/Users/dave/Library/Developer/Xcode/DerivedData/SGFPlayer3D-clytobqxdmoqeccwzekaxegwfyjh/Build/Intermediates.noindex/SGFPlayer3D.build/Debug/SGFPlayer3D.build/SGFPlayer3D-all-target-headers.hmap -Xcc -iquote -Xcc /Users/dave/Library/Developer/Xcode/DerivedData/SGFPlayer3D-clytobqxdmoqeccwzekaxegwfyjh/Build/Intermediates.noindex/SGFPlayer3D.build/Debug/SGFPlayer3D.build/SGFPlayer3D-project-headers.hmap -Xcc -I/Users/dave/Library/Developer/Xcode/DerivedData/SGFPlayer3D-clytobqxdmoqeccwzekaxegwfyjh/Build/Products/Debug/include -Xcc -I/Users/dave/Library/Developer/Xcode/DerivedData/SGFPlayer3D-clytobqxdmoqeccwzekaxegwfyjh/Build/Intermediates.noindex/SGFPlayer3D.build/Debug/SGFPlayer3D.build/DerivedSources-normal/arm64 -Xcc -I/Users/dave/Library/Developer/Xcode/DerivedData/SGFPlayer3D-clytobqxdmoqeccwzekaxegwfyjh/Build/Intermediates.noindex/SGFPlayer3D.build/Debug/SGFPlayer3D.build/DerivedSources/arm64 -Xcc -I/Users/dave/Library/Developer/Xcode/DerivedData/SGFPlayer3D-clytobqxdmoqeccwzekaxegwfyjh/Build/Intermediates.noindex/SGFPlayer3D.build/Debug/SGFPlayer3D.build/DerivedSources -Xcc -DDEBUG\=1 -emit-objc-header -emit-objc-header-path /Users/dave/Library/Developer/Xcode/DerivedData/SGFPlayer3D-clytobqxdmoqeccwzekaxegwfyjh/Build/Intermediates.noindex/SGFPlayer3D.build/Debug/SGFPlayer3D.build/Objects-normal/arm64/SGFPlayer3D-Swift.h -working-directory /Users/Dave/Go/SGFPlayer\ Code/SGFPlayer3D -experimental-emit-module-separately -disable-cmo

SwiftCompile normal arm64 Compiling\ SettingsPanelView3D.swift,\ PlayerCapturesAdapter.swift,\ SimpleTextTestView.swift,\ ContentViewBridge.swift,\ SGFPlayer3DApp.swift /Users/Dave/Go/SGFPlayer\ Code/SGFPlayer3D/SGFPlayer3D/Views/SettingsPanelView3D.swift /Users/Dave/Go/SGFPlayer\ Code/SGFPlayer3D/SGFPlayer3D/PlayerCapturesAdapter.swift /Users/Dave/Go/SGFPlayer\ Code/SGFPlayer3D/SGFPlayer3D/Views/SimpleTextTestView.swift /Users/Dave/Go/SGFPlayer\ Code/SGFPlayer3D/SGFPlayer3D/Integration/ContentViewBridge.swift /Users/Dave/Go/SGFPlayer\ Code/SGFPlayer3D/SGFPlayer3D/SGFPlayer3DApp.swift (in target 'SGFPlayer3D' from project 'SGFPlayer3D')
SwiftCompile normal arm64 /Users/Dave/Go/SGFPlayer\ Code/SGFPlayer3D/SGFPlayer3D/Views/SettingsPanelView3D.swift (in target 'SGFPlayer3D' from project 'SGFPlayer3D')
    cd /Users/Dave/Go/SGFPlayer\ Code/SGFPlayer3D
    

SwiftCompile normal arm64 /Users/Dave/Go/SGFPlayer\ Code/SGFPlayer3D/SGFPlayer3D/PlayerCapturesAdapter.swift (in target 'SGFPlayer3D' from project 'SGFPlayer3D')
    cd /Users/Dave/Go/SGFPlayer\ Code/SGFPlayer3D
    

SwiftCompile normal arm64 /Users/Dave/Go/SGFPlayer\ Code/SGFPlayer3D/SGFPlayer3D/Views/SimpleTextTestView.swift (in target 'SGFPlayer3D' from project 'SGFPlayer3D')
    cd /Users/Dave/Go/SGFPlayer\ Code/SGFPlayer3D
    

SwiftCompile normal arm64 /Users/Dave/Go/SGFPlayer\ Code/SGFPlayer3D/SGFPlayer3D/Integration/ContentViewBridge.swift (in target 'SGFPlayer3D' from project 'SGFPlayer3D')
    cd /Users/Dave/Go/SGFPlayer\ Code/SGFPlayer3D
    

SwiftCompile normal arm64 /Users/Dave/Go/SGFPlayer\ Code/SGFPlayer3D/SGFPlayer3D/SGFPlayer3DApp.swift (in target 'SGFPlayer3D' from project 'SGFPlayer3D')
    cd /Users/Dave/Go/SGFPlayer\ Code/SGFPlayer3D
    

SwiftCompile normal arm64 Compiling\ BoardViewport.swift,\ GameStateCache.swift,\ BowlView.swift,\ SGFPlayerEngine.swift,\ StonePositionViewModel.swift /Users/Dave/Go/SGFPlayer\ Code/SGFPlayer3D/SGFPlayer3D/BoardViewport.swift /Users/Dave/Go/SGFPlayer\ Code/SGFPlayer3D/SGFPlayer3D/Models/GameStateCache.swift /Users/Dave/Go/SGFPlayer\ Code/SGFPlayer3D/SGFPlayer3D/BowlView.swift /Users/Dave/Go/SGFPlayer\ Code/SGFPlayer3D/SGFPlayer3D/SGFPlayerEngine.swift /Users/Dave/Go/SGFPlayer\ Code/SGFPlayer3D/SGFPlayer3D/ViewModels/StonePositionViewModel.swift (in target 'SGFPlayer3D' from project 'SGFPlayer3D')
SwiftCompile normal arm64 /Users/Dave/Go/SGFPlayer\ Code/SGFPlayer3D/SGFPlayer3D/BoardViewport.swift (in target 'SGFPlayer3D' from project 'SGFPlayer3D')
    cd /Users/Dave/Go/SGFPlayer\ Code/SGFPlayer3D
    

SwiftCompile normal arm64 /Users/Dave/Go/SGFPlayer\ Code/SGFPlayer3D/SGFPlayer3D/Models/GameStateCache.swift (in target 'SGFPlayer3D' from project 'SGFPlayer3D')
    cd /Users/Dave/Go/SGFPlayer\ Code/SGFPlayer3D
    

SwiftCompile normal arm64 /Users/Dave/Go/SGFPlayer\ Code/SGFPlayer3D/SGFPlayer3D/BowlView.swift (in target 'SGFPlayer3D' from project 'SGFPlayer3D')
    cd /Users/Dave/Go/SGFPlayer\ Code/SGFPlayer3D
    

SwiftCompile normal arm64 /Users/Dave/Go/SGFPlayer\ Code/SGFPlayer3D/SGFPlayer3D/SGFPlayerEngine.swift (in target 'SGFPlayer3D' from project 'SGFPlayer3D')
    cd /Users/Dave/Go/SGFPlayer\ Code/SGFPlayer3D
    

SwiftCompile normal arm64 /Users/Dave/Go/SGFPlayer\ Code/SGFPlayer3D/SGFPlayer3D/ViewModels/StonePositionViewModel.swift (in target 'SGFPlayer3D' from project 'SGFPlayer3D')
    cd /Users/Dave/Go/SGFPlayer\ Code/SGFPlayer3D
    

SwiftCompile normal arm64 Compiling\ GroupDropPhysicsModel.swift,\ PhysicsIntegrationDemo.swift,\ SGFPlayerViewModel.swift,\ UIStateViewModel.swift /Users/Dave/Go/SGFPlayer\ Code/SGFPlayer3D/SGFPlayer3D/Physics/GroupDropPhysicsModel.swift /Users/Dave/Go/SGFPlayer\ Code/SGFPlayer3D/SGFPlayer3D/Integration/PhysicsIntegrationDemo.swift /Users/Dave/Go/SGFPlayer\ Code/SGFPlayer3D/SGFPlayer3D/ViewModels/SGFPlayerViewModel.swift /Users/Dave/Go/SGFPlayer\ Code/SGFPlayer3D/SGFPlayer3D/ViewModels/UIStateViewModel.swift (in target 'SGFPlayer3D' from project 'SGFPlayer3D')

SwiftCompile normal arm64 /Users/Dave/Go/SGFPlayer\ Code/SGFPlayer3D/SGFPlayer3D/Physics/GroupDropPhysicsModel.swift (in target 'SGFPlayer3D' from project 'SGFPlayer3D')
    cd /Users/Dave/Go/SGFPlayer\ Code/SGFPlayer3D
    

SwiftCompile normal arm64 /Users/Dave/Go/SGFPlayer\ Code/SGFPlayer3D/SGFPlayer3D/Integration/PhysicsIntegrationDemo.swift (in target 'SGFPlayer3D' from project 'SGFPlayer3D')
    cd /Users/Dave/Go/SGFPlayer\ Code/SGFPlayer3D
    

SwiftCompile normal arm64 /Users/Dave/Go/SGFPlayer\ Code/SGFPlayer3D/SGFPlayer3D/ViewModels/SGFPlayerViewModel.swift (in target 'SGFPlayer3D' from project 'SGFPlayer3D')
    cd /Users/Dave/Go/SGFPlayer\ Code/SGFPlayer3D
    

SwiftCompile normal arm64 /Users/Dave/Go/SGFPlayer\ Code/SGFPlayer3D/SGFPlayer3D/ViewModels/UIStateViewModel.swift (in target 'SGFPlayer3D' from project 'SGFPlayer3D')
    cd /Users/Dave/Go/SGFPlayer\ Code/SGFPlayer3D
    

SwiftCompile normal arm64 Compiling\ ContentView.swift,\ PhysicsEngine.swift,\ OGSClient.swift,\ GameInfoBar.swift /Users/Dave/Go/SGFPlayer\ Code/SGFPlayer3D/SGFPlayer3D/ContentView.swift /Users/Dave/Go/SGFPlayer\ Code/SGFPlayer3D/SGFPlayer3D/Physics/PhysicsEngine.swift /Users/Dave/Go/SGFPlayer\ Code/SGFPlayer3D/SGFPlayer3D/OGSClient.swift /Users/Dave/Go/SGFPlayer\ Code/SGFPlayer3D/SGFPlayer3D/Views/GameInfoBar.swift (in target 'SGFPlayer3D' from project 'SGFPlayer3D')
Failed frontend command:
/Applications/Xcode.app/Contents/Developer/Toolchains/XcodeDefault.xctoolchain/usr/bin/swift-frontend -frontend -c /Users/Dave/Go/SGFPlayer\ Code/SGFPlayer3D/SGFPlayer3D/Views/SettingsPanelView3D.swift /Users/Dave/Go/SGFPlayer\ Code/SGFPlayer3D/SGFPlayer3D/PlayerCapturesAdapter.swift /Users/Dave/Go/SGFPlayer\ Code/SGFPlayer3D/SGFPlayer3D/Views/SimpleTextTestView.swift /Users/Dave/Go/SGFPlayer\ Code/SGFPlayer3D/SGFPlayer3D/Integration/ContentViewBridge.swift /Users/Dave/Go/SGFPlayer\ Code/SGFPlayer3D/SGFPlayer3D/SGFPlayer3DApp.swift /Users/Dave/Go/SGFPlayer\ Code/SGFPlayer3D/SGFPlayer3D/Integration/ContentViewModification.swift /Users/Dave/Go/SGFPlayer\ Code/SGFPlayer3D/SGFPlayer3D/BowlPhysics.swift /Users/Dave/Go/SGFPlayer\ Code/SGFPlayer3D/SGFPlayer3D/StoneJitter.swift /Users/Dave/Go/SGFPlayer\ Code/SGFPlayer3D/SGFPlayer3D/Utils/Logger.swift /Users/Dave/Go/SGFPlayer\ Code/SGFPlayer3D/SGFPlayer3D/Utils/DebugConfig.swift /Users/Dave/Go/SGFPlayer\ Code/SGFPlayer3D/SGFPlayer3D/BoardViewport.swift /Users/Dave/Go/SGFPlayer\ Code/SGFPlayer3D/SGFPlayer3D/Models/GameStateCache.swift /Users/Dave/Go/SGFPlayer\ Code/SGFPlayer3D/SGFPlayer3D/BowlView.swift /Users/Dave/Go/SGFPlayer\ Code/SGFPlayer3D/SGFPlayer3D/SGFPlayerEngine.swift /Users/Dave/Go/SGFPlayer\ Code/SGFPlayer3D/SGFPlayer3D/ViewModels/StonePositionViewModel.swift /Users/Dave/Go/SGFPlayer\ Code/SGFPlayer3D/SGFPlayer3D/Physics/GroupDropPhysicsModel.swift /Users/Dave/Go/SGFPlayer\ Code/SGFPlayer3D/SGFPlayer3D/Integration/PhysicsIntegrationDemo.swift /Users/Dave/Go/SGFPlayer\ Code/SGFPlayer3D/SGFPlayer3D/ViewModels/SGFPlayerViewModel.swift /Users/Dave/Go/SGFPlayer\ Code/SGFPlayer3D/SGFPlayer3D/ViewModels/UIStateViewModel.swift -primary-file /Users/Dave/Go/SGFPlayer\ Code/SGFPlayer3D/SGFPlayer3D/ContentView.swift -primary-file /Users/Dave/Go/SGFPlayer\ Code/SGFPlayer3D/SGFPlayer3D/Physics/PhysicsEngine.swift -primary-file /Users/Dave/Go/SGFPlayer\ Code/SGFPlayer3D/SGFPlayer3D/OGSClient.swift -primary-file /Users/Dave/Go/SGFPlayer\ Code/SGFPlayer3D/SGFPlayer3D/Views/GameInfoBar.swift /Users/Dave/Go/SGFPlayer\ Code/SGFPlayer3D/SGFPlayer3D/SGFKit.swift /Users/Dave/Go/SGFPlayer\ Code/SGFPlayer3D/SGFPlayer3D/Cache/CacheManager.swift /Users/Dave/Go/SGFPlayer\ Code/SGFPlayer3D/SGFPlayer3D/Views/SettingsPanelView.swift /Users/Dave/Go/SGFPlayer\ Code/SGFPlayer3D/SGFPlayer3D/Views/GameSearchView.swift /Users/Dave/Go/SGFPlayer\ Code/SGFPlayer3D/SGFPlayer3D/Views/SearchWindowController.swift /Users/Dave/Go/SGFPlayer\ Code/SGFPlayer3D/SGFPlayer3D/ViewModels/SettingsViewModel.swift /Users/Dave/Go/SGFPlayer\ Code/SGFPlayer3D/SGFPlayer3D/Views/GameBoardView.swift /Users/Dave/Go/SGFPlayer\ Code/SGFPlayer3D/SGFPlayer3D/Integration/PhysicsIntegration.swift /Users/Dave/Go/SGFPlayer\ Code/SGFPlayer3D/SGFPlayer3D/Views/NativeTextFieldTest.swift /Users/Dave/Go/SGFPlayer\ Code/SGFPlayer3D/SGFPlayer3D/SoundManager.swift /Users/Dave/Go/SGFPlayer\ Code/SGFPlayer3D/SGFPlayer3D/Physics/SpiralPhysicsModel.swift /Users/Dave/Go/SGFPlayer\ Code/SGFPlayer3D/SGFPlayer3D/Views/ControlsView.swift /Users/Dave/Go/SGFPlayer\ Code/SGFPlayer3D/SGFPlayer3D/Integration/CompatibilityLayer.swift /Users/Dave/Go/SGFPlayer\ Code/SGFPlayer3D/SGFPlayer3D/Views/SimpleBoardView.swift /Users/Dave/Go/SGFPlayer\ Code/SGFPlayer3D/SGFPlayer3D/AppModel.swift /Users/Dave/Go/SGFPlayer\ Code/SGFPlayer3D/SGFPlayer3D/Views/AppKitTextWindow.swift /Users/Dave/Go/SGFPlayer\ Code/SGFPlayer3D/SGFPlayer3D/ContentView3D.swift /Users/Dave/Go/SGFPlayer\ Code/SGFPlayer3D/SGFPlayer3D/Integration/ContentViewMigrationGuide.swift /Users/Dave/Go/SGFPlayer\ Code/SGFPlayer3D/SGFPlayer3D/Physics/EnergyMinimizationModel.swift /Users/dave/Library/Developer/Xcode/DerivedData/SGFPlayer3D-clytobqxdmoqeccwzekaxegwfyjh/Build/Intermediates.noindex/SGFPlayer3D.build/Debug/SGFPlayer3D.build/DerivedSources/GeneratedAssetSymbols.swift -supplementary-output-file-map /Users/dave/Library/Developer/Xcode/DerivedData/SGFPlayer3D-clytobqxdmoqeccwzekaxegwfyjh/Build/Intermediates.noindex/SGFPlayer3D.build/Debug/SGFPlayer3D.build/Objects-normal/arm64/supplementaryOutputs-5 -emit-localized-strings -emit-localized-strings-path /Users/dave/Library/Developer/Xcode/DerivedData/SGFPlayer3D-clytobqxdmoqeccwzekaxegwfyjh/Build/Intermediates.noindex/SGFPlayer3D.build/Debug/SGFPlayer3D.build/Objects-normal/arm64 -target arm64-apple-macos15.5 -Xllvm -aarch64-use-tbi -enable-objc-interop -stack-check -sdk /Applications/Xcode.app/Contents/Developer/Platforms/MacOSX.platform/Developer/SDKs/MacOSX15.5.sdk -I /Users/dave/Library/Developer/Xcode/DerivedData/SGFPlayer3D-clytobqxdmoqeccwzekaxegwfyjh/Build/Products/Debug -F /Users/dave/Library/Developer/Xcode/DerivedData/SGFPlayer3D-clytobqxdmoqeccwzekaxegwfyjh/Build/Products/Debug -no-color-diagnostics -enable-testing -g -debug-info-format\=dwarf -dwarf-version\=5 -module-cache-path /Users/dave/Library/Developer/Xcode/DerivedData/ModuleCache.noindex -swift-version 5 -enforce-exclusivity\=checked -Onone -D DEBUG -serialize-debugging-options -const-gather-protocols-file /Users/dave/Library/Developer/Xcode/DerivedData/SGFPlayer3D-clytobqxdmoqeccwzekaxegwfyjh/Build/Intermediates.noindex/SGFPlayer3D.build/Debug/SGFPlayer3D.build/Objects-normal/arm64/SGFPlayer3D_const_extract_protocols.json -enable-experimental-feature DebugDescriptionMacro -enable-bare-slash-regex -empty-abi-descriptor -validate-clang-modules-once -clang-build-session-file /Users/dave/Library/Developer/Xcode/DerivedData/ModuleCache.noindex/Session.modulevalidation -Xcc -working-directory -Xcc /Users/Dave/Go/SGFPlayer\ Code/SGFPlayer3D -resource-dir /Applications/Xcode.app/Contents/Developer/Toolchains/XcodeDefault.xctoolchain/usr/lib/swift -enable-anonymous-context-mangled-names -file-compilation-dir /Users/Dave/Go/SGFPlayer\ Code/SGFPlayer3D -Xcc -ivfsstatcache -Xcc /Users/dave/Library/Developer/Xcode/DerivedData/SDKStatCaches.noindex/macosx15.5-24F74-8254517eb8b97d462ccbc072ba9094c9.sdkstatcache -Xcc -I/Users/dave/Library/Developer/Xcode/DerivedData/SGFPlayer3D-clytobqxdmoqeccwzekaxegwfyjh/Build/Intermediates.noindex/SGFPlayer3D.build/Debug/SGFPlayer3D.build/swift-overrides.hmap -Xcc -iquote -Xcc /Users/dave/Library/Developer/Xcode/DerivedData/SGFPlayer3D-clytobqxdmoqeccwzekaxegwfyjh/Build/Intermediates.noindex/SGFPlayer3D.build/Debug/SGFPlayer3D.build/SGFPlayer3D-generated-files.hmap -Xcc -I/Users/dave/Library/Developer/Xcode/DerivedData/SGFPlayer3D-clytobqxdmoqeccwzekaxegwfyjh/Build/Intermediates.noindex/SGFPlayer3D.build/Debug/SGFPlayer3D.build/SGFPlayer3D-own-target-headers.hmap -Xcc -I/Users/dave/Library/Developer/Xcode/DerivedData/SGFPlayer3D-clytobqxdmoqeccwzekaxegwfyjh/Build/Intermediates.noindex/SGFPlayer3D.build/Debug/SGFPlayer3D.build/SGFPlayer3D-all-target-headers.hmap -Xcc -iquote -Xcc /Users/dave/Library/Developer/Xcode/DerivedData/SGFPlayer3D-clytobqxdmoqeccwzekaxegwfyjh/Build/Intermediates.noindex/SGFPlayer3D.build/Debug/SGFPlayer3D.build/SGFPlayer3D-project-headers.hmap -Xcc -I/Users/dave/Library/Developer/Xcode/DerivedData/SGFPlayer3D-clytobqxdmoqeccwzekaxegwfyjh/Build/Products/Debug/include -Xcc -I/Users/dave/Library/Developer/Xcode/DerivedData/SGFPlayer3D-clytobqxdmoqeccwzekaxegwfyjh/Build/Intermediates.noindex/SGFPlayer3D.build/Debug/SGFPlayer3D.build/DerivedSources-normal/arm64 -Xcc -I/Users/dave/Library/Developer/Xcode/DerivedData/SGFPlayer3D-clytobqxdmoqeccwzekaxegwfyjh/Build/Intermediates.noindex/SGFPlayer3D.build/Debug/SGFPlayer3D.build/DerivedSources/arm64 -Xcc -I/Users/dave/Library/Developer/Xcode/DerivedData/SGFPlayer3D-clytobqxdmoqeccwzekaxegwfyjh/Build/Intermediates.noindex/SGFPlayer3D.build/Debug/SGFPlayer3D.build/DerivedSources -Xcc -DDEBUG\=1 -module-name SGFPlayer3D -frontend-parseable-output -disable-clang-spi -target-sdk-version 15.5 -target-sdk-name macosx15.5 -external-plugin-path /Applications/Xcode.app/Contents/Developer/Platforms/MacOSX.platform/Developer/usr/lib/swift/host/plugins\#/Applications/Xcode.app/Contents/Developer/Platforms/MacOSX.platform/Developer/usr/bin/swift-plugin-server -external-plugin-path /Applications/Xcode.app/Contents/Developer/Platforms/MacOSX.platform/Developer/usr/local/lib/swift/host/plugins\#/Applications/Xcode.app/Contents/Developer/Platforms/MacOSX.platform/Developer/usr/bin/swift-plugin-server -in-process-plugin-server-path /Applications/Xcode.app/Contents/Developer/Toolchains/XcodeDefault.xctoolchain/usr/lib/swift/host/libSwiftInProcPluginServer.dylib -plugin-path /Applications/Xcode.app/Contents/Developer/Toolchains/XcodeDefault.xctoolchain/usr/lib/swift/host/plugins -plugin-path /Applications/Xcode.app/Contents/Developer/Toolchains/XcodeDefault.xctoolchain/usr/local/lib/swift/host/plugins -o /Users/dave/Library/Developer/Xcode/DerivedData/SGFPlayer3D-clytobqxdmoqeccwzekaxegwfyjh/Build/Intermediates.noindex/SGFPlayer3D.build/Debug/SGFPlayer3D.build/Objects-normal/arm64/ContentView.o -o /Users/dave/Library/Developer/Xcode/DerivedData/SGFPlayer3D-clytobqxdmoqeccwzekaxegwfyjh/Build/Intermediates.noindex/SGFPlayer3D.build/Debug/SGFPlayer3D.build/Objects-normal/arm64/PhysicsEngine.o -o /Users/dave/Library/Developer/Xcode/DerivedData/SGFPlayer3D-clytobqxdmoqeccwzekaxegwfyjh/Build/Intermediates.noindex/SGFPlayer3D.build/Debug/SGFPlayer3D.build/Objects-normal/arm64/OGSClient.o -o /Users/dave/Library/Developer/Xcode/DerivedData/SGFPlayer3D-clytobqxdmoqeccwzekaxegwfyjh/Build/Intermediates.noindex/SGFPlayer3D.build/Debug/SGFPlayer3D.build/Objects-normal/arm64/GameInfoBar.o -index-unit-output-path /SGFPlayer3D.build/Debug/SGFPlayer3D.build/Objects-normal/arm64/ContentView.o -index-unit-output-path /SGFPlayer3D.build/Debug/SGFPlayer3D.build/Objects-normal/arm64/PhysicsEngine.o -index-unit-output-path /SGFPlayer3D.build/Debug/SGFPlayer3D.build/Objects-normal/arm64/OGSClient.o -index-unit-output-path /SGFPlayer3D.build/Debug/SGFPlayer3D.build/Objects-normal/arm64/GameInfoBar.o -index-store-path /Users/dave/Library/Developer/Xcode/DerivedData/SGFPlayer3D-clytobqxdmoqeccwzekaxegwfyjh/Index.noindex/DataStore -index-system-modules

SwiftCompile normal arm64 /Users/Dave/Go/SGFPlayer\ Code/SGFPlayer3D/SGFPlayer3D/ContentView.swift (in target 'SGFPlayer3D' from project 'SGFPlayer3D')
    cd /Users/Dave/Go/SGFPlayer\ Code/SGFPlayer3D
    
/Users/Dave/Go/SGFPlayer Code/SGFPlayer3D/SGFPlayer3D/ContentView.swift:700:27: warning: call to main actor-isolated instance method 'hideButtons()' in a synchronous nonisolated context; this is an error in the Swift 6 language mode
                uiStateVM.hideButtons()
                          ^
/Users/Dave/Go/SGFPlayer Code/SGFPlayer3D/SGFPlayer3D/ViewModels/UIStateViewModel.swift:112:10: note: calls to instance method 'hideButtons()' from outside of its actor context are implicitly asynchronous
    func hideButtons() {
         ^

SwiftCompile normal arm64 /Users/Dave/Go/SGFPlayer\ Code/SGFPlayer3D/SGFPlayer3D/Physics/PhysicsEngine.swift (in target 'SGFPlayer3D' from project 'SGFPlayer3D')
    cd /Users/Dave/Go/SGFPlayer\ Code/SGFPlayer3D
    

SwiftCompile normal arm64 /Users/Dave/Go/SGFPlayer\ Code/SGFPlayer3D/SGFPlayer3D/OGSClient.swift (in target 'SGFPlayer3D' from project 'SGFPlayer3D')
    cd /Users/Dave/Go/SGFPlayer\ Code/SGFPlayer3D
    
/Users/Dave/Go/SGFPlayer Code/SGFPlayer3D/SGFPlayer3D/OGSClient.swift:513:21: error: expected ':' after 'case'
        case "auth" case "authentication", "login":
                    ^
/Users/Dave/Go/SGFPlayer Code/SGFPlayer3D/SGFPlayer3D/OGSClient.swift:86:16: warning: immutable value 'password' was never used; consider replacing with '_' or removing it
           let password = String(data: passwordData, encoding: .utf8) {
           ~~~~^~~~~~~~
           _

SwiftCompile normal arm64 /Users/Dave/Go/SGFPlayer\ Code/SGFPlayer3D/SGFPlayer3D/Views/GameInfoBar.swift (in target 'SGFPlayer3D' from project 'SGFPlayer3D')
    cd /Users/Dave/Go/SGFPlayer\ Code/SGFPlayer3D
    

SwiftCompile normal arm64 Compiling\ SGFKit.swift,\ CacheManager.swift,\ SettingsPanelView.swift,\ GameSearchView.swift /Users/Dave/Go/SGFPlayer\ Code/SGFPlayer3D/SGFPlayer3D/SGFKit.swift /Users/Dave/Go/SGFPlayer\ Code/SGFPlayer3D/SGFPlayer3D/Cache/CacheManager.swift /Users/Dave/Go/SGFPlayer\ Code/SGFPlayer3D/SGFPlayer3D/Views/SettingsPanelView.swift /Users/Dave/Go/SGFPlayer\ Code/SGFPlayer3D/SGFPlayer3D/Views/GameSearchView.swift (in target 'SGFPlayer3D' from project 'SGFPlayer3D')
SwiftCompile normal arm64 /Users/Dave/Go/SGFPlayer\ Code/SGFPlayer3D/SGFPlayer3D/SGFKit.swift (in target 'SGFPlayer3D' from project 'SGFPlayer3D')
    cd /Users/Dave/Go/SGFPlayer\ Code/SGFPlayer3D
    

SwiftCompile normal arm64 /Users/Dave/Go/SGFPlayer\ Code/SGFPlayer3D/SGFPlayer3D/Cache/CacheManager.swift (in target 'SGFPlayer3D' from project 'SGFPlayer3D')
    cd /Users/Dave/Go/SGFPlayer\ Code/SGFPlayer3D
    

SwiftCompile normal arm64 /Users/Dave/Go/SGFPlayer\ Code/SGFPlayer3D/SGFPlayer3D/Views/SettingsPanelView.swift (in target 'SGFPlayer3D' from project 'SGFPlayer3D')
    cd /Users/Dave/Go/SGFPlayer\ Code/SGFPlayer3D
    

SwiftCompile normal arm64 /Users/Dave/Go/SGFPlayer\ Code/SGFPlayer3D/SGFPlayer3D/Views/GameSearchView.swift (in target 'SGFPlayer3D' from project 'SGFPlayer3D')
    cd /Users/Dave/Go/SGFPlayer\ Code/SGFPlayer3D
    

SwiftCompile normal arm64 Compiling\ ContentViewModification.swift,\ BowlPhysics.swift,\ StoneJitter.swift,\ Logger.swift,\ DebugConfig.swift /Users/Dave/Go/SGFPlayer\ Code/SGFPlayer3D/SGFPlayer3D/Integration/ContentViewModification.swift /Users/Dave/Go/SGFPlayer\ Code/SGFPlayer3D/SGFPlayer3D/BowlPhysics.swift /Users/Dave/Go/SGFPlayer\ Code/SGFPlayer3D/SGFPlayer3D/StoneJitter.swift /Users/Dave/Go/SGFPlayer\ Code/SGFPlayer3D/SGFPlayer3D/Utils/Logger.swift /Users/Dave/Go/SGFPlayer\ Code/SGFPlayer3D/SGFPlayer3D/Utils/DebugConfig.swift (in target 'SGFPlayer3D' from project 'SGFPlayer3D')

SwiftCompile normal arm64 /Users/Dave/Go/SGFPlayer\ Code/SGFPlayer3D/SGFPlayer3D/Integration/ContentViewModification.swift (in target 'SGFPlayer3D' from project 'SGFPlayer3D')
    cd /Users/Dave/Go/SGFPlayer\ Code/SGFPlayer3D
    

SwiftCompile normal arm64 /Users/Dave/Go/SGFPlayer\ Code/SGFPlayer3D/SGFPlayer3D/BowlPhysics.swift (in target 'SGFPlayer3D' from project 'SGFPlayer3D')
    cd /Users/Dave/Go/SGFPlayer\ Code/SGFPlayer3D
    

SwiftCompile normal arm64 /Users/Dave/Go/SGFPlayer\ Code/SGFPlayer3D/SGFPlayer3D/StoneJitter.swift (in target 'SGFPlayer3D' from project 'SGFPlayer3D')
    cd /Users/Dave/Go/SGFPlayer\ Code/SGFPlayer3D
    

SwiftCompile normal arm64 /Users/Dave/Go/SGFPlayer\ Code/SGFPlayer3D/SGFPlayer3D/Utils/Logger.swift (in target 'SGFPlayer3D' from project 'SGFPlayer3D')
    cd /Users/Dave/Go/SGFPlayer\ Code/SGFPlayer3D
    

SwiftCompile normal arm64 /Users/Dave/Go/SGFPlayer\ Code/SGFPlayer3D/SGFPlayer3D/Utils/DebugConfig.swift (in target 'SGFPlayer3D' from project 'SGFPlayer3D')
    cd /Users/Dave/Go/SGFPlayer\ Code/SGFPlayer3D
    

SwiftCompile normal arm64 Compiling\ SearchWindowController.swift,\ SettingsViewModel.swift,\ GameBoardView.swift,\ PhysicsIntegration.swift /Users/Dave/Go/SGFPlayer\ Code/SGFPlayer3D/SGFPlayer3D/Views/SearchWindowController.swift /Users/Dave/Go/SGFPlayer\ Code/SGFPlayer3D/SGFPlayer3D/ViewModels/SettingsViewModel.swift /Users/Dave/Go/SGFPlayer\ Code/SGFPlayer3D/SGFPlayer3D/Views/GameBoardView.swift /Users/Dave/Go/SGFPlayer\ Code/SGFPlayer3D/SGFPlayer3D/Integration/PhysicsIntegration.swift (in target 'SGFPlayer3D' from project 'SGFPlayer3D')

SwiftCompile normal arm64 /Users/Dave/Go/SGFPlayer\ Code/SGFPlayer3D/SGFPlayer3D/Views/SearchWindowController.swift (in target 'SGFPlayer3D' from project 'SGFPlayer3D')
    cd /Users/Dave/Go/SGFPlayer\ Code/SGFPlayer3D
    

SwiftCompile normal arm64 /Users/Dave/Go/SGFPlayer\ Code/SGFPlayer3D/SGFPlayer3D/ViewModels/SettingsViewModel.swift (in target 'SGFPlayer3D' from project 'SGFPlayer3D')
    cd /Users/Dave/Go/SGFPlayer\ Code/SGFPlayer3D
    

SwiftCompile normal arm64 /Users/Dave/Go/SGFPlayer\ Code/SGFPlayer3D/SGFPlayer3D/Views/GameBoardView.swift (in target 'SGFPlayer3D' from project 'SGFPlayer3D')
    cd /Users/Dave/Go/SGFPlayer\ Code/SGFPlayer3D
    

SwiftCompile normal arm64 /Users/Dave/Go/SGFPlayer\ Code/SGFPlayer3D/SGFPlayer3D/Integration/PhysicsIntegration.swift (in target 'SGFPlayer3D' from project 'SGFPlayer3D')
    cd /Users/Dave/Go/SGFPlayer\ Code/SGFPlayer3D
    

SwiftCompile normal arm64 Compiling\ CompatibilityLayer.swift,\ SimpleBoardView.swift,\ AppModel.swift,\ AppKitTextWindow.swift /Users/Dave/Go/SGFPlayer\ Code/SGFPlayer3D/SGFPlayer3D/Integration/CompatibilityLayer.swift /Users/Dave/Go/SGFPlayer\ Code/SGFPlayer3D/SGFPlayer3D/Views/SimpleBoardView.swift /Users/Dave/Go/SGFPlayer\ Code/SGFPlayer3D/SGFPlayer3D/AppModel.swift /Users/Dave/Go/SGFPlayer\ Code/SGFPlayer3D/SGFPlayer3D/Views/AppKitTextWindow.swift (in target 'SGFPlayer3D' from project 'SGFPlayer3D')

SwiftCompile normal arm64 /Users/Dave/Go/SGFPlayer\ Code/SGFPlayer3D/SGFPlayer3D/Integration/CompatibilityLayer.swift (in target 'SGFPlayer3D' from project 'SGFPlayer3D')
    cd /Users/Dave/Go/SGFPlayer\ Code/SGFPlayer3D
    

SwiftCompile normal arm64 /Users/Dave/Go/SGFPlayer\ Code/SGFPlayer3D/SGFPlayer3D/Views/SimpleBoardView.swift (in target 'SGFPlayer3D' from project 'SGFPlayer3D')
    cd /Users/Dave/Go/SGFPlayer\ Code/SGFPlayer3D
    

SwiftCompile normal arm64 /Users/Dave/Go/SGFPlayer\ Code/SGFPlayer3D/SGFPlayer3D/AppModel.swift (in target 'SGFPlayer3D' from project 'SGFPlayer3D')
    cd /Users/Dave/Go/SGFPlayer\ Code/SGFPlayer3D
    

SwiftCompile normal arm64 /Users/Dave/Go/SGFPlayer\ Code/SGFPlayer3D/SGFPlayer3D/Views/AppKitTextWindow.swift (in target 'SGFPlayer3D' from project 'SGFPlayer3D')
    cd /Users/Dave/Go/SGFPlayer\ Code/SGFPlayer3D
    

SwiftEmitModule normal arm64 Emitting\ module\ for\ SGFPlayer3D (in target 'SGFPlayer3D' from project 'SGFPlayer3D')

EmitSwiftModule normal arm64 (in target 'SGFPlayer3D' from project 'SGFPlayer3D')
    cd /Users/Dave/Go/SGFPlayer\ Code/SGFPlayer3D
    

SwiftCompile normal arm64 Compiling\ ContentView3D.swift,\ ContentViewMigrationGuide.swift,\ EnergyMinimizationModel.swift,\ GeneratedAssetSymbols.swift /Users/Dave/Go/SGFPlayer\ Code/SGFPlayer3D/SGFPlayer3D/ContentView3D.swift /Users/Dave/Go/SGFPlayer\ Code/SGFPlayer3D/SGFPlayer3D/Integration/ContentViewMigrationGuide.swift /Users/Dave/Go/SGFPlayer\ Code/SGFPlayer3D/SGFPlayer3D/Physics/EnergyMinimizationModel.swift /Users/dave/Library/Developer/Xcode/DerivedData/SGFPlayer3D-clytobqxdmoqeccwzekaxegwfyjh/Build/Intermediates.noindex/SGFPlayer3D.build/Debug/SGFPlayer3D.build/DerivedSources/GeneratedAssetSymbols.swift (in target 'SGFPlayer3D' from project 'SGFPlayer3D')

SwiftCompile normal arm64 /Users/Dave/Go/SGFPlayer\ Code/SGFPlayer3D/SGFPlayer3D/ContentView3D.swift (in target 'SGFPlayer3D' from project 'SGFPlayer3D')
    cd /Users/Dave/Go/SGFPlayer\ Code/SGFPlayer3D
    

SwiftCompile normal arm64 /Users/Dave/Go/SGFPlayer\ Code/SGFPlayer3D/SGFPlayer3D/Integration/ContentViewMigrationGuide.swift (in target 'SGFPlayer3D' from project 'SGFPlayer3D')
    cd /Users/Dave/Go/SGFPlayer\ Code/SGFPlayer3D
    

SwiftCompile normal arm64 /Users/Dave/Go/SGFPlayer\ Code/SGFPlayer3D/SGFPlayer3D/Physics/EnergyMinimizationModel.swift (in target 'SGFPlayer3D' from project 'SGFPlayer3D')
    cd /Users/Dave/Go/SGFPlayer\ Code/SGFPlayer3D
    

SwiftCompile normal arm64 /Users/dave/Library/Developer/Xcode/DerivedData/SGFPlayer3D-clytobqxdmoqeccwzekaxegwfyjh/Build/Intermediates.noindex/SGFPlayer3D.build/Debug/SGFPlayer3D.build/DerivedSources/GeneratedAssetSymbols.swift (in target 'SGFPlayer3D' from project 'SGFPlayer3D')
    cd /Users/Dave/Go/SGFPlayer\ Code/SGFPlayer3D
    

SwiftDriverJobDiscovery normal arm64 Emitting module for SGFPlayer3D (in target 'SGFPlayer3D' from project 'SGFPlayer3D')

SwiftDriver\ Compilation\ Requirements SGFPlayer3D normal arm64 com.apple.xcode.tools.swift.compiler (in target 'SGFPlayer3D' from project 'SGFPlayer3D')
    cd /Users/Dave/Go/SGFPlayer\ Code/SGFPlayer3D
    builtin-Swift-Compilation-Requirements -- /Applications/Xcode.app/Contents/Developer/Toolchains/XcodeDefault.xctoolchain/usr/bin/swiftc -module-name SGFPlayer3D -Onone -enforce-exclusivity\=checked @/Users/dave/Library/Developer/Xcode/DerivedData/SGFPlayer3D-clytobqxdmoqeccwzekaxegwfyjh/Build/Intermediates.noindex/SGFPlayer3D.build/Debug/SGFPlayer3D.build/Objects-normal/arm64/SGFPlayer3D.SwiftFileList -DDEBUG -enable-bare-slash-regex -enable-experimental-feature DebugDescriptionMacro -sdk /Applications/Xcode.app/Contents/Developer/Platforms/MacOSX.platform/Developer/SDKs/MacOSX15.5.sdk -target arm64-apple-macos15.5 -g -module-cache-path /Users/dave/Library/Developer/Xcode/DerivedData/ModuleCache.noindex -Xfrontend -serialize-debugging-options -enable-testing -index-store-path /Users/dave/Library/Developer/Xcode/DerivedData/SGFPlayer3D-clytobqxdmoqeccwzekaxegwfyjh/Index.noindex/DataStore -swift-version 5 -I /Users/dave/Library/Developer/Xcode/DerivedData/SGFPlayer3D-clytobqxdmoqeccwzekaxegwfyjh/Build/Products/Debug -F /Users/dave/Library/Developer/Xcode/DerivedData/SGFPlayer3D-clytobqxdmoqeccwzekaxegwfyjh/Build/Products/Debug -emit-localized-strings -emit-localized-strings-path /Users/dave/Library/Developer/Xcode/DerivedData/SGFPlayer3D-clytobqxdmoqeccwzekaxegwfyjh/Build/Intermediates.noindex/SGFPlayer3D.build/Debug/SGFPlayer3D.build/Objects-normal/arm64 -c -j10 -enable-batch-mode -incremental -Xcc -ivfsstatcache -Xcc /Users/dave/Library/Developer/Xcode/DerivedData/SDKStatCaches.noindex/macosx15.5-24F74-8254517eb8b97d462ccbc072ba9094c9.sdkstatcache -output-file-map /Users/dave/Library/Developer/Xcode/DerivedData/SGFPlayer3D-clytobqxdmoqeccwzekaxegwfyjh/Build/Intermediates.noindex/SGFPlayer3D.build/Debug/SGFPlayer3D.build/Objects-normal/arm64/SGFPlayer3D-OutputFileMap.json -use-frontend-parseable-output -save-temps -no-color-diagnostics -serialize-diagnostics -emit-dependencies -emit-module -emit-module-path /Users/dave/Library/Developer/Xcode/DerivedData/SGFPlayer3D-clytobqxdmoqeccwzekaxegwfyjh/Build/Intermediates.noindex/SGFPlayer3D.build/Debug/SGFPlayer3D.build/Objects-normal/arm64/SGFPlayer3D.swiftmodule -validate-clang-modules-once -clang-build-session-file /Users/dave/Library/Developer/Xcode/DerivedData/ModuleCache.noindex/Session.modulevalidation -Xcc -I/Users/dave/Library/Developer/Xcode/DerivedData/SGFPlayer3D-clytobqxdmoqeccwzekaxegwfyjh/Build/Intermediates.noindex/SGFPlayer3D.build/Debug/SGFPlayer3D.build/swift-overrides.hmap -emit-const-values -Xfrontend -const-gather-protocols-file -Xfrontend /Users/dave/Library/Developer/Xcode/DerivedData/SGFPlayer3D-clytobqxdmoqeccwzekaxegwfyjh/Build/Intermediates.noindex/SGFPlayer3D.build/Debug/SGFPlayer3D.build/Objects-normal/arm64/SGFPlayer3D_const_extract_protocols.json -Xcc -iquote -Xcc /Users/dave/Library/Developer/Xcode/DerivedData/SGFPlayer3D-clytobqxdmoqeccwzekaxegwfyjh/Build/Intermediates.noindex/SGFPlayer3D.build/Debug/SGFPlayer3D.build/SGFPlayer3D-generated-files.hmap -Xcc -I/Users/dave/Library/Developer/Xcode/DerivedData/SGFPlayer3D-clytobqxdmoqeccwzekaxegwfyjh/Build/Intermediates.noindex/SGFPlayer3D.build/Debug/SGFPlayer3D.build/SGFPlayer3D-own-target-headers.hmap -Xcc -I/Users/dave/Library/Developer/Xcode/DerivedData/SGFPlayer3D-clytobqxdmoqeccwzekaxegwfyjh/Build/Intermediates.noindex/SGFPlayer3D.build/Debug/SGFPlayer3D.build/SGFPlayer3D-all-target-headers.hmap -Xcc -iquote -Xcc /Users/dave/Library/Developer/Xcode/DerivedData/SGFPlayer3D-clytobqxdmoqeccwzekaxegwfyjh/Build/Intermediates.noindex/SGFPlayer3D.build/Debug/SGFPlayer3D.build/SGFPlayer3D-project-headers.hmap -Xcc -I/Users/dave/Library/Developer/Xcode/DerivedData/SGFPlayer3D-clytobqxdmoqeccwzekaxegwfyjh/Build/Products/Debug/include -Xcc -I/Users/dave/Library/Developer/Xcode/DerivedData/SGFPlayer3D-clytobqxdmoqeccwzekaxegwfyjh/Build/Intermediates.noindex/SGFPlayer3D.build/Debug/SGFPlayer3D.build/DerivedSources-normal/arm64 -Xcc -I/Users/dave/Library/Developer/Xcode/DerivedData/SGFPlayer3D-clytobqxdmoqeccwzekaxegwfyjh/Build/Intermediates.noindex/SGFPlayer3D.build/Debug/SGFPlayer3D.build/DerivedSources/arm64 -Xcc -I/Users/dave/Library/Developer/Xcode/DerivedData/SGFPlayer3D-clytobqxdmoqeccwzekaxegwfyjh/Build/Intermediates.noindex/SGFPlayer3D.build/Debug/SGFPlayer3D.build/DerivedSources -Xcc -DDEBUG\=1 -emit-objc-header -emit-objc-header-path /Users/dave/Library/Developer/Xcode/DerivedData/SGFPlayer3D-clytobqxdmoqeccwzekaxegwfyjh/Build/Intermediates.noindex/SGFPlayer3D.build/Debug/SGFPlayer3D.build/Objects-normal/arm64/SGFPlayer3D-Swift.h -working-directory /Users/Dave/Go/SGFPlayer\ Code/SGFPlayer3D -experimental-emit-module-separately -disable-cmo

SwiftDriverJobDiscovery normal arm64 Compiling ContentViewModification.swift, BowlPhysics.swift, StoneJitter.swift, Logger.swift, DebugConfig.swift (in target 'SGFPlayer3D' from project 'SGFPlayer3D')

SwiftCompile normal arm64 Compiling\ NativeTextFieldTest.swift,\ SoundManager.swift,\ SpiralPhysicsModel.swift,\ ControlsView.swift /Users/Dave/Go/SGFPlayer\ Code/SGFPlayer3D/SGFPlayer3D/Views/NativeTextFieldTest.swift /Users/Dave/Go/SGFPlayer\ Code/SGFPlayer3D/SGFPlayer3D/SoundManager.swift /Users/Dave/Go/SGFPlayer\ Code/SGFPlayer3D/SGFPlayer3D/Physics/SpiralPhysicsModel.swift /Users/Dave/Go/SGFPlayer\ Code/SGFPlayer3D/SGFPlayer3D/Views/ControlsView.swift (in target 'SGFPlayer3D' from project 'SGFPlayer3D')

SwiftCompile normal arm64 /Users/Dave/Go/SGFPlayer\ Code/SGFPlayer3D/SGFPlayer3D/Views/NativeTextFieldTest.swift (in target 'SGFPlayer3D' from project 'SGFPlayer3D')
    cd /Users/Dave/Go/SGFPlayer\ Code/SGFPlayer3D
    

SwiftCompile normal arm64 /Users/Dave/Go/SGFPlayer\ Code/SGFPlayer3D/SGFPlayer3D/SoundManager.swift (in target 'SGFPlayer3D' from project 'SGFPlayer3D')
    cd /Users/Dave/Go/SGFPlayer\ Code/SGFPlayer3D
    

SwiftCompile normal arm64 /Users/Dave/Go/SGFPlayer\ Code/SGFPlayer3D/SGFPlayer3D/Physics/SpiralPhysicsModel.swift (in target 'SGFPlayer3D' from project 'SGFPlayer3D')
    cd /Users/Dave/Go/SGFPlayer\ Code/SGFPlayer3D
    

SwiftCompile normal arm64 /Users/Dave/Go/SGFPlayer\ Code/SGFPlayer3D/SGFPlayer3D/Views/ControlsView.swift (in target 'SGFPlayer3D' from project 'SGFPlayer3D')
    cd /Users/Dave/Go/SGFPlayer\ Code/SGFPlayer3D
    

SwiftMergeGeneratedHeaders /Users/dave/Library/Developer/Xcode/DerivedData/SGFPlayer3D-clytobqxdmoqeccwzekaxegwfyjh/Build/Intermediates.noindex/SGFPlayer3D.build/Debug/SGFPlayer3D.build/DerivedSources/SGFPlayer3D-Swift.h /Users/dave/Library/Developer/Xcode/DerivedData/SGFPlayer3D-clytobqxdmoqeccwzekaxegwfyjh/Build/Intermediates.noindex/SGFPlayer3D.build/Debug/SGFPlayer3D.build/Objects-normal/arm64/SGFPlayer3D-Swift.h (in target 'SGFPlayer3D' from project 'SGFPlayer3D')
    cd /Users/Dave/Go/SGFPlayer\ Code/SGFPlayer3D
    builtin-swiftHeaderTool -arch arm64 /Users/dave/Library/Developer/Xcode/DerivedData/SGFPlayer3D-clytobqxdmoqeccwzekaxegwfyjh/Build/Intermediates.noindex/SGFPlayer3D.build/Debug/SGFPlayer3D.build/Objects-normal/arm64/SGFPlayer3D-Swift.h -o /Users/dave/Library/Developer/Xcode/DerivedData/SGFPlayer3D-clytobqxdmoqeccwzekaxegwfyjh/Build/Intermediates.noindex/SGFPlayer3D.build/Debug/SGFPlayer3D.build/DerivedSources/SGFPlayer3D-Swift.h

** BUILD FAILED **


The following build commands failed:
	SwiftCompile normal arm64 Compiling\ ContentView.swift,\ PhysicsEngine.swift,\ OGSClient.swift,\ GameInfoBar.swift /Users/Dave/Go/SGFPlayer\ Code/SGFPlayer3D/SGFPlayer3D/ContentView.swift /Users/Dave/Go/SGFPlayer\ Code/SGFPlayer3D/SGFPlayer3D/Physics/PhysicsEngine.swift /Users/Dave/Go/SGFPlayer\ Code/SGFPlayer3D/SGFPlayer3D/OGSClient.swift /Users/Dave/Go/SGFPlayer\ Code/SGFPlayer3D/SGFPlayer3D/Views/GameInfoBar.swift (in target 'SGFPlayer3D' from project 'SGFPlayer3D')
	SwiftCompile normal arm64 /Users/Dave/Go/SGFPlayer\ Code/SGFPlayer3D/SGFPlayer3D/OGSClient.swift (in target 'SGFPlayer3D' from project 'SGFPlayer3D')
	Building project SGFPlayer3D with scheme SGFPlayer3D and configuration Debug
(3 failures)
