Command line invocation:
    /Applications/Xcode.app/Contents/Developer/usr/bin/xcodebuild -project SGFPlayer3D.xcodeproj -scheme SGFPlayer3D -configuration Debug build

--- xcodebuild: WARNING: Using the first of multiple matching destinations:
{ platform:macOS, arch:arm64, id:00006001-001271800A02801E, name:My Mac }
{ platform:macOS, arch:x86_64, id:00006001-001271800A02801E, name:My Mac }
{ platform:macOS, name:Any Mac }
ComputePackagePrebuildTargetDependencyGraph

Prepare packages

CreateBuildRequest

SendProjectDescription

CreateBuildOperation

ComputeTargetDependencyGraph
note: Building targets in dependency order
note: Target dependency graph (1 target)
    Target 'SGFPlayer3D' in project 'SGFPlayer3D' (no dependencies)

GatherProvisioningInputs

CreateBuildDescription

ExecuteExternalTool /Applications/Xcode.app/Contents/Developer/Toolchains/XcodeDefault.xctoolchain/usr/bin/clang -v -E -dM -isysroot /Applications/Xcode.app/Contents/Developer/Platforms/MacOSX.platform/Developer/SDKs/MacOSX15.5.sdk -x c -c /dev/null

ExecuteExternalTool /Applications/Xcode.app/Contents/Developer/usr/bin/actool --version --output-format xml1

ExecuteExternalTool /Applications/Xcode.app/Contents/Developer/Toolchains/XcodeDefault.xctoolchain/usr/bin/swiftc --version

ExecuteExternalTool /Applications/Xcode.app/Contents/Developer/Toolchains/XcodeDefault.xctoolchain/usr/bin/ld -version_details

Build description signature: 7d608720c0e32401b33858baf7da4776
Build description path: /Users/dave/Library/Developer/Xcode/DerivedData/SGFPlayer3D-clytobqxdmoqeccwzekaxegwfyjh/Build/Intermediates.noindex/XCBuildData/7d608720c0e32401b33858baf7da4776.xcbuilddata
ClangStatCache /Applications/Xcode.app/Contents/Developer/Toolchains/XcodeDefault.xctoolchain/usr/bin/clang-stat-cache /Applications/Xcode.app/Contents/Developer/Platforms/MacOSX.platform/Developer/SDKs/MacOSX15.5.sdk /Users/dave/Library/Developer/Xcode/DerivedData/SDKStatCaches.noindex/macosx15.5-24F74-8254517eb8b97d462ccbc072ba9094c9.sdkstatcache
    cd /Users/Dave/Go/SGFPlayer\ Code/SGFPlayer3D/SGFPlayer3D.xcodeproj
    /Applications/Xcode.app/Contents/Developer/Toolchains/XcodeDefault.xctoolchain/usr/bin/clang-stat-cache /Applications/Xcode.app/Contents/Developer/Platforms/MacOSX.platform/Developer/SDKs/MacOSX15.5.sdk -o /Users/dave/Library/Developer/Xcode/DerivedData/SDKStatCaches.noindex/macosx15.5-24F74-8254517eb8b97d462ccbc072ba9094c9.sdkstatcache

WriteAuxiliaryFile /Users/dave/Library/Developer/Xcode/DerivedData/SGFPlayer3D-clytobqxdmoqeccwzekaxegwfyjh/Build/Intermediates.noindex/SGFPlayer3D.build/Debug/SGFPlayer3D.build/Objects-normal/arm64/SGFPlayer3D.LinkFileList (in target 'SGFPlayer3D' from project 'SGFPlayer3D')
    cd /Users/Dave/Go/SGFPlayer\ Code/SGFPlayer3D
    write-file /Users/dave/Library/Developer/Xcode/DerivedData/SGFPlayer3D-clytobqxdmoqeccwzekaxegwfyjh/Build/Intermediates.noindex/SGFPlayer3D.build/Debug/SGFPlayer3D.build/Objects-normal/arm64/SGFPlayer3D.LinkFileList

WriteAuxiliaryFile /Users/dave/Library/Developer/Xcode/DerivedData/SGFPlayer3D-clytobqxdmoqeccwzekaxegwfyjh/Build/Intermediates.noindex/SGFPlayer3D.build/Debug/SGFPlayer3D.build/Objects-normal/arm64/SGFPlayer3D.SwiftConstValuesFileList (in target 'SGFPlayer3D' from project 'SGFPlayer3D')
    cd /Users/Dave/Go/SGFPlayer\ Code/SGFPlayer3D
    write-file /Users/dave/Library/Developer/Xcode/DerivedData/SGFPlayer3D-clytobqxdmoqeccwzekaxegwfyjh/Build/Intermediates.noindex/SGFPlayer3D.build/Debug/SGFPlayer3D.build/Objects-normal/arm64/SGFPlayer3D.SwiftConstValuesFileList

WriteAuxiliaryFile /Users/dave/Library/Developer/Xcode/DerivedData/SGFPlayer3D-clytobqxdmoqeccwzekaxegwfyjh/Build/Intermediates.noindex/SGFPlayer3D.build/Debug/SGFPlayer3D.build/Objects-normal/arm64/SGFPlayer3D.SwiftFileList (in target 'SGFPlayer3D' from project 'SGFPlayer3D')
    cd /Users/Dave/Go/SGFPlayer\ Code/SGFPlayer3D
    write-file /Users/dave/Library/Developer/Xcode/DerivedData/SGFPlayer3D-clytobqxdmoqeccwzekaxegwfyjh/Build/Intermediates.noindex/SGFPlayer3D.build/Debug/SGFPlayer3D.build/Objects-normal/arm64/SGFPlayer3D.SwiftFileList

ProcessProductPackaging /Users/Dave/Go/SGFPlayer\ Code/SGFPlayer3D/SGFPlayer3D/SGFPlayer3D.entitlements /Users/dave/Library/Developer/Xcode/DerivedData/SGFPlayer3D-clytobqxdmoqeccwzekaxegwfyjh/Build/Intermediates.noindex/SGFPlayer3D.build/Debug/SGFPlayer3D.build/SGFPlayer3D.app.xcent (in target 'SGFPlayer3D' from project 'SGFPlayer3D')
    cd /Users/Dave/Go/SGFPlayer\ Code/SGFPlayer3D
    
    Entitlements:
    
    {
    "com.apple.security.app-sandbox" = 0;
    "com.apple.security.assets.movies.read-only" = 1;
    "com.apple.security.assets.music.read-only" = 1;
    "com.apple.security.assets.pictures.read-only" = 1;
    "com.apple.security.files.bookmarks.app-scope" = 1;
    "com.apple.security.files.downloads.read-only" = 1;
    "com.apple.security.files.user-selected.read-only" = 1;
    "com.apple.security.get-task-allow" = 1;
    "com.apple.security.network.client" = 1;
    "com.apple.security.personal-information.addressbook" = 1;
}
    
    builtin-productPackagingUtility /Users/Dave/Go/SGFPlayer\ Code/SGFPlayer3D/SGFPlayer3D/SGFPlayer3D.entitlements -entitlements -format xml -o /Users/dave/Library/Developer/Xcode/DerivedData/SGFPlayer3D-clytobqxdmoqeccwzekaxegwfyjh/Build/Intermediates.noindex/SGFPlayer3D.build/Debug/SGFPlayer3D.build/SGFPlayer3D.app.xcent

ProcessProductPackagingDER /Users/dave/Library/Developer/Xcode/DerivedData/SGFPlayer3D-clytobqxdmoqeccwzekaxegwfyjh/Build/Intermediates.noindex/SGFPlayer3D.build/Debug/SGFPlayer3D.build/SGFPlayer3D.app.xcent /Users/dave/Library/Developer/Xcode/DerivedData/SGFPlayer3D-clytobqxdmoqeccwzekaxegwfyjh/Build/Intermediates.noindex/SGFPlayer3D.build/Debug/SGFPlayer3D.build/SGFPlayer3D.app.xcent.der (in target 'SGFPlayer3D' from project 'SGFPlayer3D')
    cd /Users/Dave/Go/SGFPlayer\ Code/SGFPlayer3D
    /usr/bin/derq query -f xml -i /Users/dave/Library/Developer/Xcode/DerivedData/SGFPlayer3D-clytobqxdmoqeccwzekaxegwfyjh/Build/Intermediates.noindex/SGFPlayer3D.build/Debug/SGFPlayer3D.build/SGFPlayer3D.app.xcent -o /Users/dave/Library/Developer/Xcode/DerivedData/SGFPlayer3D-clytobqxdmoqeccwzekaxegwfyjh/Build/Intermediates.noindex/SGFPlayer3D.build/Debug/SGFPlayer3D.build/SGFPlayer3D.app.xcent.der --raw

SwiftDriver SGFPlayer3D normal arm64 com.apple.xcode.tools.swift.compiler (in target 'SGFPlayer3D' from project 'SGFPlayer3D')
    cd /Users/Dave/Go/SGFPlayer\ Code/SGFPlayer3D
    builtin-SwiftDriver -- /Applications/Xcode.app/Contents/Developer/Toolchains/XcodeDefault.xctoolchain/usr/bin/swiftc -module-name SGFPlayer3D -Onone -enforce-exclusivity\=checked @/Users/dave/Library/Developer/Xcode/DerivedData/SGFPlayer3D-clytobqxdmoqeccwzekaxegwfyjh/Build/Intermediates.noindex/SGFPlayer3D.build/Debug/SGFPlayer3D.build/Objects-normal/arm64/SGFPlayer3D.SwiftFileList -DDEBUG -enable-bare-slash-regex -enable-experimental-feature DebugDescriptionMacro -sdk /Applications/Xcode.app/Contents/Developer/Platforms/MacOSX.platform/Developer/SDKs/MacOSX15.5.sdk -target arm64-apple-macos15.5 -g -module-cache-path /Users/dave/Library/Developer/Xcode/DerivedData/ModuleCache.noindex -Xfrontend -serialize-debugging-options -enable-testing -index-store-path /Users/dave/Library/Developer/Xcode/DerivedData/SGFPlayer3D-clytobqxdmoqeccwzekaxegwfyjh/Index.noindex/DataStore -swift-version 5 -I /Users/dave/Library/Developer/Xcode/DerivedData/SGFPlayer3D-clytobqxdmoqeccwzekaxegwfyjh/Build/Products/Debug -F /Users/dave/Library/Developer/Xcode/DerivedData/SGFPlayer3D-clytobqxdmoqeccwzekaxegwfyjh/Build/Products/Debug -emit-localized-strings -emit-localized-strings-path /Users/dave/Library/Developer/Xcode/DerivedData/SGFPlayer3D-clytobqxdmoqeccwzekaxegwfyjh/Build/Intermediates.noindex/SGFPlayer3D.build/Debug/SGFPlayer3D.build/Objects-normal/arm64 -c -j10 -enable-batch-mode -incremental -Xcc -ivfsstatcache -Xcc /Users/dave/Library/Developer/Xcode/DerivedData/SDKStatCaches.noindex/macosx15.5-24F74-8254517eb8b97d462ccbc072ba9094c9.sdkstatcache -output-file-map /Users/dave/Library/Developer/Xcode/DerivedData/SGFPlayer3D-clytobqxdmoqeccwzekaxegwfyjh/Build/Intermediates.noindex/SGFPlayer3D.build/Debug/SGFPlayer3D.build/Objects-normal/arm64/SGFPlayer3D-OutputFileMap.json -use-frontend-parseable-output -save-temps -no-color-diagnostics -serialize-diagnostics -emit-dependencies -emit-module -emit-module-path /Users/dave/Library/Developer/Xcode/DerivedData/SGFPlayer3D-clytobqxdmoqeccwzekaxegwfyjh/Build/Intermediates.noindex/SGFPlayer3D.build/Debug/SGFPlayer3D.build/Objects-normal/arm64/SGFPlayer3D.swiftmodule -validate-clang-modules-once -clang-build-session-file /Users/dave/Library/Developer/Xcode/DerivedData/ModuleCache.noindex/Session.modulevalidation -Xcc -I/Users/dave/Library/Developer/Xcode/DerivedData/SGFPlayer3D-clytobqxdmoqeccwzekaxegwfyjh/Build/Intermediates.noindex/SGFPlayer3D.build/Debug/SGFPlayer3D.build/swift-overrides.hmap -emit-const-values -Xfrontend -const-gather-protocols-file -Xfrontend /Users/dave/Library/Developer/Xcode/DerivedData/SGFPlayer3D-clytobqxdmoqeccwzekaxegwfyjh/Build/Intermediates.noindex/SGFPlayer3D.build/Debug/SGFPlayer3D.build/Objects-normal/arm64/SGFPlayer3D_const_extract_protocols.json -Xcc -iquote -Xcc /Users/dave/Library/Developer/Xcode/DerivedData/SGFPlayer3D-clytobqxdmoqeccwzekaxegwfyjh/Build/Intermediates.noindex/SGFPlayer3D.build/Debug/SGFPlayer3D.build/SGFPlayer3D-generated-files.hmap -Xcc -I/Users/dave/Library/Developer/Xcode/DerivedData/SGFPlayer3D-clytobqxdmoqeccwzekaxegwfyjh/Build/Intermediates.noindex/SGFPlayer3D.build/Debug/SGFPlayer3D.build/SGFPlayer3D-own-target-headers.hmap -Xcc -I/Users/dave/Library/Developer/Xcode/DerivedData/SGFPlayer3D-clytobqxdmoqeccwzekaxegwfyjh/Build/Intermediates.noindex/SGFPlayer3D.build/Debug/SGFPlayer3D.build/SGFPlayer3D-all-target-headers.hmap -Xcc -iquote -Xcc /Users/dave/Library/Developer/Xcode/DerivedData/SGFPlayer3D-clytobqxdmoqeccwzekaxegwfyjh/Build/Intermediates.noindex/SGFPlayer3D.build/Debug/SGFPlayer3D.build/SGFPlayer3D-project-headers.hmap -Xcc -I/Users/dave/Library/Developer/Xcode/DerivedData/SGFPlayer3D-clytobqxdmoqeccwzekaxegwfyjh/Build/Products/Debug/include -Xcc -I/Users/dave/Library/Developer/Xcode/DerivedData/SGFPlayer3D-clytobqxdmoqeccwzekaxegwfyjh/Build/Intermediates.noindex/SGFPlayer3D.build/Debug/SGFPlayer3D.build/DerivedSources-normal/arm64 -Xcc -I/Users/dave/Library/Developer/Xcode/DerivedData/SGFPlayer3D-clytobqxdmoqeccwzekaxegwfyjh/Build/Intermediates.noindex/SGFPlayer3D.build/Debug/SGFPlayer3D.build/DerivedSources/arm64 -Xcc -I/Users/dave/Library/Developer/Xcode/DerivedData/SGFPlayer3D-clytobqxdmoqeccwzekaxegwfyjh/Build/Intermediates.noindex/SGFPlayer3D.build/Debug/SGFPlayer3D.build/DerivedSources -Xcc -DDEBUG\=1 -emit-objc-header -emit-objc-header-path /Users/dave/Library/Developer/Xcode/DerivedData/SGFPlayer3D-clytobqxdmoqeccwzekaxegwfyjh/Build/Intermediates.noindex/SGFPlayer3D.build/Debug/SGFPlayer3D.build/Objects-normal/arm64/SGFPlayer3D-Swift.h -working-directory /Users/Dave/Go/SGFPlayer\ Code/SGFPlayer3D -experimental-emit-module-separately -disable-cmo

ProcessInfoPlistFile /Users/dave/Library/Developer/Xcode/DerivedData/SGFPlayer3D-clytobqxdmoqeccwzekaxegwfyjh/Build/Products/Debug/SGFPlayer3D.app/Contents/Info.plist /Users/dave/Library/Developer/Xcode/DerivedData/SGFPlayer3D-clytobqxdmoqeccwzekaxegwfyjh/Build/Intermediates.noindex/SGFPlayer3D.build/Debug/SGFPlayer3D.build/empty-SGFPlayer3D.plist (in target 'SGFPlayer3D' from project 'SGFPlayer3D')
    cd /Users/Dave/Go/SGFPlayer\ Code/SGFPlayer3D
    builtin-infoPlistUtility /Users/dave/Library/Developer/Xcode/DerivedData/SGFPlayer3D-clytobqxdmoqeccwzekaxegwfyjh/Build/Intermediates.noindex/SGFPlayer3D.build/Debug/SGFPlayer3D.build/empty-SGFPlayer3D.plist -producttype com.apple.product-type.application -genpkginfo /Users/dave/Library/Developer/Xcode/DerivedData/SGFPlayer3D-clytobqxdmoqeccwzekaxegwfyjh/Build/Products/Debug/SGFPlayer3D.app/Contents/PkgInfo -expandbuildsettings -platform macosx -additionalcontentfile /Users/dave/Library/Developer/Xcode/DerivedData/SGFPlayer3D-clytobqxdmoqeccwzekaxegwfyjh/Build/Intermediates.noindex/SGFPlayer3D.build/Debug/SGFPlayer3D.build/assetcatalog_generated_info.plist -o /Users/dave/Library/Developer/Xcode/DerivedData/SGFPlayer3D-clytobqxdmoqeccwzekaxegwfyjh/Build/Products/Debug/SGFPlayer3D.app/Contents/Info.plist

SwiftEmitModule normal arm64 Emitting\ module\ for\ SGFPlayer3D (in target 'SGFPlayer3D' from project 'SGFPlayer3D')

EmitSwiftModule normal arm64 (in target 'SGFPlayer3D' from project 'SGFPlayer3D')
    cd /Users/Dave/Go/SGFPlayer\ Code/SGFPlayer3D
    

SwiftCompile normal arm64 Compiling\ ContentView3D.swift /Users/Dave/Go/SGFPlayer\ Code/SGFPlayer3D/SGFPlayer3D/ContentView3D.swift (in target 'SGFPlayer3D' from project 'SGFPlayer3D')
SwiftCompile normal arm64 /Users/Dave/Go/SGFPlayer\ Code/SGFPlayer3D/SGFPlayer3D/ContentView3D.swift (in target 'SGFPlayer3D' from project 'SGFPlayer3D')
    cd /Users/Dave/Go/SGFPlayer\ Code/SGFPlayer3D
    
